Archive member included to satisfy reference by file (symbol)

app/libapp.a(main.c.obj)      (--whole-archive)
zephyr/libzephyr.a(heap.c.obj)
                              (--whole-archive)
zephyr/libzephyr.a(cbprintf_packaged.c.obj)
                              (--whole-archive)
zephyr/libzephyr.a(printk.c.obj)
                              (--whole-archive)
zephyr/libzephyr.a(sem.c.obj)
                              (--whole-archive)
zephyr/libzephyr.a(thread_entry.c.obj)
                              (--whole-archive)
zephyr/libzephyr.a(cbprintf_complete.c.obj)
                              (--whole-archive)
zephyr/libzephyr.a(assert.c.obj)
                              (--whole-archive)
zephyr/libzephyr.a(reboot.c.obj)
                              (--whole-archive)
zephyr/libzephyr.a(dec.c.obj)
                              (--whole-archive)
zephyr/libzephyr.a(hex.c.obj)
                              (--whole-archive)
zephyr/libzephyr.a(rb.c.obj)  (--whole-archive)
zephyr/libzephyr.a(timeutil.c.obj)
                              (--whole-archive)
zephyr/libzephyr.a(bitarray.c.obj)
                              (--whole-archive)
zephyr/libzephyr.a(configs.c.obj)
                              (--whole-archive)
zephyr/libzephyr.a(stm32cube_hal.c.obj)
                              (--whole-archive)
zephyr/libzephyr.a(soc_config.c.obj)
                              (--whole-archive)
zephyr/libzephyr.a(soc.c.obj)
                              (--whole-archive)
zephyr/libzephyr.a(mem_attr.c.obj)
                              (--whole-archive)
zephyr/libzephyr.a(tracing_none.c.obj)
                              (--whole-archive)
zephyr/arch/common/libarch__common.a(sw_isr_common.c.obj)
                              (--whole-archive)
zephyr/arch/arch/arm/core/libarch__arm__core.a(fatal.c.obj)
                              (--whole-archive)
zephyr/arch/arch/arm/core/libarch__arm__core.a(nmi.c.obj)
                              (--whole-archive)
zephyr/arch/arch/arm/core/libarch__arm__core.a(nmi_on_reset.S.obj)
                              (--whole-archive)
zephyr/arch/arch/arm/core/libarch__arm__core.a(tls.c.obj)
                              (--whole-archive)
zephyr/arch/arch/arm/core/cortex_m/libarch__arm__core__cortex_m.a(exc_exit.c.obj)
                              (--whole-archive)
zephyr/arch/arch/arm/core/cortex_m/libarch__arm__core__cortex_m.a(fault.c.obj)
                              (--whole-archive)
zephyr/arch/arch/arm/core/cortex_m/libarch__arm__core__cortex_m.a(fault_s.S.obj)
                              (--whole-archive)
zephyr/arch/arch/arm/core/cortex_m/libarch__arm__core__cortex_m.a(fpu.c.obj)
                              (--whole-archive)
zephyr/arch/arch/arm/core/cortex_m/libarch__arm__core__cortex_m.a(reset.S.obj)
                              (--whole-archive)
zephyr/arch/arch/arm/core/cortex_m/libarch__arm__core__cortex_m.a(scb.c.obj)
                              (--whole-archive)
zephyr/arch/arch/arm/core/cortex_m/libarch__arm__core__cortex_m.a(thread_abort.c.obj)
                              (--whole-archive)
zephyr/arch/arch/arm/core/cortex_m/libarch__arm__core__cortex_m.a(vector_table.S.obj)
                              (--whole-archive)
zephyr/arch/arch/arm/core/cortex_m/libarch__arm__core__cortex_m.a(swap.c.obj)
                              (--whole-archive)
zephyr/arch/arch/arm/core/cortex_m/libarch__arm__core__cortex_m.a(swap_helper.S.obj)
                              (--whole-archive)
zephyr/arch/arch/arm/core/cortex_m/libarch__arm__core__cortex_m.a(irq_manage.c.obj)
                              (--whole-archive)
zephyr/arch/arch/arm/core/cortex_m/libarch__arm__core__cortex_m.a(prep_c.c.obj)
                              (--whole-archive)
zephyr/arch/arch/arm/core/cortex_m/libarch__arm__core__cortex_m.a(thread.c.obj)
                              (--whole-archive)
zephyr/arch/arch/arm/core/cortex_m/libarch__arm__core__cortex_m.a(cpu_idle.c.obj)
                              (--whole-archive)
zephyr/arch/arch/arm/core/cortex_m/libarch__arm__core__cortex_m.a(irq_init.c.obj)
                              (--whole-archive)
zephyr/arch/arch/arm/core/cortex_m/libarch__arm__core__cortex_m.a(isr_wrapper.c.obj)
                              (--whole-archive)
zephyr/arch/arch/arm/core/cortex_m/libarch__arm__core__cortex_m.a(__aeabi_read_tp.S.obj)
                              (--whole-archive)
zephyr/arch/arch/arm/core/mpu/libarch__arm__core__mpu.a(arm_core_mpu.c.obj)
                              (--whole-archive)
zephyr/arch/arch/arm/core/mpu/libarch__arm__core__mpu.a(arm_mpu.c.obj)
                              (--whole-archive)
zephyr/arch/arch/arm/core/mpu/libarch__arm__core__mpu.a(arm_mpu_regions.c.obj)
                              (--whole-archive)
zephyr/lib/libc/picolibc/liblib__libc__picolibc.a(libc-hooks.c.obj)
                              (--whole-archive)
zephyr/lib/libc/common/liblib__libc__common.a(abort.c.obj)
                              (--whole-archive)
[...]
Memory Configuration

Name             Origin             Length             Attributes
FLASH            0x0000000008000000 0x0000000000080000 xr
RAM              0x0000000020000000 0x0000000000020000 xw
IDT_LIST         0x00000000ffff7fff 0x0000000000008000 xw
*default*        0x0000000000000000 0xffffffffffffffff

Linker script and memory map

                0x000000000800343c                vfprintf = __l_vfprintf
                0x0000000000000000                vfscanf = __l_vfscanf
LOAD zephyr/CMakeFiles/zephyr_final.dir/misc/empty_file.c.obj
LOAD zephyr/CMakeFiles/zephyr_final.dir/isr_tables.c.obj
LOAD zephyr/CMakeFiles/offsets.dir/./arch/arm/core/offsets/offsets.c.obj
LOAD app/libapp.a
LOAD zephyr/libzephyr.a
LOAD zephyr/arch/common/libarch__common.a
LOAD zephyr/arch/arch/arm/core/libarch__arm__core.a
LOAD zephyr/arch/arch/arm/core/cortex_m/libarch__arm__core__cortex_m.a
LOAD zephyr/arch/arch/arm/core/mpu/libarch__arm__core__mpu.a
LOAD zephyr/lib/libc/picolibc/liblib__libc__picolibc.a
LOAD zephyr/lib/libc/common/liblib__libc__common.a
LOAD zephyr/drivers/interrupt_controller/libdrivers__interrupt_controller.a
LOAD zephyr/drivers/clock_control/libdrivers__clock_control.a
LOAD zephyr/drivers/console/libdrivers__console.a
LOAD zephyr/drivers/dma/libdrivers__dma.a
LOAD zephyr/drivers/gpio/libdrivers__gpio.a
LOAD zephyr/drivers/pinctrl/libdrivers__pinctrl.a
LOAD zephyr/drivers/reset/libdrivers__reset.a
LOAD zephyr/drivers/serial/libdrivers__serial.a
LOAD zephyr/drivers/timer/libdrivers__timer.a
LOAD modules/stm32/stm32cube/lib..__modules__hal__stm32__stm32cube.a
LOAD zephyr/kernel/libkernel.a
LOAD /home/giang/zephyr-sdk-0.16.5-1/arm-zephyr-eabi/bin/../lib/gcc/arm-zephyr-eabi/12.2.0/thumb/v7e-m/nofp/libgcc.a
LOAD zephyr/arch/common/libisr_tables.a
LOAD /home/giang/zephyr-sdk-0.16.5-1/arm-zephyr-eabi/bin/../lib/gcc/../../picolibc/arm-zephyr-eabi/lib/thumb/v7e-m/nofp/libc.a
LOAD /home/giang/zephyr-sdk-0.16.5-1/arm-zephyr-eabi/bin/../lib/gcc/arm-zephyr-eabi/12.2.0/thumb/v7e-m/nofp/libgcc.a
                0x0000000000000020                _region_min_align = 0x20

.rel.plt        0x0000000008000000        0x0
 *(SORT_BY_ALIGNMENT(.rel.plt))
                [!provide]                        PROVIDE (__rel_iplt_start = .)
 *(SORT_BY_ALIGNMENT(.rel.iplt))
 .rel.iplt      0x0000000008000000        0x0 zephyr/CMakeFiles/zephyr_final.dir/isr_tables.c.obj
                [!provide]                        PROVIDE (__rel_iplt_end = .)

.rela.plt       0x0000000000000000        0x0
 *(SORT_BY_ALIGNMENT(.rela.plt))
                [!provide]                        PROVIDE (__rela_iplt_start = .)
 *(SORT_BY_ALIGNMENT(.rela.iplt))
                [!provide]                        PROVIDE (__rela_iplt_end = .)

.rel.dyn
 *(SORT_BY_ALIGNMENT(.rel.*))

.rela.dyn
 *(SORT_BY_ALIGNMENT(.rela.*))

/DISCARD/
 *(SORT_BY_ALIGNMENT(.plt))

/DISCARD/
 *(SORT_BY_ALIGNMENT(.iplt))
                0x0000000008000000                __rom_region_start = 0x8000000

rom_start       0x0000000008000000      0x198
                0x0000000008000000                __rom_start_address = .
 FILL mask 0x00
                0x0000000008000000                . = (. + (0x0 - (. - __rom_start_address)))
                0x0000000008000000                . = ALIGN (0x4)
                0x0000000008000000                . = ALIGN (0x80)
                0x0000000008000000                . = ALIGN (0x200)
                0x0000000008000000                _vector_start = .
 *(SORT_BY_ALIGNMENT(.exc_vector_table))
 *(SORT_BY_ALIGNMENT(.exc_vector_table.*))
 .exc_vector_table._vector_table_section
                0x0000000008000000       0x40 zephyr/arch/arch/arm/core/cortex_m/libarch__arm__core__cortex_m.a(vector_table.S.obj)
                0x0000000008000000                _vector_table
 *(SORT_BY_ALIGNMENT(.vectors))
                0x0000000008000198                _vector_end = .
                0x0000000008000040                . = ALIGN (0x4)
 *(SORT_BY_ALIGNMENT(.gnu.linkonce.irq_vector_table*))
 .gnu.linkonce.irq_vector_table
                0x0000000008000040      0x158 zephyr/CMakeFiles/zephyr_final.dir/isr_tables.c.obj
                0x0000000008000040                _irq_vector_table
                0x0000000008000198                _vector_end = .

text            0x0000000008000198     0x5044
                0x0000000008000198                __text_region_start = .
 *(SORT_BY_ALIGNMENT(.text))
 .text          0x0000000008000198       0x30 /home/giang/zephyr-sdk-0.16.5-1/arm-zephyr-eabi/bin/../lib/gcc/arm-zephyr-eabi/12.2.0/thumb/v7e-m/nofp/libgcc.a(_aeabi_uldivmod.o)
                0x0000000008000198                __aeabi_uldivmod
 .text          0x00000000080001c8        0x4 /home/giang/zephyr-sdk-0.16.5-1/arm-zephyr-eabi/bin/../lib/gcc/arm-zephyr-eabi/12.2.0/thumb/v7e-m/nofp/libgcc.a(_dvmd_tls.o)
                0x00000000080001c8                __aeabi_ldiv0
                0x00000000080001c8                __aeabi_idiv0
 .text          0x00000000080001cc      0x2a0 /home/giang/zephyr-sdk-0.16.5-1/arm-zephyr-eabi/bin/../lib/gcc/arm-zephyr-eabi/12.2.0/thumb/v7e-m/nofp/libgcc.a(_udivmoddi4.o)
                0x00000000080001cc                __udivmoddi4
 .text          0x000000000800046c       0x10 /home/giang/zephyr-sdk-0.16.5-1/arm-zephyr-eabi/bin/../lib/gcc/../../picolibc/arm-zephyr-eabi/lib/thumb/v7e-m/nofp/libc.a(strlen.S.o)
                0x000000000800046c                strlen
 *(SORT_BY_ALIGNMENT(.text.*))
 .text.gpio_pin_set_dt.constprop.0.isra.0
                0x000000000800047c       0x28 app/libapp.a(main.c.obj)
 .text.print_uart
                0x00000000080004a4       0x28 app/libapp.a(main.c.obj)
                0x00000000080004a4                print_uart
 .text.main     0x00000000080004cc       0xdc app/libapp.a(main.c.obj)
                0x00000000080004cc                main
 .text.serial_cb
                0x00000000080005a8       0xac app/libapp.a(main.c.obj)
                0x00000000080005a8                serial_cb
 .text.char_out
                0x0000000008000654        0xc zephyr/libzephyr.a(printk.c.obj)
 .text.vprintk  0x0000000008000660       0x30 zephyr/libzephyr.a(printk.c.obj)
                0x0000000008000660                vprintk
 .text.__printk_hook_install
                0x0000000008000690        0xc zephyr/libzephyr.a(printk.c.obj)
                0x0000000008000690                __printk_hook_install
 .text.z_thread_entry
                0x000000000800069c       0x34 zephyr/libzephyr.a(thread_entry.c.obj)
                0x000000000800069c                z_thread_entry
 .text.st_stm32_common_config
                0x00000000080006d0       0x14 zephyr/libzephyr.a(soc_config.c.obj)
 .text.st_stm32f4_init
                0x00000000080006e4       0x28 zephyr/libzephyr.a(soc.c.obj)
 .text.mem_attr_get_regions
                0x000000000800070c        0xc zephyr/libzephyr.a(mem_attr.c.obj)
                0x000000000800070c                mem_attr_get_regions
 .text.z_arm_nmi
                0x0000000008000718       0x14 zephyr/arch/arch/arm/core/libarch__arm__core.a(nmi.c.obj)
                0x0000000008000718                z_arm_nmi
 .text.z_SysNmiOnReset
                0x000000000800072c        0x8 zephyr/arch/arch/arm/core/libarch__arm__core.a(nmi_on_reset.S.obj)
                0x000000000800072c                z_SysNmiOnReset
 .text.arch_tls_stack_setup
                0x0000000008000734       0x40 zephyr/arch/arch/arm/core/libarch__arm__core.a(tls.c.obj)
                0x0000000008000734                arch_tls_stack_setup
 .text._HandlerModeExit
                0x0000000008000774       0x28 zephyr/arch/arch/arm/core/cortex_m/libarch__arm__core__cortex_m.a(exc_exit.c.obj)
                0x0000000008000774                z_arm_exc_exit
                0x0000000008000774                z_arm_int_exit
 .text.mem_manage_fault
                0x000000000800079c       0xa0 zephyr/arch/arch/arm/core/cortex_m/libarch__arm__core__cortex_m.a(fault.c.obj)
 .text.usage_fault.constprop.0
                0x000000000800083c       0x54 zephyr/arch/arch/arm/core/cortex_m/libarch__arm__core__cortex_m.a(fault.c.obj)
 .text.bus_fault.constprop.0
                0x0000000008000890       0x6c zephyr/arch/arch/arm/core/cortex_m/libarch__arm__core__cortex_m.a(fault.c.obj)
 .text.z_arm_fault
                0x00000000080008fc      0x128 zephyr/arch/arch/arm/core/cortex_m/libarch__arm__core__cortex_m.a(fault.c.obj)
                0x00000000080008fc                z_arm_fault
 .text.z_arm_fault_init
                0x0000000008000a24       0x10 zephyr/arch/arch/arm/core/cortex_m/libarch__arm__core__cortex_m.a(fault.c.obj)
                0x0000000008000a24                z_arm_fault_init
 .text.__fault  0x0000000008000a34       0x14 zephyr/arch/arch/arm/core/cortex_m/libarch__arm__core__cortex_m.a(fault_s.S.obj)
                0x0000000008000a34                z_arm_bus_fault
                0x0000000008000a34                z_arm_usage_fault
                0x0000000008000a34                z_arm_mpu_fault
                0x0000000008000a34                z_arm_exc_spurious
                0x0000000008000a34                z_arm_debug_monitor
                0x0000000008000a34                z_arm_hard_fault
 .text._reset_section
                0x0000000008000a48       0x2c zephyr/arch/arch/arm/core/cortex_m/libarch__arm__core__cortex_m.a(reset.S.obj)
                0x0000000008000a48                z_arm_reset
                0x0000000008000a48                __start
 .text.z_impl_k_thread_abort
                0x0000000008000a74       0x2c zephyr/arch/arch/arm/core/cortex_m/libarch__arm__core__cortex_m.a(thread_abort.c.obj)
                0x0000000008000a74                z_impl_k_thread_abort
 .text.arch_swap
                0x0000000008000aa0       0x30 zephyr/arch/arch/arm/core/cortex_m/libarch__arm__core__cortex_m.a(swap.c.obj)
                0x0000000008000aa0                arch_swap
 .text.z_arm_pendsv_c
                0x0000000008000ad0       0x48 zephyr/arch/arch/arm/core/cortex_m/libarch__arm__core__cortex_m.a(swap.c.obj)
                0x0000000008000ad0                z_arm_pendsv_c
 .text.z_arm_pendsv
                0x0000000008000b18       0x34 zephyr/arch/arch/arm/core/cortex_m/libarch__arm__core__cortex_m.a(swap_helper.S.obj)
                0x0000000008000b18                z_arm_pendsv
 .text.z_arm_svc
                0x0000000008000b4c       0x20 zephyr/arch/arch/arm/core/cortex_m/libarch__arm__core__cortex_m.a(swap_helper.S.obj)
                0x0000000008000b4c                z_arm_svc
 .text.arch_irq_enable
                0x0000000008000b6c       0x1c zephyr/arch/arch/arm/core/cortex_m/libarch__arm__core__cortex_m.a(irq_manage.c.obj)
                0x0000000008000b6c                arch_irq_enable
 .text.z_arm_irq_priority_set
                0x0000000008000b88       0x30 zephyr/arch/arch/arm/core/cortex_m/libarch__arm__core__cortex_m.a(irq_manage.c.obj)
                0x0000000008000b88                z_arm_irq_priority_set
 .text.z_prep_c
                0x0000000008000bb8       0x48 zephyr/arch/arch/arm/core/cortex_m/libarch__arm__core__cortex_m.a(prep_c.c.obj)
                0x0000000008000bb8                z_prep_c
 .text.arch_new_thread
                0x0000000008000c00       0x38 zephyr/arch/arch/arm/core/cortex_m/libarch__arm__core__cortex_m.a(thread.c.obj)
                0x0000000008000c00                arch_new_thread
 .text.z_check_thread_stack_fail
                0x0000000008000c38       0x2c zephyr/arch/arch/arm/core/cortex_m/libarch__arm__core__cortex_m.a(thread.c.obj)
                0x0000000008000c38                z_check_thread_stack_fail
 .text.arch_switch_to_main_thread
                0x0000000008000c64       0x44 zephyr/arch/arch/arm/core/cortex_m/libarch__arm__core__cortex_m.a(thread.c.obj)
                0x0000000008000c64                arch_switch_to_main_thread
 .text.z_arm_cpu_idle_init
                0x0000000008000ca8        0xc zephyr/arch/arch/arm/core/cortex_m/libarch__arm__core__cortex_m.a(cpu_idle.c.obj)
                0x0000000008000ca8                z_arm_cpu_idle_init
 .text.z_arm_interrupt_init
                0x0000000008000cb4       0x18 zephyr/arch/arch/arm/core/cortex_m/libarch__arm__core__cortex_m.a(irq_init.c.obj)
                0x0000000008000cb4                z_arm_interrupt_init
 .text._isr_wrapper
                0x0000000008000ccc       0x24 zephyr/arch/arch/arm/core/cortex_m/libarch__arm__core__cortex_m.a(isr_wrapper.c.obj)
                0x0000000008000ccc                _isr_wrapper
 .text.z_arm_configure_static_mpu_regions
                0x0000000008000cf0       0x18 zephyr/arch/arch/arm/core/mpu/libarch__arm__core__mpu.a(arm_core_mpu.c.obj)
                0x0000000008000cf0                z_arm_configure_static_mpu_regions
 .text.z_arm_configure_dynamic_mpu_regions
                0x0000000008000d08       0x20 zephyr/arch/arch/arm/core/mpu/libarch__arm__core__mpu.a(arm_core_mpu.c.obj)
                0x0000000008000d08                z_arm_configure_dynamic_mpu_regions
 .text.region_init
                0x0000000008000d28       0x28 zephyr/arch/arch/arm/core/mpu/libarch__arm__core__mpu.a(arm_mpu.c.obj)
 .text.mpu_configure_regions
                0x0000000008000d50       0x6c zephyr/arch/arch/arm/core/mpu/libarch__arm__core__mpu.a(arm_mpu.c.obj)
 .text.arm_core_mpu_enable
                0x0000000008000dbc       0x18 zephyr/arch/arch/arm/core/mpu/libarch__arm__core__mpu.a(arm_mpu.c.obj)
                0x0000000008000dbc                arm_core_mpu_enable
 .text.arm_core_mpu_disable
                0x0000000008000dd4       0x14 zephyr/arch/arch/arm/core/mpu/libarch__arm__core__mpu.a(arm_mpu.c.obj)
                0x0000000008000dd4                arm_core_mpu_disable
 .text.arm_core_mpu_configure_static_mpu_regions
                0x0000000008000de8       0x14 zephyr/arch/arch/arm/core/mpu/libarch__arm__core__mpu.a(arm_mpu.c.obj)
                0x0000000008000de8                arm_core_mpu_configure_static_mpu_regions
 .text.arm_core_mpu_configure_dynamic_mpu_regions
                0x0000000008000dfc       0x38 zephyr/arch/arch/arm/core/mpu/libarch__arm__core__mpu.a(arm_mpu.c.obj)
                0x0000000008000dfc                arm_core_mpu_configure_dynamic_mpu_regions
 .text.z_arm_mpu_init
                0x0000000008000e34      0x160 zephyr/arch/arch/arm/core/mpu/libarch__arm__core__mpu.a(arm_mpu.c.obj)
                0x0000000008000e34                z_arm_mpu_init
 .text.z_impl_zephyr_fputc
                0x0000000008000f94       0x10 zephyr/lib/libc/picolibc/liblib__libc__picolibc.a(libc-hooks.c.obj)
                0x0000000008000f94                z_impl_zephyr_fputc
 .text.__stdout_hook_install
                0x0000000008000fa4       0x18 zephyr/lib/libc/picolibc/liblib__libc__picolibc.a(libc-hooks.c.obj)
                0x0000000008000fa4                __stdout_hook_install
 .text.malloc_prepare
                0x0000000008000fbc       0x24 zephyr/lib/libc/common/liblib__libc__common.a(malloc.c.obj)
 .text.stm32_exti_isr
                0x0000000008000fe0       0x4c zephyr/drivers/interrupt_controller/libdrivers__interrupt_controller.a(intc_exti_stm32.c.obj)
 .text.stm32_fill_irq_table
                0x000000000800102c       0x18 zephyr/drivers/interrupt_controller/libdrivers__interrupt_controller.a(intc_exti_stm32.c.obj)
 .text.stm32_exti_enable
                0x0000000008001044       0x24 zephyr/drivers/interrupt_controller/libdrivers__interrupt_controller.a(intc_exti_stm32.c.obj)
                0x0000000008001044                stm32_exti_enable
 .text.stm32_exti_disable
                0x0000000008001068       0x18 zephyr/drivers/interrupt_controller/libdrivers__interrupt_controller.a(intc_exti_stm32.c.obj)
                0x0000000008001068                stm32_exti_disable
 .text.stm32_exti_trigger
                0x0000000008001080       0x60 zephyr/drivers/interrupt_controller/libdrivers__interrupt_controller.a(intc_exti_stm32.c.obj)
                0x0000000008001080                stm32_exti_trigger
 .text.stm32_exti_set_callback
                0x00000000080010e0       0x30 zephyr/drivers/interrupt_controller/libdrivers__interrupt_controller.a(intc_exti_stm32.c.obj)
                0x00000000080010e0                stm32_exti_set_callback
 .text.stm32_exti_unset_callback
                0x0000000008001110       0x14 zephyr/drivers/interrupt_controller/libdrivers__interrupt_controller.a(intc_exti_stm32.c.obj)
                0x0000000008001110                stm32_exti_unset_callback
 .text.stm32_clock_control_get_subsys_rate
                0x0000000008001124       0x78 zephyr/drivers/clock_control/libdrivers__clock_control.a(clock_stm32_ll_common.c.obj)
 .text.stm32_clock_control_init
                0x000000000800119c      0x114 zephyr/drivers/clock_control/libdrivers__clock_control.a(clock_stm32_ll_common.c.obj)
                0x000000000800119c                stm32_clock_control_init
 .text.get_pllsrc_frequency
                0x00000000080012b0        0x8 zephyr/drivers/clock_control/libdrivers__clock_control.a(clock_stm32f2_f4_f7.c.obj)
                0x00000000080012b0                get_pllsrc_frequency
 .text.config_pll_sysclock
                0x00000000080012b8       0x24 zephyr/drivers/clock_control/libdrivers__clock_control.a(clock_stm32f2_f4_f7.c.obj)
                0x00000000080012b8                config_pll_sysclock
 .text.config_enable_default_clocks
                0x00000000080012dc       0x20 zephyr/drivers/clock_control/libdrivers__clock_control.a(clock_stm32f2_f4_f7.c.obj)
                0x00000000080012dc                config_enable_default_clocks
 .text.uart_console_init
                0x00000000080012fc       0x28 zephyr/drivers/console/libdrivers__console.a(uart_console.c.obj)
 .text.console_out
                0x0000000008001324       0x28 zephyr/drivers/console/libdrivers__console.a(uart_console.c.obj)
 .text.dma_stm32_get_status
                0x000000000800134c       0x44 zephyr/drivers/dma/libdrivers__dma.a(dma_stm32.c.obj)
 .text.dma_stm32_init
                0x0000000008001390       0x60 zephyr/drivers/dma/libdrivers__dma.a(dma_stm32.c.obj)
 .text.dma_stm32_configure
                0x00000000080013f0      0x2c8 zephyr/drivers/dma/libdrivers__dma.a(dma_stm32.c.obj)
 .text.dma_stm32_stop
                0x00000000080016b8       0x5c zephyr/drivers/dma/libdrivers__dma.a(dma_stm32.c.obj)
 .text.dma_stm32_reload
                0x0000000008001714       0xf4 zephyr/drivers/dma/libdrivers__dma.a(dma_stm32.c.obj)
 .text.dma_stm32_id_to_stream
                0x0000000008001808        0xc zephyr/drivers/dma/libdrivers__dma.a(dma_stm32_v1.c.obj)
                0x0000000008001808                dma_stm32_id_to_stream
 .text.dma_stm32_slot_to_channel
                0x0000000008001814        0xc zephyr/drivers/dma/libdrivers__dma.a(dma_stm32_v1.c.obj)
                0x0000000008001814                dma_stm32_slot_to_channel
 .text.dma_stm32_clear_ht
                0x0000000008001820        0xc zephyr/drivers/dma/libdrivers__dma.a(dma_stm32_v1.c.obj)
                0x0000000008001820                dma_stm32_clear_ht
 .text.dma_stm32_clear_tc
                0x000000000800182c        0xc zephyr/drivers/dma/libdrivers__dma.a(dma_stm32_v1.c.obj)
                0x000000000800182c                dma_stm32_clear_tc
 .text.dma_stm32_is_ht_active
                0x0000000008001838       0x18 zephyr/drivers/dma/libdrivers__dma.a(dma_stm32_v1.c.obj)
                0x0000000008001838                dma_stm32_is_ht_active
 .text.dma_stm32_is_tc_active
                0x0000000008001850       0x18 zephyr/drivers/dma/libdrivers__dma.a(dma_stm32_v1.c.obj)
                0x0000000008001850                dma_stm32_is_tc_active
 .text.dma_stm32_clear_te
                0x0000000008001868        0xc zephyr/drivers/dma/libdrivers__dma.a(dma_stm32_v1.c.obj)
                0x0000000008001868                dma_stm32_clear_te
 .text.dma_stm32_clear_dme
                0x0000000008001874        0xc zephyr/drivers/dma/libdrivers__dma.a(dma_stm32_v1.c.obj)
                0x0000000008001874                dma_stm32_clear_dme
 .text.dma_stm32_clear_fe
                0x0000000008001880        0xc zephyr/drivers/dma/libdrivers__dma.a(dma_stm32_v1.c.obj)
                0x0000000008001880                dma_stm32_clear_fe
 .text.dma_stm32_is_fe_active
                0x000000000800188c       0x18 zephyr/drivers/dma/libdrivers__dma.a(dma_stm32_v1.c.obj)
                0x000000000800188c                dma_stm32_is_fe_active
 .text.stm32_dma_is_tc_irq_active
                0x00000000080018a4       0x2c zephyr/drivers/dma/libdrivers__dma.a(dma_stm32_v1.c.obj)
                0x00000000080018a4                stm32_dma_is_tc_irq_active
 .text.stm32_dma_is_ht_irq_active
                0x00000000080018d0       0x2c zephyr/drivers/dma/libdrivers__dma.a(dma_stm32_v1.c.obj)
                0x00000000080018d0                stm32_dma_is_ht_irq_active
 .text.stm32_dma_is_unexpected_irq_happened
                0x00000000080018fc       0x3c zephyr/drivers/dma/libdrivers__dma.a(dma_stm32_v1.c.obj)
                0x00000000080018fc                stm32_dma_is_unexpected_irq_happened
 .text.stm32_dma_enable_stream
                0x0000000008001938       0x1c zephyr/drivers/dma/libdrivers__dma.a(dma_stm32_v1.c.obj)
                0x0000000008001938                stm32_dma_enable_stream
 .text.stm32_dma_is_enabled_stream
                0x0000000008001954       0x1c zephyr/drivers/dma/libdrivers__dma.a(dma_stm32_v1.c.obj)
                0x0000000008001954                stm32_dma_is_enabled_stream
 .text.stm32_dma_disable_stream
                0x0000000008001970       0x34 zephyr/drivers/dma/libdrivers__dma.a(dma_stm32_v1.c.obj)
                0x0000000008001970                stm32_dma_disable_stream
 .text.stm32_dma_disable_fifo_irq
                0x00000000080019a4       0x20 zephyr/drivers/dma/libdrivers__dma.a(dma_stm32_v1.c.obj)
                0x00000000080019a4                stm32_dma_disable_fifo_irq
 .text.stm32_dma_get_mburst
                0x00000000080019c4       0x1c zephyr/drivers/dma/libdrivers__dma.a(dma_stm32_v1.c.obj)
                0x00000000080019c4                stm32_dma_get_mburst
 .text.stm32_dma_get_pburst
                0x00000000080019e0       0x1c zephyr/drivers/dma/libdrivers__dma.a(dma_stm32_v1.c.obj)
                0x00000000080019e0                stm32_dma_get_pburst
 .text.gpio_stm32_init
                0x00000000080019fc       0x30 zephyr/drivers/gpio/libdrivers__gpio.a(gpio_stm32.c.obj)
 .text.gpio_stm32_pin_interrupt_configure
                0x0000000008001a2c      0x108 zephyr/drivers/gpio/libdrivers__gpio.a(gpio_stm32.c.obj)
 .text.pinctrl_configure_pins
                0x0000000008001b34       0x84 zephyr/drivers/pinctrl/libdrivers__pinctrl.a(pinctrl_stm32.c.obj)
                0x0000000008001b34                pinctrl_configure_pins
 .text.uart_stm32_irq_err_disable
                0x0000000008001bb8       0x5c zephyr/drivers/serial/libdrivers__serial.a(uart_stm32.c.obj)
 .text.uart_stm32_irq_err_enable
                0x0000000008001c14       0x5c zephyr/drivers/serial/libdrivers__serial.a(uart_stm32.c.obj)
 .text.uart_stm32_parameters_set
                0x0000000008001c70       0xf8 zephyr/drivers/serial/libdrivers__serial.a(uart_stm32.c.obj)
 .text.uart_stm32_configure
                0x0000000008001d68      0x140 zephyr/drivers/serial/libdrivers__serial.a(uart_stm32.c.obj)
 .text.uart_stm32_init
                0x0000000008001ea8      0x1c8 zephyr/drivers/serial/libdrivers__serial.a(uart_stm32.c.obj)
 .text.elapsed  0x0000000008002070       0x4c zephyr/drivers/timer/libdrivers__timer.a(cortex_m_systick.c.obj)
 .text.sys_clock_driver_init
                0x00000000080020bc       0x38 zephyr/drivers/timer/libdrivers__timer.a(cortex_m_systick.c.obj)
 .text.sys_clock_isr
                0x00000000080020f4       0x54 zephyr/drivers/timer/libdrivers__timer.a(cortex_m_systick.c.obj)
                0x00000000080020f4                sys_clock_isr
 .text.sys_clock_set_timeout
                0x0000000008002148       0xf8 zephyr/drivers/timer/libdrivers__timer.a(cortex_m_systick.c.obj)
                0x0000000008002148                sys_clock_set_timeout
 .text.sys_clock_elapsed
                0x0000000008002240       0x3c zephyr/drivers/timer/libdrivers__timer.a(cortex_m_systick.c.obj)
                0x0000000008002240                sys_clock_elapsed
 .text.HAL_RCC_GetSysClockFreq
                0x000000000800227c       0x5c modules/stm32/stm32cube/lib..__modules__hal__stm32__stm32cube.a(stm32f4xx_hal_rcc.c.obj)
                0x000000000800227c                HAL_RCC_GetSysClockFreq
 .text.LL_DMA_Init
                0x00000000080022d8       0x84 modules/stm32/stm32cube/lib..__modules__hal__stm32__stm32cube.a(stm32f4xx_ll_dma.c.obj)
                0x00000000080022d8                LL_DMA_Init
 .text.LL_SetFlashLatency
                0x000000000800235c      0x10c modules/stm32/stm32cube/lib..__modules__hal__stm32__stm32cube.a(stm32f4xx_ll_utils.c.obj)
                0x000000000800235c                LL_SetFlashLatency
 .text.z_fatal_error
                0x0000000008002468       0x30 zephyr/kernel/libkernel.a(fatal.c.obj)
                0x0000000008002468                z_fatal_error
 .text.z_sys_init_run_level
                0x0000000008002498       0x2c zephyr/kernel/libkernel.a(init.c.obj)
 .text.bg_thread_main
                0x00000000080024c4       0xc0 zephyr/kernel/libkernel.a(init.c.obj)
 .text.z_bss_zero
                0x0000000008002584       0x18 zephyr/kernel/libkernel.a(init.c.obj)
                0x0000000008002584                z_bss_zero
 .text.z_init_cpu
                0x000000000800259c       0x8c zephyr/kernel/libkernel.a(init.c.obj)
                0x000000000800259c                z_init_cpu
 .text.z_cstart
                0x0000000008002628       0xd8 zephyr/kernel/libkernel.a(init.c.obj)
                0x0000000008002628                z_cstart
 .text.z_impl_k_sem_give
                0x0000000008002700       0x48 zephyr/kernel/libkernel.a(sem.c.obj)
                0x0000000008002700                z_impl_k_sem_give
 .text.work_queue_main
                0x0000000008002748      0x144 zephyr/kernel/libkernel.a(work.c.obj)
 .text.submit_to_queue_locked
                0x000000000800288c       0xb4 zephyr/kernel/libkernel.a(work.c.obj)
 .text.k_work_queue_start
                0x0000000008002940       0x7c zephyr/kernel/libkernel.a(work.c.obj)
                0x0000000008002940                k_work_queue_start
 .text.k_work_reschedule_for_queue
                0x00000000080029bc       0x5c zephyr/kernel/libkernel.a(work.c.obj)
                0x00000000080029bc                k_work_reschedule_for_queue
 .text.k_work_reschedule
                0x0000000008002a18        0xc zephyr/kernel/libkernel.a(work.c.obj)
                0x0000000008002a18                k_work_reschedule
 .text.z_setup_new_thread
                0x0000000008002a24       0x98 zephyr/kernel/libkernel.a(thread.c.obj)
                0x0000000008002a24                z_setup_new_thread
 .text.z_impl_k_thread_create
                0x0000000008002abc       0x58 zephyr/kernel/libkernel.a(thread.c.obj)
                0x0000000008002abc                z_impl_k_thread_create
 .text.update_cache
                0x0000000008002b14       0x3c zephyr/kernel/libkernel.a(sched.c.obj)
 .text.unready_thread
                0x0000000008002b50       0x30 zephyr/kernel/libkernel.a(sched.c.obj)
 .text.ready_thread
                0x0000000008002b80       0x68 zephyr/kernel/libkernel.a(sched.c.obj)
 .text.z_thread_halt
                0x0000000008002be8       0xd8 zephyr/kernel/libkernel.a(sched.c.obj)
 .text.move_thread_to_end_of_prio_q
                0x0000000008002cc0       0x74 zephyr/kernel/libkernel.a(sched.c.obj)
                0x0000000008002cc0                move_thread_to_end_of_prio_q
 .text.z_pend_curr
                0x0000000008002d34       0x58 zephyr/kernel/libkernel.a(sched.c.obj)
                0x0000000008002d34                z_pend_curr
 .text.z_reschedule
                0x0000000008002d8c       0x24 zephyr/kernel/libkernel.a(sched.c.obj)
                0x0000000008002d8c                z_reschedule
 .text.z_sched_start
                0x0000000008002db0       0x3c zephyr/kernel/libkernel.a(sched.c.obj)
                0x0000000008002db0                z_sched_start
 .text.z_reschedule_irqlock
                0x0000000008002dec       0x28 zephyr/kernel/libkernel.a(sched.c.obj)
                0x0000000008002dec                z_reschedule_irqlock
 .text.k_sched_lock
                0x0000000008002e14       0x28 zephyr/kernel/libkernel.a(sched.c.obj)
                0x0000000008002e14                k_sched_lock
 .text.k_sched_unlock
                0x0000000008002e3c       0x40 zephyr/kernel/libkernel.a(sched.c.obj)
                0x0000000008002e3c                k_sched_unlock
 .text.z_sched_init
                0x0000000008002e7c       0x10 zephyr/kernel/libkernel.a(sched.c.obj)
                0x0000000008002e7c                z_sched_init
 .text.z_impl_k_yield
                0x0000000008002e8c       0x7c zephyr/kernel/libkernel.a(sched.c.obj)
                0x0000000008002e8c                z_impl_k_yield
 .text.z_tick_sleep
                0x0000000008002f08       0x88 zephyr/kernel/libkernel.a(sched.c.obj)
 .text.z_impl_k_sleep
                0x0000000008002f90       0x3c zephyr/kernel/libkernel.a(sched.c.obj)
                0x0000000008002f90                z_impl_k_sleep
 .text.z_impl_k_sched_current_thread_query
                0x0000000008002fcc        0xc zephyr/kernel/libkernel.a(sched.c.obj)
                0x0000000008002fcc                z_impl_k_sched_current_thread_query
 .text.z_sched_wait
                0x0000000008002fd8       0x24 zephyr/kernel/libkernel.a(sched.c.obj)
                0x0000000008002fd8                z_sched_wait
 .text.slice_timeout
                0x0000000008002ffc       0x20 zephyr/kernel/libkernel.a(timeslicing.c.obj)
 .text.thread_is_sliceable
                0x000000000800301c       0x3c zephyr/kernel/libkernel.a(timeslicing.c.obj)
                0x000000000800301c                thread_is_sliceable
 .text.z_reset_time_slice
                0x0000000008003058       0x50 zephyr/kernel/libkernel.a(timeslicing.c.obj)
                0x0000000008003058                z_reset_time_slice
 .text.z_time_slice
                0x00000000080030a8       0x60 zephyr/kernel/libkernel.a(timeslicing.c.obj)
                0x00000000080030a8                z_time_slice
 .text.z_data_copy
                0x0000000008003108       0x34 zephyr/kernel/libkernel.a(xip.c.obj)
                0x0000000008003108                z_data_copy
 .text.elapsed  0x000000000800313c       0x14 zephyr/kernel/libkernel.a(timeout.c.obj)
 .text.remove_timeout
                0x0000000008003150       0x38 zephyr/kernel/libkernel.a(timeout.c.obj)
 .text.next_timeout
                0x0000000008003188       0x40 zephyr/kernel/libkernel.a(timeout.c.obj)
 .text.z_add_timeout
                0x00000000080031c8       0xf4 zephyr/kernel/libkernel.a(timeout.c.obj)
                0x00000000080031c8                z_add_timeout
 .text.sys_clock_announce
                0x00000000080032bc       0xd0 zephyr/kernel/libkernel.a(timeout.c.obj)
                0x00000000080032bc                sys_clock_announce
 .text.sys_clock_tick_get
                0x000000000800338c       0x30 zephyr/kernel/libkernel.a(timeout.c.obj)
                0x000000000800338c                sys_clock_tick_get
 .text.boot_banner
                0x00000000080033bc        0xc zephyr/kernel/libkernel.a(banner.c.obj)
                0x00000000080033bc                boot_banner
 .text.k_sys_work_q_init
                0x00000000080033c8       0x34 zephyr/kernel/libkernel.a(system_work_q.c.obj)
 .text.puts     0x00000000080033fc       0x40 /home/giang/zephyr-sdk-0.16.5-1/arm-zephyr-eabi/bin/../lib/gcc/../../picolibc/arm-zephyr-eabi/lib/thumb/v7e-m/nofp/libc.a(libc_tinystdio_puts.c.o)
                0x00000000080033fc                puts
 .text.__l_vfprintf
                0x000000000800343c      0x4b8 /home/giang/zephyr-sdk-0.16.5-1/arm-zephyr-eabi/bin/../lib/gcc/../../picolibc/arm-zephyr-eabi/lib/thumb/v7e-m/nofp/libc.a(libc_tinystdio_vflprintf.c.o)
                0x000000000800343c                __l_vfprintf
 .text._OffsetAbsSyms
                0x00000000080038f4        0x2 zephyr/CMakeFiles/offsets.dir/./arch/arm/core/offsets/offsets.c.obj
                0x00000000080038f4                _OffsetAbsSyms
 .text.chunk_size
                0x00000000080038f6        0xa zephyr/libzephyr.a(heap.c.obj)
 .text.free_list_add
                0x0000000008003900       0x4e zephyr/libzephyr.a(heap.c.obj)
 .text.sys_heap_init
                0x000000000800394e       0x7a zephyr/libzephyr.a(heap.c.obj)
                0x000000000800394e                sys_heap_init
 .text.arch_printk_char_out
                0x00000000080039c8        0x4 zephyr/libzephyr.a(printk.c.obj)
                0x00000000080039c8                arch_printk_char_out
 .text.printk   0x00000000080039cc       0x1a zephyr/libzephyr.a(printk.c.obj)
                0x00000000080039cc                printk
 .text._ConfigAbsSyms
                0x00000000080039e6        0x2 zephyr/libzephyr.a(configs.c.obj)
                0x00000000080039e6                _ConfigAbsSyms
 .text.z_arm_fatal_error
                0x00000000080039e8        0xc zephyr/arch/arch/arm/core/libarch__arm__core.a(fatal.c.obj)
                0x00000000080039e8                z_arm_fatal_error
 .text.z_do_kernel_oops
                0x00000000080039f4        0x8 zephyr/arch/arch/arm/core/libarch__arm__core.a(fatal.c.obj)
                0x00000000080039f4                z_do_kernel_oops
 .text.z_irq_spurious
                0x00000000080039fc        0x8 zephyr/arch/arch/arm/core/cortex_m/libarch__arm__core__cortex_m.a(irq_manage.c.obj)
                0x00000000080039fc                z_irq_spurious
 .text.arch_irq_unlock_outlined
                0x0000000008003a04        0xe zephyr/arch/arch/arm/core/cortex_m/libarch__arm__core__cortex_m.a(thread.c.obj)
                0x0000000008003a04                arch_irq_unlock_outlined
 .text.arch_cpu_idle
                0x0000000008003a12       0x1a zephyr/arch/arch/arm/core/cortex_m/libarch__arm__core__cortex_m.a(cpu_idle.c.obj)
                0x0000000008003a12                arch_cpu_idle
 .text.size_to_mpu_rasr_size
                0x0000000008003a2c       0x20 zephyr/arch/arch/arm/core/mpu/libarch__arm__core__mpu.a(arm_mpu.c.obj)
 .text.picolibc_put
                0x0000000008003a4c        0xa zephyr/lib/libc/picolibc/liblib__libc__picolibc.a(libc-hooks.c.obj)
 .text.stm32_exti_init
                0x0000000008003a56       0x92 zephyr/drivers/interrupt_controller/libdrivers__interrupt_controller.a(intc_exti_stm32.c.obj)
 .text.stm32_clock_control_on
                0x0000000008003ae8       0x38 zephyr/drivers/clock_control/libdrivers__clock_control.a(clock_stm32_ll_common.c.obj)
 .text.stm32_clock_control_off
                0x0000000008003b20       0x24 zephyr/drivers/clock_control/libdrivers__clock_control.a(clock_stm32_ll_common.c.obj)
 .text.stm32_clock_control_get_status
                0x0000000008003b44       0x34 zephyr/drivers/clock_control/libdrivers__clock_control.a(clock_stm32_ll_common.c.obj)
 .text.stm32_clock_control_configure
                0x0000000008003b78       0x58 zephyr/drivers/clock_control/libdrivers__clock_control.a(clock_stm32_ll_common.c.obj)
 .text.dma_stm32_config_irq_0
                0x0000000008003bd0       0x86 zephyr/drivers/dma/libdrivers__dma.a(dma_stm32.c.obj)
 .text.dma_stm32_config_irq_1
                0x0000000008003c56       0x86 zephyr/drivers/dma/libdrivers__dma.a(dma_stm32.c.obj)
 .text.dma_stm32_disable_stream
                0x0000000008003cdc       0x28 zephyr/drivers/dma/libdrivers__dma.a(dma_stm32.c.obj)
 .text.dma_stm32_clear_stream_irq.isra.0
                0x0000000008003d04       0x20 zephyr/drivers/dma/libdrivers__dma.a(dma_stm32.c.obj)
 .text.dma_stm32_start
                0x0000000008003d24       0x3e zephyr/drivers/dma/libdrivers__dma.a(dma_stm32.c.obj)
 .text.dma_stm32_irq_handler
                0x0000000008003d62       0x92 zephyr/drivers/dma/libdrivers__dma.a(dma_stm32.c.obj)
 .text.dma_stm32_irq_0_0
                0x0000000008003df4        0x6 zephyr/drivers/dma/libdrivers__dma.a(dma_stm32.c.obj)
 .text.dma_stm32_irq_1_0
                0x0000000008003dfa        0x4 zephyr/drivers/dma/libdrivers__dma.a(dma_stm32.c.obj)
 .text.dma_stm32_irq_0_1
                0x0000000008003dfe        0x6 zephyr/drivers/dma/libdrivers__dma.a(dma_stm32.c.obj)
 .text.dma_stm32_irq_1_1
                0x0000000008003e04        0x4 zephyr/drivers/dma/libdrivers__dma.a(dma_stm32.c.obj)
 .text.dma_stm32_irq_0_2
                0x0000000008003e08        0x6 zephyr/drivers/dma/libdrivers__dma.a(dma_stm32.c.obj)
 .text.dma_stm32_irq_1_2
                0x0000000008003e0e        0x4 zephyr/drivers/dma/libdrivers__dma.a(dma_stm32.c.obj)
 .text.dma_stm32_irq_0_3
                0x0000000008003e12        0x6 zephyr/drivers/dma/libdrivers__dma.a(dma_stm32.c.obj)
 .text.dma_stm32_irq_1_3
                0x0000000008003e18        0x4 zephyr/drivers/dma/libdrivers__dma.a(dma_stm32.c.obj)
 .text.dma_stm32_irq_0_4
                0x0000000008003e1c        0x6 zephyr/drivers/dma/libdrivers__dma.a(dma_stm32.c.obj)
 .text.dma_stm32_irq_1_4
                0x0000000008003e22        0x4 zephyr/drivers/dma/libdrivers__dma.a(dma_stm32.c.obj)
 .text.dma_stm32_irq_0_5
                0x0000000008003e26        0x6 zephyr/drivers/dma/libdrivers__dma.a(dma_stm32.c.obj)
 .text.dma_stm32_irq_1_5
                0x0000000008003e2c        0x4 zephyr/drivers/dma/libdrivers__dma.a(dma_stm32.c.obj)
 .text.dma_stm32_irq_0_6
                0x0000000008003e30        0x6 zephyr/drivers/dma/libdrivers__dma.a(dma_stm32.c.obj)
 .text.dma_stm32_irq_1_6
                0x0000000008003e36        0x4 zephyr/drivers/dma/libdrivers__dma.a(dma_stm32.c.obj)
 .text.dma_stm32_irq_0_7
                0x0000000008003e3a        0x6 zephyr/drivers/dma/libdrivers__dma.a(dma_stm32.c.obj)
 .text.dma_stm32_irq_1_7
                0x0000000008003e40        0x4 zephyr/drivers/dma/libdrivers__dma.a(dma_stm32.c.obj)
 .text.LL_DMA_IsActiveFlag_HT0
                0x0000000008003e44        0x8 zephyr/drivers/dma/libdrivers__dma.a(dma_stm32_v1.c.obj)
 .text.LL_DMA_IsActiveFlag_HT1
                0x0000000008003e4c        0x8 zephyr/drivers/dma/libdrivers__dma.a(dma_stm32_v1.c.obj)
 .text.LL_DMA_IsActiveFlag_HT2
                0x0000000008003e54        0x8 zephyr/drivers/dma/libdrivers__dma.a(dma_stm32_v1.c.obj)
 .text.LL_DMA_IsActiveFlag_HT3
                0x0000000008003e5c        0x8 zephyr/drivers/dma/libdrivers__dma.a(dma_stm32_v1.c.obj)
 .text.LL_DMA_IsActiveFlag_HT4
                0x0000000008003e64        0x8 zephyr/drivers/dma/libdrivers__dma.a(dma_stm32_v1.c.obj)
 .text.LL_DMA_IsActiveFlag_HT5
                0x0000000008003e6c        0x8 zephyr/drivers/dma/libdrivers__dma.a(dma_stm32_v1.c.obj)
 .text.LL_DMA_IsActiveFlag_HT6
                0x0000000008003e74        0x8 zephyr/drivers/dma/libdrivers__dma.a(dma_stm32_v1.c.obj)
 .text.LL_DMA_IsActiveFlag_HT7
                0x0000000008003e7c        0x8 zephyr/drivers/dma/libdrivers__dma.a(dma_stm32_v1.c.obj)
 .text.LL_DMA_IsActiveFlag_TC0
                0x0000000008003e84        0x8 zephyr/drivers/dma/libdrivers__dma.a(dma_stm32_v1.c.obj)
 .text.LL_DMA_IsActiveFlag_TC1
                0x0000000008003e8c        0x8 zephyr/drivers/dma/libdrivers__dma.a(dma_stm32_v1.c.obj)
 .text.LL_DMA_IsActiveFlag_TC2
                0x0000000008003e94        0x8 zephyr/drivers/dma/libdrivers__dma.a(dma_stm32_v1.c.obj)
 .text.LL_DMA_IsActiveFlag_TC3
                0x0000000008003e9c        0x8 zephyr/drivers/dma/libdrivers__dma.a(dma_stm32_v1.c.obj)
 .text.LL_DMA_IsActiveFlag_TC4
                0x0000000008003ea4        0x8 zephyr/drivers/dma/libdrivers__dma.a(dma_stm32_v1.c.obj)
 .text.LL_DMA_IsActiveFlag_TC5
                0x0000000008003eac        0x8 zephyr/drivers/dma/libdrivers__dma.a(dma_stm32_v1.c.obj)
 .text.LL_DMA_IsActiveFlag_TC6
                0x0000000008003eb4        0x8 zephyr/drivers/dma/libdrivers__dma.a(dma_stm32_v1.c.obj)
 .text.LL_DMA_IsActiveFlag_TC7
                0x0000000008003ebc        0x8 zephyr/drivers/dma/libdrivers__dma.a(dma_stm32_v1.c.obj)
 .text.LL_DMA_IsActiveFlag_FE0
                0x0000000008003ec4        0x8 zephyr/drivers/dma/libdrivers__dma.a(dma_stm32_v1.c.obj)
 .text.LL_DMA_IsActiveFlag_FE1
                0x0000000008003ecc        0x8 zephyr/drivers/dma/libdrivers__dma.a(dma_stm32_v1.c.obj)
 .text.LL_DMA_IsActiveFlag_FE2
                0x0000000008003ed4        0x8 zephyr/drivers/dma/libdrivers__dma.a(dma_stm32_v1.c.obj)
 .text.LL_DMA_IsActiveFlag_FE3
                0x0000000008003edc        0x8 zephyr/drivers/dma/libdrivers__dma.a(dma_stm32_v1.c.obj)
 .text.LL_DMA_IsActiveFlag_FE4
                0x0000000008003ee4        0x8 zephyr/drivers/dma/libdrivers__dma.a(dma_stm32_v1.c.obj)
 .text.LL_DMA_IsActiveFlag_FE5
                0x0000000008003eec        0x8 zephyr/drivers/dma/libdrivers__dma.a(dma_stm32_v1.c.obj)
 .text.LL_DMA_IsActiveFlag_FE6
                0x0000000008003ef4        0x8 zephyr/drivers/dma/libdrivers__dma.a(dma_stm32_v1.c.obj)
 .text.LL_DMA_IsActiveFlag_FE7
                0x0000000008003efc        0x8 zephyr/drivers/dma/libdrivers__dma.a(dma_stm32_v1.c.obj)
 .text.LL_DMA_ClearFlag_HT0
                0x0000000008003f04        0x6 zephyr/drivers/dma/libdrivers__dma.a(dma_stm32_v1.c.obj)
 .text.LL_DMA_ClearFlag_HT1
                0x0000000008003f0a        0x8 zephyr/drivers/dma/libdrivers__dma.a(dma_stm32_v1.c.obj)
 .text.LL_DMA_ClearFlag_HT2
                0x0000000008003f12        0x8 zephyr/drivers/dma/libdrivers__dma.a(dma_stm32_v1.c.obj)
 .text.LL_DMA_ClearFlag_HT3
                0x0000000008003f1a        0x8 zephyr/drivers/dma/libdrivers__dma.a(dma_stm32_v1.c.obj)
 .text.LL_DMA_ClearFlag_HT4
                0x0000000008003f22        0x6 zephyr/drivers/dma/libdrivers__dma.a(dma_stm32_v1.c.obj)
 .text.LL_DMA_ClearFlag_HT5
                0x0000000008003f28        0x8 zephyr/drivers/dma/libdrivers__dma.a(dma_stm32_v1.c.obj)
 .text.LL_DMA_ClearFlag_HT6
                0x0000000008003f30        0x8 zephyr/drivers/dma/libdrivers__dma.a(dma_stm32_v1.c.obj)
 .text.LL_DMA_ClearFlag_HT7
                0x0000000008003f38        0x8 zephyr/drivers/dma/libdrivers__dma.a(dma_stm32_v1.c.obj)
 .text.LL_DMA_ClearFlag_TC0
                0x0000000008003f40        0x6 zephyr/drivers/dma/libdrivers__dma.a(dma_stm32_v1.c.obj)
 .text.LL_DMA_ClearFlag_TC1
                0x0000000008003f46        0x8 zephyr/drivers/dma/libdrivers__dma.a(dma_stm32_v1.c.obj)
 .text.LL_DMA_ClearFlag_TC2
                0x0000000008003f4e        0x8 zephyr/drivers/dma/libdrivers__dma.a(dma_stm32_v1.c.obj)
 .text.LL_DMA_ClearFlag_TC3
                0x0000000008003f56        0x8 zephyr/drivers/dma/libdrivers__dma.a(dma_stm32_v1.c.obj)
 .text.LL_DMA_ClearFlag_TC4
                0x0000000008003f5e        0x6 zephyr/drivers/dma/libdrivers__dma.a(dma_stm32_v1.c.obj)
 .text.LL_DMA_ClearFlag_TC5
                0x0000000008003f64        0x8 zephyr/drivers/dma/libdrivers__dma.a(dma_stm32_v1.c.obj)
 .text.LL_DMA_ClearFlag_TC6
                0x0000000008003f6c        0x8 zephyr/drivers/dma/libdrivers__dma.a(dma_stm32_v1.c.obj)
 .text.LL_DMA_ClearFlag_TC7
                0x0000000008003f74        0x8 zephyr/drivers/dma/libdrivers__dma.a(dma_stm32_v1.c.obj)
 .text.LL_DMA_ClearFlag_TE0
                0x0000000008003f7c        0x6 zephyr/drivers/dma/libdrivers__dma.a(dma_stm32_v1.c.obj)
 .text.LL_DMA_ClearFlag_TE1
                0x0000000008003f82        0x8 zephyr/drivers/dma/libdrivers__dma.a(dma_stm32_v1.c.obj)
 .text.LL_DMA_ClearFlag_TE2
                0x0000000008003f8a        0x8 zephyr/drivers/dma/libdrivers__dma.a(dma_stm32_v1.c.obj)
 .text.LL_DMA_ClearFlag_TE3
                0x0000000008003f92        0x8 zephyr/drivers/dma/libdrivers__dma.a(dma_stm32_v1.c.obj)
 .text.LL_DMA_ClearFlag_TE4
                0x0000000008003f9a        0x6 zephyr/drivers/dma/libdrivers__dma.a(dma_stm32_v1.c.obj)
 .text.LL_DMA_ClearFlag_TE5
                0x0000000008003fa0        0x8 zephyr/drivers/dma/libdrivers__dma.a(dma_stm32_v1.c.obj)
 .text.LL_DMA_ClearFlag_TE6
                0x0000000008003fa8        0x8 zephyr/drivers/dma/libdrivers__dma.a(dma_stm32_v1.c.obj)
 .text.LL_DMA_ClearFlag_TE7
                0x0000000008003fb0        0x8 zephyr/drivers/dma/libdrivers__dma.a(dma_stm32_v1.c.obj)
 .text.LL_DMA_ClearFlag_DME0
                0x0000000008003fb8        0x6 zephyr/drivers/dma/libdrivers__dma.a(dma_stm32_v1.c.obj)
 .text.LL_DMA_ClearFlag_DME1
                0x0000000008003fbe        0x8 zephyr/drivers/dma/libdrivers__dma.a(dma_stm32_v1.c.obj)
 .text.LL_DMA_ClearFlag_DME2
                0x0000000008003fc6        0x8 zephyr/drivers/dma/libdrivers__dma.a(dma_stm32_v1.c.obj)
 .text.LL_DMA_ClearFlag_DME3
                0x0000000008003fce        0x8 zephyr/drivers/dma/libdrivers__dma.a(dma_stm32_v1.c.obj)
 .text.LL_DMA_ClearFlag_DME4
                0x0000000008003fd6        0x6 zephyr/drivers/dma/libdrivers__dma.a(dma_stm32_v1.c.obj)
 .text.LL_DMA_ClearFlag_DME5
                0x0000000008003fdc        0x8 zephyr/drivers/dma/libdrivers__dma.a(dma_stm32_v1.c.obj)
 .text.LL_DMA_ClearFlag_DME6
                0x0000000008003fe4        0x8 zephyr/drivers/dma/libdrivers__dma.a(dma_stm32_v1.c.obj)
 .text.LL_DMA_ClearFlag_DME7
                0x0000000008003fec        0x8 zephyr/drivers/dma/libdrivers__dma.a(dma_stm32_v1.c.obj)
 .text.LL_DMA_ClearFlag_FE0
                0x0000000008003ff4        0x6 zephyr/drivers/dma/libdrivers__dma.a(dma_stm32_v1.c.obj)
 .text.LL_DMA_ClearFlag_FE1
                0x0000000008003ffa        0x6 zephyr/drivers/dma/libdrivers__dma.a(dma_stm32_v1.c.obj)
 .text.LL_DMA_ClearFlag_FE2
                0x0000000008004000        0x8 zephyr/drivers/dma/libdrivers__dma.a(dma_stm32_v1.c.obj)
 .text.LL_DMA_ClearFlag_FE3
                0x0000000008004008        0x8 zephyr/drivers/dma/libdrivers__dma.a(dma_stm32_v1.c.obj)
 .text.LL_DMA_ClearFlag_FE4
                0x0000000008004010        0x6 zephyr/drivers/dma/libdrivers__dma.a(dma_stm32_v1.c.obj)
 .text.LL_DMA_ClearFlag_FE5
                0x0000000008004016        0x6 zephyr/drivers/dma/libdrivers__dma.a(dma_stm32_v1.c.obj)
 .text.LL_DMA_ClearFlag_FE6
                0x000000000800401c        0x8 zephyr/drivers/dma/libdrivers__dma.a(dma_stm32_v1.c.obj)
 .text.LL_DMA_ClearFlag_FE7
                0x0000000008004024        0x8 zephyr/drivers/dma/libdrivers__dma.a(dma_stm32_v1.c.obj)
 .text.stm32_dma_dump_stream_irq
                0x000000000800402c        0x2 zephyr/drivers/dma/libdrivers__dma.a(dma_stm32_v1.c.obj)
                0x000000000800402c                stm32_dma_dump_stream_irq
 .text.stm32_dma_clear_stream_irq
                0x000000000800402e       0x1e zephyr/drivers/dma/libdrivers__dma.a(dma_stm32_v1.c.obj)
                0x000000000800402e                stm32_dma_clear_stream_irq
 .text.stm32_dma_check_fifo_mburst
                0x000000000800404c       0x4e zephyr/drivers/dma/libdrivers__dma.a(dma_stm32_v1.c.obj)
                0x000000000800404c                stm32_dma_check_fifo_mburst
 .text.stm32_dma_get_fifo_threshold
                0x000000000800409a        0xa zephyr/drivers/dma/libdrivers__dma.a(dma_stm32_v1.c.obj)
                0x000000000800409a                stm32_dma_get_fifo_threshold
 .text.gpio_stm32_port_get_raw
                0x00000000080040a4        0xc zephyr/drivers/gpio/libdrivers__gpio.a(gpio_stm32.c.obj)
 .text.gpio_stm32_port_set_masked_raw
                0x00000000080040b0       0x12 zephyr/drivers/gpio/libdrivers__gpio.a(gpio_stm32.c.obj)
 .text.gpio_stm32_port_set_bits_raw
                0x00000000080040c2        0xa zephyr/drivers/gpio/libdrivers__gpio.a(gpio_stm32.c.obj)
 .text.gpio_stm32_port_clear_bits_raw
                0x00000000080040cc        0xc zephyr/drivers/gpio/libdrivers__gpio.a(gpio_stm32.c.obj)
 .text.gpio_stm32_port_toggle_bits
                0x00000000080040d8        0xe zephyr/drivers/gpio/libdrivers__gpio.a(gpio_stm32.c.obj)
 .text.gpio_stm32_manage_callback
                0x00000000080040e6       0x52 zephyr/drivers/gpio/libdrivers__gpio.a(gpio_stm32.c.obj)
 .text.gpio_stm32_configure_raw.isra.0
                0x0000000008004138      0x106 zephyr/drivers/gpio/libdrivers__gpio.a(gpio_stm32.c.obj)
 .text.gpio_stm32_config
                0x000000000800423e       0x78 zephyr/drivers/gpio/libdrivers__gpio.a(gpio_stm32.c.obj)
 .text.gpio_stm32_isr
                0x00000000080042b6       0x2e zephyr/drivers/gpio/libdrivers__gpio.a(gpio_stm32.c.obj)
 .text.gpio_stm32_configure
                0x00000000080042e4       0x30 zephyr/drivers/gpio/libdrivers__gpio.a(gpio_stm32.c.obj)
                0x00000000080042e4                gpio_stm32_configure
 .text.pinctrl_lookup_state
                0x0000000008004314       0x26 zephyr/drivers/pinctrl/libdrivers__pinctrl.a(common.c.obj)
                0x0000000008004314                pinctrl_lookup_state
 .text.reset_stm32_status
                0x000000000800433a       0x20 zephyr/drivers/reset/libdrivers__reset.a(reset_stm32.c.obj)
 .text.reset_stm32_line_assert
                0x000000000800435a       0x1c zephyr/drivers/reset/libdrivers__reset.a(reset_stm32.c.obj)
 .text.reset_stm32_line_deassert
                0x0000000008004376       0x1e zephyr/drivers/reset/libdrivers__reset.a(reset_stm32.c.obj)
 .text.reset_stm32_line_toggle
                0x0000000008004394       0x16 zephyr/drivers/reset/libdrivers__reset.a(reset_stm32.c.obj)
 .text.dma_get_status
                0x00000000080043aa        0xe zephyr/drivers/serial/libdrivers__serial.a(uart_stm32.c.obj)
 .text.dma_start
                0x00000000080043b8        0x6 zephyr/drivers/serial/libdrivers__serial.a(uart_stm32.c.obj)
 .text.LL_USART_ClearFlag_PE
                0x00000000080043be       0x12 zephyr/drivers/serial/libdrivers__serial.a(uart_stm32.c.obj)
 .text.uart_stm32_err_check
                0x00000000080043d0       0x66 zephyr/drivers/serial/libdrivers__serial.a(uart_stm32.c.obj)
 .text.uart_stm32_irq_tx_ready
                0x0000000008004436       0x14 zephyr/drivers/serial/libdrivers__serial.a(uart_stm32.c.obj)
 .text.uart_stm32_irq_tx_complete
                0x000000000800444a        0xc zephyr/drivers/serial/libdrivers__serial.a(uart_stm32.c.obj)
 .text.uart_stm32_irq_rx_ready
                0x0000000008004456        0xc zephyr/drivers/serial/libdrivers__serial.a(uart_stm32.c.obj)
 .text.uart_stm32_irq_is_pending
                0x0000000008004462       0x24 zephyr/drivers/serial/libdrivers__serial.a(uart_stm32.c.obj)
 .text.uart_stm32_irq_update
                0x0000000008004486        0x4 zephyr/drivers/serial/libdrivers__serial.a(uart_stm32.c.obj)
 .text.uart_stm32_irq_callback_set
                0x000000000800448a        0xe zephyr/drivers/serial/libdrivers__serial.a(uart_stm32.c.obj)
 .text.async_user_callback
                0x0000000008004498        0xc zephyr/drivers/serial/libdrivers__serial.a(uart_stm32.c.obj)
 .text.async_evt_rx_rdy
                0x00000000080044a4       0x36 zephyr/drivers/serial/libdrivers__serial.a(uart_stm32.c.obj)
 .text.async_evt_rx_buf_request
                0x00000000080044da       0x22 zephyr/drivers/serial/libdrivers__serial.a(uart_stm32.c.obj)
 .text.async_evt_rx_buf_release
                0x00000000080044fc       0x26 zephyr/drivers/serial/libdrivers__serial.a(uart_stm32.c.obj)
 .text.uart_stm32_async_callback_set
                0x0000000008004522        0xe zephyr/drivers/serial/libdrivers__serial.a(uart_stm32.c.obj)
 .text.uart_stm32_async_rx_enable
                0x0000000008004530       0xe6 zephyr/drivers/serial/libdrivers__serial.a(uart_stm32.c.obj)
 .text.uart_stm32_async_rx_buf_rsp
                0x0000000008004616       0x38 zephyr/drivers/serial/libdrivers__serial.a(uart_stm32.c.obj)
 .text.uart_stm32_irq_config_func_0
                0x000000000800464e       0x16 zephyr/drivers/serial/libdrivers__serial.a(uart_stm32.c.obj)
 .text.uart_stm32_irq_config_func_1
                0x0000000008004664       0x16 zephyr/drivers/serial/libdrivers__serial.a(uart_stm32.c.obj)
 .text.uart_stm32_irq_config_func_2
                0x000000000800467a       0x16 zephyr/drivers/serial/libdrivers__serial.a(uart_stm32.c.obj)
 .text.uart_stm32_set_baudrate
                0x0000000008004690       0x54 zephyr/drivers/serial/libdrivers__serial.a(uart_stm32.c.obj)
 .text.uart_stm32_dma_rx_flush.isra.0
                0x00000000080046e4       0x2a zephyr/drivers/serial/libdrivers__serial.a(uart_stm32.c.obj)
 .text.uart_stm32_isr
                0x000000000800470e       0xca zephyr/drivers/serial/libdrivers__serial.a(uart_stm32.c.obj)
 .text.uart_stm32_async_tx_abort
                0x00000000080047d8       0x6c zephyr/drivers/serial/libdrivers__serial.a(uart_stm32.c.obj)
 .text.uart_stm32_async_tx_timeout
                0x0000000008004844        0xa zephyr/drivers/serial/libdrivers__serial.a(uart_stm32.c.obj)
 .text.uart_stm32_dma_rx_cb
                0x000000000800484e       0xa6 zephyr/drivers/serial/libdrivers__serial.a(uart_stm32.c.obj)
                0x000000000800484e                uart_stm32_dma_rx_cb
 .text.uart_stm32_poll_out
                0x00000000080048f4       0x38 zephyr/drivers/serial/libdrivers__serial.a(uart_stm32.c.obj)
 .text.uart_stm32_poll_in
                0x000000000800492c       0x22 zephyr/drivers/serial/libdrivers__serial.a(uart_stm32.c.obj)
 .text.uart_stm32_irq_tx_enable
                0x000000000800494e       0x1e zephyr/drivers/serial/libdrivers__serial.a(uart_stm32.c.obj)
 .text.uart_stm32_irq_tx_disable
                0x000000000800496c       0x1e zephyr/drivers/serial/libdrivers__serial.a(uart_stm32.c.obj)
 .text.uart_stm32_irq_rx_enable
                0x000000000800498a       0x1e zephyr/drivers/serial/libdrivers__serial.a(uart_stm32.c.obj)
 .text.uart_stm32_irq_rx_disable
                0x00000000080049a8       0x1e zephyr/drivers/serial/libdrivers__serial.a(uart_stm32.c.obj)
 .text.uart_stm32_async_rx_disable
                0x00000000080049c6       0xbc zephyr/drivers/serial/libdrivers__serial.a(uart_stm32.c.obj)
 .text.uart_stm32_async_rx_timeout
                0x0000000008004a82       0x1c zephyr/drivers/serial/libdrivers__serial.a(uart_stm32.c.obj)
 .text.uart_stm32_dma_tx_cb
                0x0000000008004a9e       0x62 zephyr/drivers/serial/libdrivers__serial.a(uart_stm32.c.obj)
                0x0000000008004a9e                uart_stm32_dma_tx_cb
 .text.uart_stm32_fifo_read
                0x0000000008004b00       0x44 zephyr/drivers/serial/libdrivers__serial.a(uart_stm32.c.obj)
 .text.uart_stm32_fifo_fill
                0x0000000008004b44       0x5a zephyr/drivers/serial/libdrivers__serial.a(uart_stm32.c.obj)
 .text.uart_stm32_config_get
                0x0000000008004b9e       0x8e zephyr/drivers/serial/libdrivers__serial.a(uart_stm32.c.obj)
 .text.uart_stm32_async_tx
                0x0000000008004c2c       0xdc zephyr/drivers/serial/libdrivers__serial.a(uart_stm32.c.obj)
 .text.LL_DMA_StructInit
                0x0000000008004d08       0x22 modules/stm32/stm32cube/lib..__modules__hal__stm32__stm32cube.a(stm32f4xx_ll_dma.c.obj)
                0x0000000008004d08                LL_DMA_StructInit
 .text.z_device_state_init
                0x0000000008004d2a        0x2 zephyr/kernel/libkernel.a(device.c.obj)
                0x0000000008004d2a                z_device_state_init
 .text.z_device_is_ready
                0x0000000008004d2c       0x16 zephyr/kernel/libkernel.a(device.c.obj)
                0x0000000008004d2c                z_device_is_ready
 .text.arch_system_halt
                0x0000000008004d42       0x10 zephyr/kernel/libkernel.a(fatal.c.obj)
                0x0000000008004d42                arch_system_halt
 .text.k_sys_fatal_error_handler
                0x0000000008004d52        0x6 zephyr/kernel/libkernel.a(fatal.c.obj)
                0x0000000008004d52                k_sys_fatal_error_handler
 .text.do_device_init
                0x0000000008004d58       0x30 zephyr/kernel/libkernel.a(init.c.obj)
 .text.z_early_memset
                0x0000000008004d88        0x4 zephyr/kernel/libkernel.a(init.c.obj)
                0x0000000008004d88                z_early_memset
 .text.z_early_memcpy
                0x0000000008004d8c        0x4 zephyr/kernel/libkernel.a(init.c.obj)
                0x0000000008004d8c                z_early_memcpy
 .text.idle     0x0000000008004d90       0x16 zephyr/kernel/libkernel.a(idle.c.obj)
                0x0000000008004d90                idle
 .text.flag_test_and_clear
                0x0000000008004da6       0x16 zephyr/kernel/libkernel.a(work.c.obj)
 .text.unschedule_locked
                0x0000000008004dbc       0x1e zephyr/kernel/libkernel.a(work.c.obj)
 .text.notify_queue_locked.isra.0
                0x0000000008004dda        0xe zephyr/kernel/libkernel.a(work.c.obj)
 .text.cancel_async_locked
                0x0000000008004de8       0x66 zephyr/kernel/libkernel.a(work.c.obj)
 .text.work_timeout
                0x0000000008004e4e       0x3c zephyr/kernel/libkernel.a(work.c.obj)
 .text.k_work_init_delayable
                0x0000000008004e8a       0x18 zephyr/kernel/libkernel.a(work.c.obj)
                0x0000000008004e8a                k_work_init_delayable
 .text.k_work_cancel_delayable
                0x0000000008004ea2       0x26 zephyr/kernel/libkernel.a(work.c.obj)
                0x0000000008004ea2                k_work_cancel_delayable
 .text.k_is_in_isr
                0x0000000008004ec8        0xc zephyr/kernel/libkernel.a(thread.c.obj)
                0x0000000008004ec8                k_is_in_isr
 .text.z_impl_k_thread_name_set
                0x0000000008004ed4        0x6 zephyr/kernel/libkernel.a(thread.c.obj)
                0x0000000008004ed4                z_impl_k_thread_name_set
 .text.z_impl_k_thread_start
                0x0000000008004eda        0x4 zephyr/kernel/libkernel.a(thread.c.obj)
                0x0000000008004eda                z_impl_k_thread_start
 .text.sys_dlist_remove
                0x0000000008004ede       0x10 zephyr/kernel/libkernel.a(sched.c.obj)
 .text.unpend_thread_no_timeout
                0x0000000008004eee       0x14 zephyr/kernel/libkernel.a(sched.c.obj)
 .text.add_to_waitq_locked
                0x0000000008004f02       0x50 zephyr/kernel/libkernel.a(sched.c.obj)
 .text.z_ready_thread
                0x0000000008004f52       0x1e zephyr/kernel/libkernel.a(sched.c.obj)
                0x0000000008004f52                z_ready_thread
 .text.z_impl_k_thread_suspend
                0x0000000008004f70       0x32 zephyr/kernel/libkernel.a(sched.c.obj)
                0x0000000008004f70                z_impl_k_thread_suspend
 .text.z_sched_wake_thread
                0x0000000008004fa2       0x42 zephyr/kernel/libkernel.a(sched.c.obj)
                0x0000000008004fa2                z_sched_wake_thread
 .text.z_thread_timeout
                0x0000000008004fe4        0x8 zephyr/kernel/libkernel.a(sched.c.obj)
                0x0000000008004fe4                z_thread_timeout
 .text.z_unpend_first_thread
                0x0000000008004fec       0x36 zephyr/kernel/libkernel.a(sched.c.obj)
                0x0000000008004fec                z_unpend_first_thread
 .text.z_thread_abort
                0x0000000008005022       0x44 zephyr/kernel/libkernel.a(sched.c.obj)
                0x0000000008005022                z_thread_abort
 .text.z_sched_wake
                0x0000000008005066       0x44 zephyr/kernel/libkernel.a(sched.c.obj)
                0x0000000008005066                z_sched_wake
 .text.z_abort_timeout
                0x00000000080050aa       0x2a zephyr/kernel/libkernel.a(timeout.c.obj)
                0x00000000080050aa                z_abort_timeout
 .text.sys_clock_tick_get_32
                0x00000000080050d4        0x8 zephyr/kernel/libkernel.a(timeout.c.obj)
                0x00000000080050d4                sys_clock_tick_get_32
 .text.strnlen  0x00000000080050dc       0x18 /home/giang/zephyr-sdk-0.16.5-1/arm-zephyr-eabi/bin/../lib/gcc/../../picolibc/arm-zephyr-eabi/lib/thumb/v7e-m/nofp/libc.a(libc_string_strnlen.c.o)
                0x00000000080050dc                strnlen
 .text.__ultoa_invert
                0x00000000080050f4       0xae /home/giang/zephyr-sdk-0.16.5-1/arm-zephyr-eabi/bin/../lib/gcc/../../picolibc/arm-zephyr-eabi/lib/thumb/v7e-m/nofp/libc.a(libc_tinystdio_vflprintf.c.o)
 .text.memcpy   0x00000000080051a2       0x1c /home/giang/zephyr-sdk-0.16.5-1/arm-zephyr-eabi/bin/../lib/gcc/../../picolibc/arm-zephyr-eabi/lib/thumb/v7e-m/nofp/libc.a(memcpy.c.o)
                0x00000000080051a2                memcpy
                0x00000000080051a2                __aeabi_memcpy
                0x00000000080051a2                __aeabi_memcpy4
                0x00000000080051a2                __aeabi_memcpy8
 .text.memset   0x00000000080051be       0x10 /home/giang/zephyr-sdk-0.16.5-1/arm-zephyr-eabi/bin/../lib/gcc/../../picolibc/arm-zephyr-eabi/lib/thumb/v7e-m/nofp/libc.a(memset.c.o)
                0x00000000080051be                memset
 *(SORT_BY_ALIGNMENT(.TEXT.*))
 *fill*         0x00000000080051ce        0x2 
 .TEXT.__aeabi_read_tp
                0x00000000080051d0        0xc zephyr/arch/arch/arm/core/cortex_m/libarch__arm__core__cortex_m.a(__aeabi_read_tp.S.obj)
                0x00000000080051d0                __aeabi_read_tp
 *(SORT_BY_ALIGNMENT(.gnu.linkonce.t.*))
 *(SORT_BY_ALIGNMENT(.glue_7t))
 .glue_7t       0x00000000080051dc        0x0 linker stubs
 *(SORT_BY_ALIGNMENT(.glue_7))
 .glue_7        0x00000000080051dc        0x0 linker stubs
 *(SORT_BY_ALIGNMENT(.vfp11_veneer))
 .vfp11_veneer  0x00000000080051dc        0x0 linker stubs
 *(SORT_BY_ALIGNMENT(.v4_bx))
 .v4_bx         0x00000000080051dc        0x0 linker stubs
                0x00000000080051dc                . = ALIGN (0x4)
                0x00000000080051dc                __text_region_end = .

.ARM.exidx      0x00000000080051dc        0x8
                0x00000000080051dc                __exidx_start = .
 *(SORT_BY_ALIGNMENT(.ARM.exidx*) SORT_BY_ALIGNMENT(gnu.linkonce.armexidx.*))
 .ARM.exidx     0x00000000080051dc        0x8 /home/giang/zephyr-sdk-0.16.5-1/arm-zephyr-eabi/bin/../lib/gcc/arm-zephyr-eabi/12.2.0/thumb/v7e-m/nofp/libgcc.a(_udivmoddi4.o)
 .ARM.exidx     0x00000000080051e4        0x0 /home/giang/zephyr-sdk-0.16.5-1/arm-zephyr-eabi/bin/../lib/gcc/../../picolibc/arm-zephyr-eabi/lib/thumb/v7e-m/nofp/libc.a(strlen.S.o)
                                          0x8 (size before relaxing)
                0x00000000080051e4                __exidx_end = .
                0x00000000080051e4                __rodata_region_start = .

initlevel       0x00000000080051e4       0xb0
                0x00000000080051e4                __init_start = .
                0x00000000080051e4                __init_EARLY_start = .
 *(SORT_BY_NAME(SORT_BY_ALIGNMENT(.z_init_EARLY?_*)))
 *(SORT_BY_NAME(SORT_BY_ALIGNMENT(.z_init_EARLY??_*)))
                0x00000000080051e4                __init_PRE_KERNEL_1_start = .
 *(SORT_BY_NAME(SORT_BY_ALIGNMENT(.z_init_PRE_KERNEL_1?_*)))
 .z_init_PRE_KERNEL_10_0_
                0x00000000080051e4        0x8 zephyr/libzephyr.a(soc.c.obj)
 .z_init_PRE_KERNEL_11_00008_
                0x00000000080051ec        0x8 zephyr/drivers/clock_control/libdrivers__clock_control.a(clock_stm32_ll_common.c.obj)
 .z_init_PRE_KERNEL_11_0_
                0x00000000080051f4        0x8 zephyr/libzephyr.a(soc_config.c.obj)
 *(SORT_BY_NAME(SORT_BY_ALIGNMENT(.z_init_PRE_KERNEL_1??_*)))
 .z_init_PRE_KERNEL_135_00040_
                0x00000000080051fc        0x8 zephyr/drivers/reset/libdrivers__reset.a(reset_stm32.c.obj)
 .z_init_PRE_KERNEL_140_00031_
                0x0000000008005204        0x8 zephyr/drivers/gpio/libdrivers__gpio.a(gpio_stm32.c.obj)
 .z_init_PRE_KERNEL_140_00034_
                0x000000000800520c        0x8 zephyr/drivers/gpio/libdrivers__gpio.a(gpio_stm32.c.obj)
 .z_init_PRE_KERNEL_140_00052_
                0x0000000008005214        0x8 zephyr/drivers/dma/libdrivers__dma.a(dma_stm32.c.obj)
 .z_init_PRE_KERNEL_140_00055_
                0x000000000800521c        0x8 zephyr/drivers/dma/libdrivers__dma.a(dma_stm32.c.obj)
 .z_init_PRE_KERNEL_140_00059_
                0x0000000008005224        0x8 zephyr/drivers/interrupt_controller/libdrivers__interrupt_controller.a(intc_exti_stm32.c.obj)
 .z_init_PRE_KERNEL_140_00089_
                0x000000000800522c        0x8 zephyr/drivers/gpio/libdrivers__gpio.a(gpio_stm32.c.obj)
 .z_init_PRE_KERNEL_140_00092_
                0x0000000008005234        0x8 zephyr/drivers/gpio/libdrivers__gpio.a(gpio_stm32.c.obj)
 .z_init_PRE_KERNEL_140_00093_
                0x000000000800523c        0x8 zephyr/drivers/gpio/libdrivers__gpio.a(gpio_stm32.c.obj)
 .z_init_PRE_KERNEL_140_00094_
                0x0000000008005244        0x8 zephyr/drivers/gpio/libdrivers__gpio.a(gpio_stm32.c.obj)
 .z_init_PRE_KERNEL_140_00095_
                0x000000000800524c        0x8 zephyr/drivers/gpio/libdrivers__gpio.a(gpio_stm32.c.obj)
 .z_init_PRE_KERNEL_140_00096_
                0x0000000008005254        0x8 zephyr/drivers/gpio/libdrivers__gpio.a(gpio_stm32.c.obj)
 .z_init_PRE_KERNEL_150_00063_
                0x000000000800525c        0x8 zephyr/drivers/serial/libdrivers__serial.a(uart_stm32.c.obj)
 .z_init_PRE_KERNEL_150_00066_
                0x0000000008005264        0x8 zephyr/drivers/serial/libdrivers__serial.a(uart_stm32.c.obj)
 .z_init_PRE_KERNEL_150_00069_
                0x000000000800526c        0x8 zephyr/drivers/serial/libdrivers__serial.a(uart_stm32.c.obj)
 .z_init_PRE_KERNEL_160_0_
                0x0000000008005274        0x8 zephyr/drivers/console/libdrivers__console.a(uart_console.c.obj)
                0x000000000800527c                __init_PRE_KERNEL_2_start = .
 *(SORT_BY_NAME(SORT_BY_ALIGNMENT(.z_init_PRE_KERNEL_2?_*)))
 .z_init_PRE_KERNEL_20_0_
                0x000000000800527c        0x8 zephyr/drivers/timer/libdrivers__timer.a(cortex_m_systick.c.obj)
 *(SORT_BY_NAME(SORT_BY_ALIGNMENT(.z_init_PRE_KERNEL_2??_*)))
                0x0000000008005284                __init_POST_KERNEL_start = .
 *(SORT_BY_NAME(SORT_BY_ALIGNMENT(.z_init_POST_KERNEL?_*)))
 *(SORT_BY_NAME(SORT_BY_ALIGNMENT(.z_init_POST_KERNEL??_*)))
 .z_init_POST_KERNEL40_0_
                0x0000000008005284        0x8 zephyr/lib/libc/common/liblib__libc__common.a(malloc.c.obj)
 .z_init_POST_KERNEL40_0_
                0x000000000800528c        0x8 zephyr/kernel/libkernel.a(system_work_q.c.obj)
                0x0000000008005294                __init_APPLICATION_start = .
 *(SORT_BY_NAME(SORT_BY_ALIGNMENT(.z_init_APPLICATION?_*)))
 *(SORT_BY_NAME(SORT_BY_ALIGNMENT(.z_init_APPLICATION??_*)))
                0x0000000008005294                __init_SMP_start = .
 *(SORT_BY_NAME(SORT_BY_ALIGNMENT(.z_init_SMP?_*)))
 *(SORT_BY_NAME(SORT_BY_ALIGNMENT(.z_init_SMP??_*)))
                0x0000000008005294                __init_end = .
                0x0000000008005294                __deferred_init_list_start = .
 *(SORT_BY_ALIGNMENT(.z_deferred_init))
                0x0000000008005294                __deferred_init_list_end = .

device_area     0x0000000008005294      0x140
                0x0000000008005294                _device_list_start = .
 *(SORT_BY_NAME(SORT_BY_ALIGNMENT(._device.static.*_?_*)))
 ._device.static.1_1_
                0x0000000008005294       0x14 zephyr/drivers/clock_control/libdrivers__clock_control.a(clock_stm32_ll_common.c.obj)
                0x0000000008005294                __device_dts_ord_8
 *(SORT_BY_NAME(SORT_BY_ALIGNMENT(._device.static.*_??_*)))
 ._device.static.1_35_
                0x00000000080052a8       0x14 zephyr/drivers/reset/libdrivers__reset.a(reset_stm32.c.obj)
                0x00000000080052a8                __device_dts_ord_40
 ._device.static.1_40_
                0x00000000080052bc       0x14 zephyr/drivers/interrupt_controller/libdrivers__interrupt_controller.a(intc_exti_stm32.c.obj)
                0x00000000080052bc                __device_dts_ord_59
 ._device.static.1_40_
                0x00000000080052d0       0x28 zephyr/drivers/dma/libdrivers__dma.a(dma_stm32.c.obj)
                0x00000000080052d0                __device_dts_ord_55
                0x00000000080052e4                __device_dts_ord_52
 ._device.static.1_40_
                0x00000000080052f8       0xa0 zephyr/drivers/gpio/libdrivers__gpio.a(gpio_stm32.c.obj)
                0x00000000080052f8                __device_dts_ord_96
                0x000000000800530c                __device_dts_ord_95
                0x0000000008005320                __device_dts_ord_94
                0x0000000008005334                __device_dts_ord_89
                0x0000000008005348                __device_dts_ord_34
                0x000000000800535c                __device_dts_ord_93
                0x0000000008005370                __device_dts_ord_92
                0x0000000008005384                __device_dts_ord_31
 ._device.static.1_50_
                0x0000000008005398       0x3c zephyr/drivers/serial/libdrivers__serial.a(uart_stm32.c.obj)
                0x0000000008005398                __device_dts_ord_69
                0x00000000080053ac                __device_dts_ord_63
                0x00000000080053c0                __device_dts_ord_66
                0x00000000080053d4                _device_list_end = .

sw_isr_table    0x00000000080053d4      0x2b0
                0x00000000080053d4                . = ALIGN (0x4)
 *(SORT_BY_ALIGNMENT(.gnu.linkonce.sw_isr_table*))
 .gnu.linkonce.sw_isr_table
                0x00000000080053d4      0x2b0 zephyr/CMakeFiles/zephyr_final.dir/isr_tables.c.obj
                0x00000000080053d4                _sw_isr_table

initlevel_error
                0x00000000080051e4        0x0
 *(SORT_BY_NAME(SORT_BY_ALIGNMENT(.z_init_[_A-Z0-9]*)))
                0x0000000000000001                ASSERT ((SIZEOF (initlevel_error) == 0x0), Undefined initialization levels used.)

app_shmem_regions
                0x0000000008005684        0x0
                0x0000000008005684                __app_shmem_regions_start = .
 *(SORT_BY_NAME(SORT_BY_ALIGNMENT(.app_regions.*)))
                0x0000000008005684                __app_shmem_regions_end = .

k_p4wq_initparam_area
                0x0000000008005684        0x0
                0x0000000008005684                _k_p4wq_initparam_list_start = .
 *(SORT_BY_NAME(SORT_BY_ALIGNMENT(._k_p4wq_initparam.static.*)))
                0x0000000008005684                _k_p4wq_initparam_list_end = .

_static_thread_data_area
                0x0000000008005684        0x0
                0x0000000008005684                __static_thread_data_list_start = .
 *(SORT_BY_NAME(SORT_BY_ALIGNMENT(.__static_thread_data.static.*)))
                0x0000000008005684                __static_thread_data_list_end = .

device_deps     0x0000000008005684        0x0
                0x0000000008005684                __device_deps_start = .
 *(SORT_BY_NAME(SORT_BY_ALIGNMENT(.__device_deps_pass2*)))
                0x0000000008005684                __device_deps_end = .

ztest           0x0000000008005684        0x0
                0x0000000008005684                _ztest_expected_result_entry_list_start = .
 *(SORT_BY_NAME(SORT_BY_ALIGNMENT(._ztest_expected_result_entry.static.*)))
                0x0000000008005684                _ztest_expected_result_entry_list_end = .
                0x0000000008005684                _ztest_suite_node_list_start = .
 *(SORT_BY_NAME(SORT_BY_ALIGNMENT(._ztest_suite_node.static.*)))
                0x0000000008005684                _ztest_suite_node_list_end = .
                0x0000000008005684                _ztest_unit_test_list_start = .
 *(SORT_BY_NAME(SORT_BY_ALIGNMENT(._ztest_unit_test.static.*)))
                0x0000000008005684                _ztest_unit_test_list_end = .
                0x0000000008005684                _ztest_test_rule_list_start = .
 *(SORT_BY_NAME(SORT_BY_ALIGNMENT(._ztest_test_rule.static.*)))
                0x0000000008005684                _ztest_test_rule_list_end = .

bt_l2cap_fixed_chan_area
                0x0000000008005684        0x0
                0x0000000008005684                _bt_l2cap_fixed_chan_list_start = .
 *(SORT_BY_NAME(SORT_BY_ALIGNMENT(._bt_l2cap_fixed_chan.static.*)))
                0x0000000008005684                _bt_l2cap_fixed_chan_list_end = .

bt_gatt_service_static_area
                0x0000000008005684        0x0
                0x0000000008005684                _bt_gatt_service_static_list_start = .
 *(SORT_BY_NAME(SORT_BY_ALIGNMENT(._bt_gatt_service_static.static.*)))
                0x0000000008005684                _bt_gatt_service_static_list_end = .

log_strings_area
                0x0000000008005684        0x0
                0x0000000008005684                _log_strings_list_start = .
 *(SORT_BY_NAME(SORT_BY_ALIGNMENT(._log_strings.static.*)))
                0x0000000008005684                _log_strings_list_end = .

log_const_area  0x0000000008005684        0x0
                0x0000000008005684                _log_const_list_start = .
 *(SORT_BY_NAME(SORT_BY_ALIGNMENT(._log_const.static.*)))
                0x0000000008005684                _log_const_list_end = .

log_backend_area
                0x0000000008005684        0x0
                0x0000000008005684                _log_backend_list_start = .
 *(SORT_BY_NAME(SORT_BY_ALIGNMENT(._log_backend.static.*)))
                0x0000000008005684                _log_backend_list_end = .

log_link_area   0x0000000008005684        0x0
                0x0000000008005684                _log_link_list_start = .
 *(SORT_BY_NAME(SORT_BY_ALIGNMENT(._log_link.static.*)))
                0x0000000008005684                _log_link_list_end = .

tracing_backend_area
                0x0000000008005684        0x0
                0x0000000008005684                _tracing_backend_list_start = .
 *(SORT_BY_NAME(SORT_BY_ALIGNMENT(._tracing_backend.static.*)))
                0x0000000008005684                _tracing_backend_list_end = .

zephyr_dbg_info
 *(SORT_BY_ALIGNMENT(.dbg_thread_info))

symbol_to_keep  0x0000000008005684        0x0
                0x0000000008005684                __symbol_to_keep_start = .
 *(SORT_BY_NAME(SORT_BY_ALIGNMENT(.symbol_to_keep*)))
                0x0000000008005684                __symbol_to_keep_end = .

shell_area      0x0000000008005684        0x0
                0x0000000008005684                _shell_list_start = .
 *(SORT_BY_NAME(SORT_BY_ALIGNMENT(._shell.static.*)))
                0x0000000008005684                _shell_list_end = .

shell_root_cmds_area
                0x0000000008005684        0x0
                0x0000000008005684                _shell_root_cmds_list_start = .
 *(SORT_BY_NAME(SORT_BY_ALIGNMENT(._shell_root_cmds.static.*)))
                0x0000000008005684                _shell_root_cmds_list_end = .

shell_subcmds_area
                0x0000000008005684        0x0
                0x0000000008005684                _shell_subcmds_list_start = .
 *(SORT_BY_NAME(SORT_BY_ALIGNMENT(._shell_subcmds.static.*)))
                0x0000000008005684                _shell_subcmds_list_end = .

shell_dynamic_subcmds_area
                0x0000000008005684        0x0
                0x0000000008005684                _shell_dynamic_subcmds_list_start = .
 *(SORT_BY_NAME(SORT_BY_ALIGNMENT(._shell_dynamic_subcmds.static.*)))
                0x0000000008005684                _shell_dynamic_subcmds_list_end = .

cfb_font_area   0x0000000008005684        0x0
                0x0000000008005684                _cfb_font_list_start = .
 *(SORT_BY_NAME(SORT_BY_ALIGNMENT(._cfb_font.static.*)))
                0x0000000008005684                _cfb_font_list_end = .

tdata           0x0000000008005684        0x0
 *(SORT_BY_ALIGNMENT(.tdata) SORT_BY_ALIGNMENT(.tdata.*) SORT_BY_ALIGNMENT(.gnu.linkonce.td.*))

tbss            0x0000000008005684        0x4
 *(SORT_BY_ALIGNMENT(.tbss) SORT_BY_ALIGNMENT(.tbss.*) SORT_BY_ALIGNMENT(.gnu.linkonce.tb.*) SORT_BY_ALIGNMENT(.tcommon))
 .tbss.z_tls_current
                0x0000000008005684        0x4 zephyr/libzephyr.a(thread_entry.c.obj)
                0x0000000008005684                z_tls_current
                0x0000000008005684                PROVIDE (__tdata_start = LOADADDR (tdata))
                0x0000000000000001                PROVIDE (__tdata_align = ALIGNOF (tdata))
                0x0000000000000000                PROVIDE (__tdata_size = (((SIZEOF (tdata) + __tdata_align) - 0x1) & ~ ((__tdata_align - 0x1))))
                [!provide]                        PROVIDE (__tdata_end = (__tdata_start + __tdata_size))
                0x0000000000000004                PROVIDE (__tbss_align = ALIGNOF (tbss))
                [!provide]                        PROVIDE (__tbss_start = ADDR (tbss))
                0x0000000000000004                PROVIDE (__tbss_size = (((SIZEOF (tbss) + __tbss_align) - 0x1) & ~ ((__tbss_align - 0x1))))
                [!provide]                        PROVIDE (__tbss_end = (__tbss_start + __tbss_size))
                [!provide]                        PROVIDE (__tls_start = __tdata_start)
                [!provide]                        PROVIDE (__tls_end = __tbss_end)
                [!provide]                        PROVIDE (__tls_size = (__tbss_end - __tdata_start))

rodata          0x0000000008005684      0x780
 *(SORT_BY_ALIGNMENT(.rodata))
 .rodata        0x0000000008005684        0x8 zephyr/drivers/gpio/libdrivers__gpio.a(gpio_stm32.c.obj)
 .rodata        0x000000000800568c        0x8 zephyr/kernel/libkernel.a(system_work_q.c.obj)
 *(SORT_BY_ALIGNMENT(.rodata.*))
 .rodata.uart_cfg
                0x0000000008005694        0x8 app/libapp.a(main.c.obj)
                0x0000000008005694                uart_cfg
 .rodata.mem_attr_region
                0x000000000800569c        0x0 zephyr/libzephyr.a(mem_attr.c.obj)
 .rodata.static_regions
                0x000000000800569c        0xc zephyr/arch/arch/arm/core/mpu/libarch__arm__core__mpu.a(arm_core_mpu.c.obj)
 .rodata.mpu_config
                0x00000000080056a8        0x8 zephyr/arch/arch/arm/core/mpu/libarch__arm__core__mpu.a(arm_mpu_regions.c.obj)
                0x00000000080056a8                mpu_config
 .rodata.mpu_regions
                0x00000000080056b0       0x18 zephyr/arch/arch/arm/core/mpu/libarch__arm__core__mpu.a(arm_mpu_regions.c.obj)
 .rodata.stdout
                0x00000000080056c8        0x4 zephyr/lib/libc/picolibc/liblib__libc__picolibc.a(libc-hooks.c.obj)
                0x00000000080056c8                stdout
                0x00000000080056c8                stderr
 .rodata.dma_stm32_config_1
                0x00000000080056cc       0x1c zephyr/drivers/dma/libdrivers__dma.a(dma_stm32.c.obj)
                0x00000000080056cc                dma_stm32_config_1
 .rodata.dma_stm32_config_0
                0x00000000080056e8       0x1c zephyr/drivers/dma/libdrivers__dma.a(dma_stm32.c.obj)
                0x00000000080056e8                dma_stm32_config_0
 .rodata.dma_funcs
                0x0000000008005704       0x24 zephyr/drivers/dma/libdrivers__dma.a(dma_stm32.c.obj)
 .rodata.table_p_size
                0x0000000008005728        0xc zephyr/drivers/dma/libdrivers__dma.a(dma_stm32.c.obj)
 .rodata.table_m_size
                0x0000000008005734        0xc zephyr/drivers/dma/libdrivers__dma.a(dma_stm32.c.obj)
 .rodata.CSWTCH.740
                0x0000000008005740       0x34 zephyr/drivers/dma/libdrivers__dma.a(dma_stm32_v1.c.obj)
 .rodata.CSWTCH.738
                0x0000000008005774       0x34 zephyr/drivers/dma/libdrivers__dma.a(dma_stm32_v1.c.obj)
 .rodata.func.0
                0x00000000080057a8       0x20 zephyr/drivers/dma/libdrivers__dma.a(dma_stm32_v1.c.obj)
 .rodata.func.3
                0x00000000080057c8       0x20 zephyr/drivers/dma/libdrivers__dma.a(dma_stm32_v1.c.obj)
 .rodata.func.4
                0x00000000080057e8       0x20 zephyr/drivers/dma/libdrivers__dma.a(dma_stm32_v1.c.obj)
 .rodata.func.5
                0x0000000008005808       0x20 zephyr/drivers/dma/libdrivers__dma.a(dma_stm32_v1.c.obj)
 .rodata.func.6
                0x0000000008005828       0x20 zephyr/drivers/dma/libdrivers__dma.a(dma_stm32_v1.c.obj)
 .rodata.func.7
                0x0000000008005848       0x20 zephyr/drivers/dma/libdrivers__dma.a(dma_stm32_v1.c.obj)
 .rodata.func.8
                0x0000000008005868       0x20 zephyr/drivers/dma/libdrivers__dma.a(dma_stm32_v1.c.obj)
 .rodata.func.9
                0x0000000008005888       0x20 zephyr/drivers/dma/libdrivers__dma.a(dma_stm32_v1.c.obj)
 .rodata.channel_nr.10
                0x00000000080058a8       0x20 zephyr/drivers/dma/libdrivers__dma.a(dma_stm32_v1.c.obj)
 .rodata.stream_nr.11
                0x00000000080058c8       0x20 zephyr/drivers/dma/libdrivers__dma.a(dma_stm32_v1.c.obj)
 .rodata.gpio_stm32_cfg_h
                0x00000000080058e8       0x14 zephyr/drivers/gpio/libdrivers__gpio.a(gpio_stm32.c.obj)
 .rodata.gpio_stm32_cfg_g
                0x00000000080058fc       0x14 zephyr/drivers/gpio/libdrivers__gpio.a(gpio_stm32.c.obj)
 .rodata.gpio_stm32_cfg_f
                0x0000000008005910       0x14 zephyr/drivers/gpio/libdrivers__gpio.a(gpio_stm32.c.obj)
 .rodata.gpio_stm32_cfg_e
                0x0000000008005924       0x14 zephyr/drivers/gpio/libdrivers__gpio.a(gpio_stm32.c.obj)
 .rodata.gpio_stm32_cfg_d
                0x0000000008005938       0x14 zephyr/drivers/gpio/libdrivers__gpio.a(gpio_stm32.c.obj)
 .rodata.gpio_stm32_cfg_c
                0x000000000800594c       0x14 zephyr/drivers/gpio/libdrivers__gpio.a(gpio_stm32.c.obj)
 .rodata.gpio_stm32_cfg_b
                0x0000000008005960       0x14 zephyr/drivers/gpio/libdrivers__gpio.a(gpio_stm32.c.obj)
 .rodata.gpio_stm32_cfg_a
                0x0000000008005974       0x14 zephyr/drivers/gpio/libdrivers__gpio.a(gpio_stm32.c.obj)
 .rodata.gpio_stm32_driver
                0x0000000008005988       0x24 zephyr/drivers/gpio/libdrivers__gpio.a(gpio_stm32.c.obj)
 .rodata.gpio_ports
                0x00000000080059ac       0x2c zephyr/drivers/pinctrl/libdrivers__pinctrl.a(pinctrl_stm32.c.obj)
 .rodata.reset_stm32_config
                0x00000000080059d8        0x4 zephyr/drivers/reset/libdrivers__reset.a(reset_stm32.c.obj)
 .rodata.reset_stm32_driver_api
                0x00000000080059dc       0x10 zephyr/drivers/reset/libdrivers__reset.a(reset_stm32.c.obj)
 .rodata.uart_stm32_cfg_2
                0x00000000080059ec       0x28 zephyr/drivers/serial/libdrivers__serial.a(uart_stm32.c.obj)
 .rodata.pclken_2
                0x0000000008005a14        0x8 zephyr/drivers/serial/libdrivers__serial.a(uart_stm32.c.obj)
 .rodata.__pinctrl_dev_config__device_dts_ord_69
                0x0000000008005a1c        0x8 zephyr/drivers/serial/libdrivers__serial.a(uart_stm32.c.obj)
 .rodata.__pinctrl_states__device_dts_ord_69
                0x0000000008005a24        0x8 zephyr/drivers/serial/libdrivers__serial.a(uart_stm32.c.obj)
 .rodata.__pinctrl_state_pins_0__device_dts_ord_69
                0x0000000008005a2c       0x10 zephyr/drivers/serial/libdrivers__serial.a(uart_stm32.c.obj)
 .rodata.uart_stm32_cfg_1
                0x0000000008005a3c       0x28 zephyr/drivers/serial/libdrivers__serial.a(uart_stm32.c.obj)
 .rodata.pclken_1
                0x0000000008005a64        0x8 zephyr/drivers/serial/libdrivers__serial.a(uart_stm32.c.obj)
 .rodata.__pinctrl_dev_config__device_dts_ord_63
                0x0000000008005a6c        0x8 zephyr/drivers/serial/libdrivers__serial.a(uart_stm32.c.obj)
 .rodata.__pinctrl_states__device_dts_ord_63
                0x0000000008005a74        0x8 zephyr/drivers/serial/libdrivers__serial.a(uart_stm32.c.obj)
 .rodata.__pinctrl_state_pins_0__device_dts_ord_63
                0x0000000008005a7c       0x10 zephyr/drivers/serial/libdrivers__serial.a(uart_stm32.c.obj)
 .rodata.uart_stm32_cfg_0
                0x0000000008005a8c       0x28 zephyr/drivers/serial/libdrivers__serial.a(uart_stm32.c.obj)
 .rodata.pclken_0
                0x0000000008005ab4        0x8 zephyr/drivers/serial/libdrivers__serial.a(uart_stm32.c.obj)
 .rodata.__pinctrl_dev_config__device_dts_ord_66
                0x0000000008005abc        0x8 zephyr/drivers/serial/libdrivers__serial.a(uart_stm32.c.obj)
 .rodata.__pinctrl_states__device_dts_ord_66
                0x0000000008005ac4        0x8 zephyr/drivers/serial/libdrivers__serial.a(uart_stm32.c.obj)
 .rodata.__pinctrl_state_pins_0__device_dts_ord_66
                0x0000000008005acc       0x10 zephyr/drivers/serial/libdrivers__serial.a(uart_stm32.c.obj)
 .rodata.uart_stm32_driver_api
                0x0000000008005adc       0x64 zephyr/drivers/serial/libdrivers__serial.a(uart_stm32.c.obj)
 .rodata.levels.0
                0x0000000008005b40       0x18 zephyr/kernel/libkernel.a(init.c.obj)
 .rodata.CSWTCH.2503
                0x0000000008005b58        0x6 zephyr/drivers/serial/libdrivers__serial.a(uart_stm32.c.obj)
 .rodata.main.str1.1
                0x0000000008005b5e       0xbe app/libapp.a(main.c.obj)
 .rodata.serial_cb.str1.1
                0x0000000008005c1c       0x54 app/libapp.a(main.c.obj)
 .rodata.str1.1
                0x0000000008005c70        0xf zephyr/arch/arch/arm/core/mpu/libarch__arm__core__mpu.a(arm_mpu_regions.c.obj)
 .rodata.line_range_6.0
                0x0000000008005c7f        0x2 zephyr/drivers/interrupt_controller/libdrivers__interrupt_controller.a(intc_exti_stm32.c.obj)
 .rodata.line_range_5.1
                0x0000000008005c81        0x2 zephyr/drivers/interrupt_controller/libdrivers__interrupt_controller.a(intc_exti_stm32.c.obj)
 .rodata.line_range_4.2
                0x0000000008005c83        0x2 zephyr/drivers/interrupt_controller/libdrivers__interrupt_controller.a(intc_exti_stm32.c.obj)
 .rodata.line_range_3.3
                0x0000000008005c85        0x2 zephyr/drivers/interrupt_controller/libdrivers__interrupt_controller.a(intc_exti_stm32.c.obj)
 .rodata.line_range_2.4
                0x0000000008005c87        0x2 zephyr/drivers/interrupt_controller/libdrivers__interrupt_controller.a(intc_exti_stm32.c.obj)
 .rodata.line_range_1.5
                0x0000000008005c89        0x2 zephyr/drivers/interrupt_controller/libdrivers__interrupt_controller.a(intc_exti_stm32.c.obj)
 .rodata.line_range_0.6
                0x0000000008005c8b        0x2 zephyr/drivers/interrupt_controller/libdrivers__interrupt_controller.a(intc_exti_stm32.c.obj)
 .rodata.str1.1
                0x0000000008005c8d       0x1e zephyr/drivers/interrupt_controller/libdrivers__interrupt_controller.a(intc_exti_stm32.c.obj)
 .rodata.str1.1
                0x0000000008005cab        0xd zephyr/drivers/clock_control/libdrivers__clock_control.a(clock_stm32_ll_common.c.obj)
 .rodata.str1.1
                0x0000000008005cb8       0x1a zephyr/drivers/dma/libdrivers__dma.a(dma_stm32.c.obj)
 .rodata.STREAM_OFFSET_TAB
                0x0000000008005cd2        0x8 zephyr/drivers/dma/libdrivers__dma.a(dma_stm32.c.obj)
 .rodata.STREAM_OFFSET_TAB
                0x0000000008005cda        0x8 zephyr/drivers/dma/libdrivers__dma.a(dma_stm32_v1.c.obj)
 .rodata.str1.1
                0x0000000008005ce2       0x70 zephyr/drivers/gpio/libdrivers__gpio.a(gpio_stm32.c.obj)
 .rodata.str1.1
                0x0000000008005d52       0x11 zephyr/drivers/reset/libdrivers__reset.a(reset_stm32.c.obj)
 .rodata.str1.1
                0x0000000008005d63       0x30 zephyr/drivers/serial/libdrivers__serial.a(uart_stm32.c.obj)
 .rodata.AHBPrescTable
                0x0000000008005d93       0x10 modules/stm32/stm32cube/lib..__modules__hal__stm32__stm32cube.a(system_stm32f4xx.c.obj)
                0x0000000008005d93                AHBPrescTable
 .rodata.STREAM_OFFSET_TAB
                0x0000000008005da3        0x8 modules/stm32/stm32cube/lib..__modules__hal__stm32__stm32cube.a(stm32f4xx_ll_dma.c.obj)
 .rodata.z_cstart.str1.1
                0x0000000008005dab        0x5 zephyr/kernel/libkernel.a(init.c.obj)
 .rodata.boot_banner.str1.1
                0x0000000008005db0       0x3b zephyr/kernel/libkernel.a(banner.c.obj)
 .rodata.str1.1
                0x0000000008005deb        0x9 zephyr/kernel/libkernel.a(system_work_q.c.obj)
 .rodata.__l_vfprintf.str1.1
                0x0000000008005df4        0xf /home/giang/zephyr-sdk-0.16.5-1/arm-zephyr-eabi/bin/../lib/gcc/../../picolibc/arm-zephyr-eabi/lib/thumb/v7e-m/nofp/libc.a(libc_tinystdio_vflprintf.c.o)
 *(SORT_BY_ALIGNMENT(.gnu.linkonce.r.*))
                0x0000000008005e04                . = ALIGN (0x4)
 *fill*         0x0000000008005e03        0x1 
                0x0000000008005e04                __rodata_region_end = .
                0x0000000008005e20                . = ALIGN (_region_min_align)
                0x0000000008008000                . = ALIGN ((0x1 << LOG2CEIL ((__rodata_region_end - ADDR (rom_start)))))
                0x0000000008008000                __rom_region_end = ((__rom_region_start + .) - ADDR (rom_start))

/DISCARD/
 *(SORT_BY_ALIGNMENT(.got.plt))
 *(SORT_BY_ALIGNMENT(.igot.plt))
 *(SORT_BY_ALIGNMENT(.got))
 *(SORT_BY_ALIGNMENT(.igot))
                0x0000000020000000                . = 0x20000000
                0x0000000020000000                . = ALIGN (_region_min_align)
                0x0000000020000000                _image_ram_start = .

.ramfunc        0x0000000020000000        0x0 load address 0x0000000008005e04
                0x0000000020000000                . = ALIGN (_region_min_align)
                0x0000000020000000                . = ALIGN ((0x1 << LOG2CEIL (__ramfunc_size)))
                0x0000000020000000                __ramfunc_start = .
 *(SORT_BY_ALIGNMENT(.ramfunc))
 *(SORT_BY_ALIGNMENT(.ramfunc.*))
                0x0000000020000000                . = ALIGN (_region_min_align)
                0x0000000020000000                . = ALIGN ((0x1 << LOG2CEIL (__ramfunc_size)))
                0x0000000020000000                __ramfunc_end = .
                0x0000000000000000                __ramfunc_size = (__ramfunc_end - __ramfunc_start)
                0x0000000008005e04                __ramfunc_load_start = LOADADDR (.ramfunc)

datas           0x0000000020000000      0x474 load address 0x0000000008005e04
                0x0000000020000000                __data_region_start = .
                0x0000000020000000                __data_start = .
 *(SORT_BY_ALIGNMENT(.data))
 *(SORT_BY_ALIGNMENT(.data.*))
 .data.uart_stm32_data_2
                0x0000000020000000      0x158 zephyr/drivers/serial/libdrivers__serial.a(uart_stm32.c.obj)
 .data.uart_stm32_data_1
                0x0000000020000158      0x158 zephyr/drivers/serial/libdrivers__serial.a(uart_stm32.c.obj)
 .data.uart_stm32_data_0
                0x00000000200002b0      0x158 zephyr/drivers/serial/libdrivers__serial.a(uart_stm32.c.obj)
 .data.uart_dev
                0x0000000020000408        0x4 app/libapp.a(main.c.obj)
                0x0000000020000408                uart_dev
 .data._char_out
                0x000000002000040c        0x4 zephyr/libzephyr.a(printk.c.obj)
                0x000000002000040c                _char_out
 .data.handler  0x0000000020000410        0x4 zephyr/arch/arch/arm/core/libarch__arm__core.a(nmi.c.obj)
 .data.__stdout
                0x0000000020000414       0x10 zephyr/lib/libc/picolibc/liblib__libc__picolibc.a(libc-hooks.c.obj)
 .data.stm32_clock_control_api
                0x0000000020000424       0x1c zephyr/drivers/clock_control/libdrivers__clock_control.a(clock_stm32_ll_common.c.obj)
 .data.uart_cfg_2
                0x0000000020000440        0x8 zephyr/drivers/serial/libdrivers__serial.a(uart_stm32.c.obj)
 .data.uart_cfg_1
                0x0000000020000448        0x8 zephyr/drivers/serial/libdrivers__serial.a(uart_stm32.c.obj)
 .data.uart_cfg_0
                0x0000000020000450        0x8 zephyr/drivers/serial/libdrivers__serial.a(uart_stm32.c.obj)
 .data.SystemCoreClock
                0x0000000020000458        0x4 modules/stm32/stm32cube/lib..__modules__hal__stm32__stm32cube.a(system_stm32f4xx.c.obj)
                0x0000000020000458                SystemCoreClock
 .data.timeout_list
                0x000000002000045c        0x8 zephyr/kernel/libkernel.a(timeout.c.obj)
 .data.exti_irq_table
                0x0000000020000464       0x10 zephyr/drivers/interrupt_controller/libdrivers__interrupt_controller.a(intc_exti_stm32.c.obj)
 *(SORT_BY_ALIGNMENT(.kernel.*))
                0x0000000020000474                __data_end = .
                0x0000000000000474                __data_size = (__data_end - __data_start)
                0x0000000008005e04                __data_load_start = LOADADDR (datas)
                0x0000000008005e04                __data_region_load_start = LOADADDR (datas)

device_states   0x0000000020000474       0x20 load address 0x0000000008006278
                0x0000000020000474                __device_states_start = .
 *(SORT_BY_ALIGNMENT(.z_devstate))
 .z_devstate    0x0000000020000474        0x2 zephyr/drivers/interrupt_controller/libdrivers__interrupt_controller.a(intc_exti_stm32.c.obj)
 .z_devstate    0x0000000020000476        0x2 zephyr/drivers/clock_control/libdrivers__clock_control.a(clock_stm32_ll_common.c.obj)
 .z_devstate    0x0000000020000478        0x4 zephyr/drivers/dma/libdrivers__dma.a(dma_stm32.c.obj)
 .z_devstate    0x000000002000047c       0x10 zephyr/drivers/gpio/libdrivers__gpio.a(gpio_stm32.c.obj)
 .z_devstate    0x000000002000048c        0x2 zephyr/drivers/reset/libdrivers__reset.a(reset_stm32.c.obj)
 .z_devstate    0x000000002000048e        0x6 zephyr/drivers/serial/libdrivers__serial.a(uart_stm32.c.obj)
 *(SORT_BY_ALIGNMENT(.z_devstate.*))
                0x0000000020000494                __device_states_end = .

log_mpsc_pbuf_area
                0x0000000020000494        0x0 load address 0x0000000008006298
                0x0000000020000494                _log_mpsc_pbuf_list_start = .
 *(SORT_BY_NAME(SORT_BY_ALIGNMENT(._log_mpsc_pbuf.static.*)))
                0x0000000020000494                _log_mpsc_pbuf_list_end = .

log_msg_ptr_area
                0x0000000020000494        0x0 load address 0x0000000008006298