Archive member included to satisfy reference by file (symbol)

app/libapp.a(main.c.obj)      (--whole-archive)
zephyr/libzephyr.a(heap.c.obj)
                              (--whole-archive)
zephyr/libzephyr.a(cbprintf_packaged.c.obj)
                              (--whole-archive)
zephyr/libzephyr.a(printk.c.obj)
                              (--whole-archive)
zephyr/libzephyr.a(sem.c.obj)
                              (--whole-archive)
zephyr/libzephyr.a(thread_entry.c.obj)
                              (--whole-archive)
zephyr/libzephyr.a(cbprintf_complete.c.obj)
                              (--whole-archive)
zephyr/libzephyr.a(assert.c.obj)
                              (--whole-archive)
zephyr/libzephyr.a(reboot.c.obj)
                              (--whole-archive)
zephyr/libzephyr.a(dec.c.obj)
                              (--whole-archive)
zephyr/libzephyr.a(hex.c.obj)
                              (--whole-archive)
zephyr/libzephyr.a(rb.c.obj)  (--whole-archive)
zephyr/libzephyr.a(timeutil.c.obj)
                              (--whole-archive)
zephyr/libzephyr.a(bitarray.c.obj)
                              (--whole-archive)
zephyr/libzephyr.a(configs.c.obj)
                              (--whole-archive)
zephyr/libzephyr.a(stm32cube_hal.c.obj)
                              (--whole-archive)
zephyr/libzephyr.a(soc_config.c.obj)
                              (--whole-archive)
zephyr/libzephyr.a(soc.c.obj)
                              (--whole-archive)
zephyr/libzephyr.a(mem_attr.c.obj)
                              (--whole-archive)
zephyr/libzephyr.a(tracing_none.c.obj)
                              (--whole-archive)
zephyr/arch/common/libarch__common.a(sw_isr_common.c.obj)
                              (--whole-archive)
zephyr/arch/arch/arm/core/libarch__arm__core.a(fatal.c.obj)
                              (--whole-archive)
zephyr/arch/arch/arm/core/libarch__arm__core.a(nmi.c.obj)
                              (--whole-archive)
zephyr/arch/arch/arm/core/libarch__arm__core.a(nmi_on_reset.S.obj)
                              (--whole-archive)
zephyr/arch/arch/arm/core/libarch__arm__core.a(tls.c.obj)
                              (--whole-archive)
zephyr/arch/arch/arm/core/cortex_m/libarch__arm__core__cortex_m.a(exc_exit.c.obj)
                              (--whole-archive)
zephyr/arch/arch/arm/core/cortex_m/libarch__arm__core__cortex_m.a(fault.c.obj)
                              (--whole-archive)
zephyr/arch/arch/arm/core/cortex_m/libarch__arm__core__cortex_m.a(fault_s.S.obj)
                              (--whole-archive)
zephyr/arch/arch/arm/core/cortex_m/libarch__arm__core__cortex_m.a(fpu.c.obj)
                              (--whole-archive)
zephyr/arch/arch/arm/core/cortex_m/libarch__arm__core__cortex_m.a(reset.S.obj)
                              (--whole-archive)
zephyr/arch/arch/arm/core/cortex_m/libarch__arm__core__cortex_m.a(scb.c.obj)
                              (--whole-archive)
zephyr/arch/arch/arm/core/cortex_m/libarch__arm__core__cortex_m.a(thread_abort.c.obj)
                              (--whole-archive)
zephyr/arch/arch/arm/core/cortex_m/libarch__arm__core__cortex_m.a(vector_table.S.obj)
                              (--whole-archive)
zephyr/arch/arch/arm/core/cortex_m/libarch__arm__core__cortex_m.a(swap.c.obj)
                              (--whole-archive)
zephyr/arch/arch/arm/core/cortex_m/libarch__arm__core__cortex_m.a(swap_helper.S.obj)
                              (--whole-archive)
zephyr/arch/arch/arm/core/cortex_m/libarch__arm__core__cortex_m.a(irq_manage.c.obj)
                              (--whole-archive)
zephyr/arch/arch/arm/core/cortex_m/libarch__arm__core__cortex_m.a(prep_c.c.obj)
                              (--whole-archive)
zephyr/arch/arch/arm/core/cortex_m/libarch__arm__core__cortex_m.a(thread.c.obj)
                              (--whole-archive)
zephyr/arch/arch/arm/core/cortex_m/libarch__arm__core__cortex_m.a(cpu_idle.c.obj)
                              (--whole-archive)
zephyr/arch/arch/arm/core/cortex_m/libarch__arm__core__cortex_m.a(irq_init.c.obj)
                              (--whole-archive)
zephyr/arch/arch/arm/core/cortex_m/libarch__arm__core__cortex_m.a(isr_wrapper.c.obj)
                              (--whole-archive)
zephyr/arch/arch/arm/core/cortex_m/libarch__arm__core__cortex_m.a(__aeabi_read_tp.S.obj)
                              (--whole-archive)
zephyr/arch/arch/arm/core/mpu/libarch__arm__core__mpu.a(arm_core_mpu.c.obj)
                              (--whole-archive)
zephyr/arch/arch/arm/core/mpu/libarch__arm__core__mpu.a(arm_mpu.c.obj)
                              (--whole-archive)
zephyr/arch/arch/arm/core/mpu/libarch__arm__core__mpu.a(arm_mpu_regions.c.obj)
                              (--whole-archive)
zephyr/lib/libc/picolibc/liblib__libc__picolibc.a(libc-hooks.c.obj)
                              (--whole-archive)
zephyr/lib/libc/common/liblib__libc__common.a(abort.c.obj)
                              (--whole-archive)
[...]
Memory Configuration

Name             Origin             Length             Attributes
FLASH            0x0000000008000000 0x0000000000080000 xr
RAM              0x0000000020000000 0x0000000000020000 xw
IDT_LIST         0x00000000ffff7fff 0x0000000000008000 xw
*default*        0x0000000000000000 0xffffffffffffffff

Linker script and memory map

                0x000000000800274c                vfprintf = __l_vfprintf
                0x0000000000000000                vfscanf = __l_vfscanf
LOAD zephyr/CMakeFiles/zephyr_pre0.dir/misc/empty_file.c.obj
LOAD zephyr/CMakeFiles/offsets.dir/./arch/arm/core/offsets/offsets.c.obj
LOAD app/libapp.a
LOAD zephyr/libzephyr.a
LOAD zephyr/arch/common/libarch__common.a
LOAD zephyr/arch/arch/arm/core/libarch__arm__core.a
LOAD zephyr/arch/arch/arm/core/cortex_m/libarch__arm__core__cortex_m.a
LOAD zephyr/arch/arch/arm/core/mpu/libarch__arm__core__mpu.a
LOAD zephyr/lib/libc/picolibc/liblib__libc__picolibc.a
LOAD zephyr/lib/libc/common/liblib__libc__common.a
LOAD zephyr/drivers/interrupt_controller/libdrivers__interrupt_controller.a
LOAD zephyr/drivers/clock_control/libdrivers__clock_control.a
LOAD zephyr/drivers/console/libdrivers__console.a
LOAD zephyr/drivers/gpio/libdrivers__gpio.a
LOAD zephyr/drivers/pinctrl/libdrivers__pinctrl.a
LOAD zephyr/drivers/reset/libdrivers__reset.a
LOAD zephyr/drivers/serial/libdrivers__serial.a
LOAD zephyr/drivers/timer/libdrivers__timer.a
LOAD modules/stm32/stm32cube/lib..__modules__hal__stm32__stm32cube.a
LOAD zephyr/kernel/libkernel.a
LOAD /home/giang/zephyr-sdk-0.16.5-1/arm-zephyr-eabi/bin/../lib/gcc/arm-zephyr-eabi/12.2.0/thumb/v7e-m/nofp/libgcc.a
LOAD zephyr/arch/common/libisr_tables.a
LOAD /home/giang/zephyr-sdk-0.16.5-1/arm-zephyr-eabi/bin/../lib/gcc/../../picolibc/arm-zephyr-eabi/lib/thumb/v7e-m/nofp/libc.a
LOAD /home/giang/zephyr-sdk-0.16.5-1/arm-zephyr-eabi/bin/../lib/gcc/arm-zephyr-eabi/12.2.0/thumb/v7e-m/nofp/libgcc.a
                0x0000000000000020                _region_min_align = 0x20

.rel.plt        0x0000000008000000        0x0
 *(SORT_BY_ALIGNMENT(.rel.plt))
                [!provide]                        PROVIDE (__rel_iplt_start = .)
 *(SORT_BY_ALIGNMENT(.rel.iplt))
 .rel.iplt      0x0000000008000000        0x0 app/libapp.a(main.c.obj)
                [!provide]                        PROVIDE (__rel_iplt_end = .)

.rela.plt       0x0000000000000000        0x0
 *(SORT_BY_ALIGNMENT(.rela.plt))
                [!provide]                        PROVIDE (__rela_iplt_start = .)
 *(SORT_BY_ALIGNMENT(.rela.iplt))
                [!provide]                        PROVIDE (__rela_iplt_end = .)

.rel.dyn
 *(SORT_BY_ALIGNMENT(.rel.*))

.rela.dyn
 *(SORT_BY_ALIGNMENT(.rela.*))

/DISCARD/
 *(SORT_BY_ALIGNMENT(.plt))

/DISCARD/
 *(SORT_BY_ALIGNMENT(.iplt))
                0x0000000008000000                __rom_region_start = 0x8000000

rom_start       0x0000000008000000      0x198
                0x0000000008000000                __rom_start_address = .
 FILL mask 0x00
                0x0000000008000000                . = (. + (0x0 - (. - __rom_start_address)))
                0x0000000008000000                . = ALIGN (0x4)
                0x0000000008000000                . = ALIGN (0x80)
                0x0000000008000000                . = ALIGN (0x200)
                0x0000000008000000                _vector_start = .
 *(SORT_BY_ALIGNMENT(.exc_vector_table))
 *(SORT_BY_ALIGNMENT(.exc_vector_table.*))
 .exc_vector_table._vector_table_section
                0x0000000008000000       0x40 zephyr/arch/arch/arm/core/cortex_m/libarch__arm__core__cortex_m.a(vector_table.S.obj)
                0x0000000008000000                _vector_table
 *(SORT_BY_ALIGNMENT(.vectors))
                0x0000000008000198                _vector_end = .
                0x0000000008000040                . = ALIGN (0x4)
 *(SORT_BY_ALIGNMENT(.gnu.linkonce.irq_vector_table*))
 .gnu.linkonce.irq_vector_table
                0x0000000008000040      0x158 zephyr/arch/common/libisr_tables.a(isr_tables.c.obj)
                0x0000000008000040                _irq_vector_table
                0x0000000008000198                _vector_end = .

text            0x0000000008000198     0x3674
                0x0000000008000198                __text_region_start = .
 *(SORT_BY_ALIGNMENT(.text))
 .text          0x0000000008000198       0x30 /home/giang/zephyr-sdk-0.16.5-1/arm-zephyr-eabi/bin/../lib/gcc/arm-zephyr-eabi/12.2.0/thumb/v7e-m/nofp/libgcc.a(_aeabi_uldivmod.o)
                0x0000000008000198                __aeabi_uldivmod
 .text          0x00000000080001c8        0x4 /home/giang/zephyr-sdk-0.16.5-1/arm-zephyr-eabi/bin/../lib/gcc/arm-zephyr-eabi/12.2.0/thumb/v7e-m/nofp/libgcc.a(_dvmd_tls.o)
                0x00000000080001c8                __aeabi_ldiv0
                0x00000000080001c8                __aeabi_idiv0
 .text          0x00000000080001cc      0x2a0 /home/giang/zephyr-sdk-0.16.5-1/arm-zephyr-eabi/bin/../lib/gcc/arm-zephyr-eabi/12.2.0/thumb/v7e-m/nofp/libgcc.a(_udivmoddi4.o)
                0x00000000080001cc                __udivmoddi4
 *(SORT_BY_ALIGNMENT(.text.*))
 .text.button_pressed
                0x000000000800046c       0x3c app/libapp.a(main.c.obj)
                0x000000000800046c                button_pressed
 .text.main     0x00000000080004a8      0x108 app/libapp.a(main.c.obj)
                0x00000000080004a8                main
 .text.char_out
                0x00000000080005b0        0xc zephyr/libzephyr.a(printk.c.obj)
 .text.vprintk  0x00000000080005bc       0x30 zephyr/libzephyr.a(printk.c.obj)
                0x00000000080005bc                vprintk
 .text.__printk_hook_install
                0x00000000080005ec        0xc zephyr/libzephyr.a(printk.c.obj)
                0x00000000080005ec                __printk_hook_install
 .text.z_thread_entry
                0x00000000080005f8       0x34 zephyr/libzephyr.a(thread_entry.c.obj)
                0x00000000080005f8                z_thread_entry
 .text.st_stm32_common_config
                0x000000000800062c       0x14 zephyr/libzephyr.a(soc_config.c.obj)
 .text.st_stm32f4_init
                0x0000000008000640       0x28 zephyr/libzephyr.a(soc.c.obj)
 .text.mem_attr_get_regions
                0x0000000008000668        0xc zephyr/libzephyr.a(mem_attr.c.obj)
                0x0000000008000668                mem_attr_get_regions
 .text.z_arm_nmi
                0x0000000008000674       0x14 zephyr/arch/arch/arm/core/libarch__arm__core.a(nmi.c.obj)
                0x0000000008000674                z_arm_nmi
 .text.z_SysNmiOnReset
                0x0000000008000688        0x8 zephyr/arch/arch/arm/core/libarch__arm__core.a(nmi_on_reset.S.obj)
                0x0000000008000688                z_SysNmiOnReset
 .text.arch_tls_stack_setup
                0x0000000008000690       0x40 zephyr/arch/arch/arm/core/libarch__arm__core.a(tls.c.obj)
                0x0000000008000690                arch_tls_stack_setup
 .text._HandlerModeExit
                0x00000000080006d0       0x28 zephyr/arch/arch/arm/core/cortex_m/libarch__arm__core__cortex_m.a(exc_exit.c.obj)
                0x00000000080006d0                z_arm_exc_exit
                0x00000000080006d0                z_arm_int_exit
 .text.mem_manage_fault
                0x00000000080006f8       0xa0 zephyr/arch/arch/arm/core/cortex_m/libarch__arm__core__cortex_m.a(fault.c.obj)
 .text.usage_fault.constprop.0
                0x0000000008000798       0x54 zephyr/arch/arch/arm/core/cortex_m/libarch__arm__core__cortex_m.a(fault.c.obj)
 .text.bus_fault.constprop.0
                0x00000000080007ec       0x6c zephyr/arch/arch/arm/core/cortex_m/libarch__arm__core__cortex_m.a(fault.c.obj)
 .text.z_arm_fault
                0x0000000008000858      0x128 zephyr/arch/arch/arm/core/cortex_m/libarch__arm__core__cortex_m.a(fault.c.obj)
                0x0000000008000858                z_arm_fault
 .text.z_arm_fault_init
                0x0000000008000980       0x10 zephyr/arch/arch/arm/core/cortex_m/libarch__arm__core__cortex_m.a(fault.c.obj)
                0x0000000008000980                z_arm_fault_init
 .text.__fault  0x0000000008000990       0x14 zephyr/arch/arch/arm/core/cortex_m/libarch__arm__core__cortex_m.a(fault_s.S.obj)
                0x0000000008000990                z_arm_bus_fault
                0x0000000008000990                z_arm_usage_fault
                0x0000000008000990                z_arm_mpu_fault
                0x0000000008000990                z_arm_exc_spurious
                0x0000000008000990                z_arm_debug_monitor
                0x0000000008000990                z_arm_hard_fault
 .text._reset_section
                0x00000000080009a4       0x2c zephyr/arch/arch/arm/core/cortex_m/libarch__arm__core__cortex_m.a(reset.S.obj)
                0x00000000080009a4                z_arm_reset
                0x00000000080009a4                __start
 .text.z_impl_k_thread_abort
                0x00000000080009d0       0x2c zephyr/arch/arch/arm/core/cortex_m/libarch__arm__core__cortex_m.a(thread_abort.c.obj)
                0x00000000080009d0                z_impl_k_thread_abort
 .text.arch_swap
                0x00000000080009fc       0x30 zephyr/arch/arch/arm/core/cortex_m/libarch__arm__core__cortex_m.a(swap.c.obj)
                0x00000000080009fc                arch_swap
 .text.z_arm_pendsv_c
                0x0000000008000a2c       0x48 zephyr/arch/arch/arm/core/cortex_m/libarch__arm__core__cortex_m.a(swap.c.obj)
                0x0000000008000a2c                z_arm_pendsv_c
 .text.z_arm_pendsv
                0x0000000008000a74       0x34 zephyr/arch/arch/arm/core/cortex_m/libarch__arm__core__cortex_m.a(swap_helper.S.obj)
                0x0000000008000a74                z_arm_pendsv
 .text.z_arm_svc
                0x0000000008000aa8       0x20 zephyr/arch/arch/arm/core/cortex_m/libarch__arm__core__cortex_m.a(swap_helper.S.obj)
                0x0000000008000aa8                z_arm_svc
 .text.arch_irq_enable
                0x0000000008000ac8       0x1c zephyr/arch/arch/arm/core/cortex_m/libarch__arm__core__cortex_m.a(irq_manage.c.obj)
                0x0000000008000ac8                arch_irq_enable
 .text.z_arm_irq_priority_set
                0x0000000008000ae4       0x30 zephyr/arch/arch/arm/core/cortex_m/libarch__arm__core__cortex_m.a(irq_manage.c.obj)
                0x0000000008000ae4                z_arm_irq_priority_set
 .text.z_prep_c
                0x0000000008000b14       0x48 zephyr/arch/arch/arm/core/cortex_m/libarch__arm__core__cortex_m.a(prep_c.c.obj)
                0x0000000008000b14                z_prep_c
 .text.arch_new_thread
                0x0000000008000b5c       0x38 zephyr/arch/arch/arm/core/cortex_m/libarch__arm__core__cortex_m.a(thread.c.obj)
                0x0000000008000b5c                arch_new_thread
 .text.z_check_thread_stack_fail
                0x0000000008000b94       0x2c zephyr/arch/arch/arm/core/cortex_m/libarch__arm__core__cortex_m.a(thread.c.obj)
                0x0000000008000b94                z_check_thread_stack_fail
 .text.arch_switch_to_main_thread
                0x0000000008000bc0       0x44 zephyr/arch/arch/arm/core/cortex_m/libarch__arm__core__cortex_m.a(thread.c.obj)
                0x0000000008000bc0                arch_switch_to_main_thread
 .text.z_arm_cpu_idle_init
                0x0000000008000c04        0xc zephyr/arch/arch/arm/core/cortex_m/libarch__arm__core__cortex_m.a(cpu_idle.c.obj)
                0x0000000008000c04                z_arm_cpu_idle_init
 .text.z_arm_interrupt_init
                0x0000000008000c10       0x18 zephyr/arch/arch/arm/core/cortex_m/libarch__arm__core__cortex_m.a(irq_init.c.obj)
                0x0000000008000c10                z_arm_interrupt_init
 .text._isr_wrapper
                0x0000000008000c28       0x24 zephyr/arch/arch/arm/core/cortex_m/libarch__arm__core__cortex_m.a(isr_wrapper.c.obj)
                0x0000000008000c28                _isr_wrapper
 .text.z_arm_configure_static_mpu_regions
                0x0000000008000c4c       0x18 zephyr/arch/arch/arm/core/mpu/libarch__arm__core__mpu.a(arm_core_mpu.c.obj)
                0x0000000008000c4c                z_arm_configure_static_mpu_regions
 .text.z_arm_configure_dynamic_mpu_regions
                0x0000000008000c64       0x20 zephyr/arch/arch/arm/core/mpu/libarch__arm__core__mpu.a(arm_core_mpu.c.obj)
                0x0000000008000c64                z_arm_configure_dynamic_mpu_regions
 .text.region_init
                0x0000000008000c84       0x28 zephyr/arch/arch/arm/core/mpu/libarch__arm__core__mpu.a(arm_mpu.c.obj)
 .text.mpu_configure_regions
                0x0000000008000cac       0x6c zephyr/arch/arch/arm/core/mpu/libarch__arm__core__mpu.a(arm_mpu.c.obj)
 .text.arm_core_mpu_enable
                0x0000000008000d18       0x18 zephyr/arch/arch/arm/core/mpu/libarch__arm__core__mpu.a(arm_mpu.c.obj)
                0x0000000008000d18                arm_core_mpu_enable
 .text.arm_core_mpu_disable
                0x0000000008000d30       0x14 zephyr/arch/arch/arm/core/mpu/libarch__arm__core__mpu.a(arm_mpu.c.obj)
                0x0000000008000d30                arm_core_mpu_disable
 .text.arm_core_mpu_configure_static_mpu_regions
                0x0000000008000d44       0x14 zephyr/arch/arch/arm/core/mpu/libarch__arm__core__mpu.a(arm_mpu.c.obj)
                0x0000000008000d44                arm_core_mpu_configure_static_mpu_regions
 .text.arm_core_mpu_configure_dynamic_mpu_regions
                0x0000000008000d58       0x38 zephyr/arch/arch/arm/core/mpu/libarch__arm__core__mpu.a(arm_mpu.c.obj)
                0x0000000008000d58                arm_core_mpu_configure_dynamic_mpu_regions
 .text.z_arm_mpu_init
                0x0000000008000d90      0x160 zephyr/arch/arch/arm/core/mpu/libarch__arm__core__mpu.a(arm_mpu.c.obj)
                0x0000000008000d90                z_arm_mpu_init
 .text.z_impl_zephyr_fputc
                0x0000000008000ef0       0x10 zephyr/lib/libc/picolibc/liblib__libc__picolibc.a(libc-hooks.c.obj)
                0x0000000008000ef0                z_impl_zephyr_fputc
 .text.__stdout_hook_install
                0x0000000008000f00       0x18 zephyr/lib/libc/picolibc/liblib__libc__picolibc.a(libc-hooks.c.obj)
                0x0000000008000f00                __stdout_hook_install
 .text.malloc_prepare
                0x0000000008000f18       0x24 zephyr/lib/libc/common/liblib__libc__common.a(malloc.c.obj)
 .text.stm32_exti_isr
                0x0000000008000f3c       0x4c zephyr/drivers/interrupt_controller/libdrivers__interrupt_controller.a(intc_exti_stm32.c.obj)
 .text.stm32_fill_irq_table
                0x0000000008000f88       0x18 zephyr/drivers/interrupt_controller/libdrivers__interrupt_controller.a(intc_exti_stm32.c.obj)
 .text.stm32_exti_enable
                0x0000000008000fa0       0x24 zephyr/drivers/interrupt_controller/libdrivers__interrupt_controller.a(intc_exti_stm32.c.obj)
                0x0000000008000fa0                stm32_exti_enable
 .text.stm32_exti_disable
                0x0000000008000fc4       0x18 zephyr/drivers/interrupt_controller/libdrivers__interrupt_controller.a(intc_exti_stm32.c.obj)
                0x0000000008000fc4                stm32_exti_disable
 .text.stm32_exti_trigger
                0x0000000008000fdc       0x60 zephyr/drivers/interrupt_controller/libdrivers__interrupt_controller.a(intc_exti_stm32.c.obj)
                0x0000000008000fdc                stm32_exti_trigger
 .text.stm32_exti_set_callback
                0x000000000800103c       0x30 zephyr/drivers/interrupt_controller/libdrivers__interrupt_controller.a(intc_exti_stm32.c.obj)
                0x000000000800103c                stm32_exti_set_callback
 .text.stm32_exti_unset_callback
                0x000000000800106c       0x14 zephyr/drivers/interrupt_controller/libdrivers__interrupt_controller.a(intc_exti_stm32.c.obj)
                0x000000000800106c                stm32_exti_unset_callback
 .text.stm32_clock_control_get_subsys_rate
                0x0000000008001080       0x78 zephyr/drivers/clock_control/libdrivers__clock_control.a(clock_stm32_ll_common.c.obj)
 .text.stm32_clock_control_init
                0x00000000080010f8      0x114 zephyr/drivers/clock_control/libdrivers__clock_control.a(clock_stm32_ll_common.c.obj)
                0x00000000080010f8                stm32_clock_control_init
 .text.get_pllsrc_frequency
                0x000000000800120c        0x8 zephyr/drivers/clock_control/libdrivers__clock_control.a(clock_stm32f2_f4_f7.c.obj)
                0x000000000800120c                get_pllsrc_frequency
 .text.config_pll_sysclock
                0x0000000008001214       0x24 zephyr/drivers/clock_control/libdrivers__clock_control.a(clock_stm32f2_f4_f7.c.obj)
                0x0000000008001214                config_pll_sysclock
 .text.config_enable_default_clocks
                0x0000000008001238       0x20 zephyr/drivers/clock_control/libdrivers__clock_control.a(clock_stm32f2_f4_f7.c.obj)
                0x0000000008001238                config_enable_default_clocks
 .text.uart_console_init
                0x0000000008001258       0x28 zephyr/drivers/console/libdrivers__console.a(uart_console.c.obj)
 .text.console_out
                0x0000000008001280       0x28 zephyr/drivers/console/libdrivers__console.a(uart_console.c.obj)
 .text.gpio_stm32_init
                0x00000000080012a8       0x30 zephyr/drivers/gpio/libdrivers__gpio.a(gpio_stm32.c.obj)
 .text.gpio_stm32_pin_interrupt_configure
                0x00000000080012d8      0x108 zephyr/drivers/gpio/libdrivers__gpio.a(gpio_stm32.c.obj)
 .text.pinctrl_configure_pins
                0x00000000080013e0       0x84 zephyr/drivers/pinctrl/libdrivers__pinctrl.a(pinctrl_stm32.c.obj)
                0x00000000080013e0                pinctrl_configure_pins
 .text.uart_stm32_irq_err_enable
                0x0000000008001464       0x5c zephyr/drivers/serial/libdrivers__serial.a(uart_stm32.c.obj)
 .text.uart_stm32_irq_err_disable
                0x00000000080014c0       0x5c zephyr/drivers/serial/libdrivers__serial.a(uart_stm32.c.obj)
 .text.uart_stm32_parameters_set
                0x000000000800151c       0xf8 zephyr/drivers/serial/libdrivers__serial.a(uart_stm32.c.obj)
 .text.uart_stm32_configure
                0x0000000008001614      0x140 zephyr/drivers/serial/libdrivers__serial.a(uart_stm32.c.obj)
 .text.uart_stm32_init
                0x0000000008001754       0xb4 zephyr/drivers/serial/libdrivers__serial.a(uart_stm32.c.obj)
 .text.elapsed  0x0000000008001808       0x4c zephyr/drivers/timer/libdrivers__timer.a(cortex_m_systick.c.obj)
 .text.sys_clock_driver_init
                0x0000000008001854       0x38 zephyr/drivers/timer/libdrivers__timer.a(cortex_m_systick.c.obj)
 .text.sys_clock_isr
                0x000000000800188c       0x54 zephyr/drivers/timer/libdrivers__timer.a(cortex_m_systick.c.obj)
                0x000000000800188c                sys_clock_isr
 .text.sys_clock_set_timeout
                0x00000000080018e0       0xf8 zephyr/drivers/timer/libdrivers__timer.a(cortex_m_systick.c.obj)
                0x00000000080018e0                sys_clock_set_timeout
 .text.sys_clock_elapsed
                0x00000000080019d8       0x3c zephyr/drivers/timer/libdrivers__timer.a(cortex_m_systick.c.obj)
                0x00000000080019d8                sys_clock_elapsed
 .text.sys_clock_cycle_get_32
                0x0000000008001a14       0x28 zephyr/drivers/timer/libdrivers__timer.a(cortex_m_systick.c.obj)
                0x0000000008001a14                sys_clock_cycle_get_32
 .text.HAL_RCC_GetSysClockFreq
                0x0000000008001a3c       0x5c modules/stm32/stm32cube/lib..__modules__hal__stm32__stm32cube.a(stm32f4xx_hal_rcc.c.obj)
                0x0000000008001a3c                HAL_RCC_GetSysClockFreq
 .text.LL_SetFlashLatency
                0x0000000008001a98      0x10c modules/stm32/stm32cube/lib..__modules__hal__stm32__stm32cube.a(stm32f4xx_ll_utils.c.obj)
                0x0000000008001a98                LL_SetFlashLatency
 .text.z_fatal_error
                0x0000000008001ba4       0x30 zephyr/kernel/libkernel.a(fatal.c.obj)
                0x0000000008001ba4                z_fatal_error
 .text.z_sys_init_run_level
                0x0000000008001bd4       0x2c zephyr/kernel/libkernel.a(init.c.obj)
 .text.bg_thread_main
                0x0000000008001c00       0xc0 zephyr/kernel/libkernel.a(init.c.obj)
 .text.z_bss_zero
                0x0000000008001cc0       0x18 zephyr/kernel/libkernel.a(init.c.obj)
                0x0000000008001cc0                z_bss_zero
 .text.z_init_cpu
                0x0000000008001cd8       0x8c zephyr/kernel/libkernel.a(init.c.obj)
                0x0000000008001cd8                z_init_cpu
 .text.z_cstart
                0x0000000008001d64       0xd8 zephyr/kernel/libkernel.a(init.c.obj)
                0x0000000008001d64                z_cstart
 .text.z_setup_new_thread
                0x0000000008001e3c       0x98 zephyr/kernel/libkernel.a(thread.c.obj)
                0x0000000008001e3c                z_setup_new_thread
 .text.update_cache
                0x0000000008001ed4       0x3c zephyr/kernel/libkernel.a(sched.c.obj)
 .text.unready_thread
                0x0000000008001f10       0x30 zephyr/kernel/libkernel.a(sched.c.obj)
 .text.ready_thread
                0x0000000008001f40       0x68 zephyr/kernel/libkernel.a(sched.c.obj)
 .text.z_thread_halt
                0x0000000008001fa8       0xd8 zephyr/kernel/libkernel.a(sched.c.obj)
 .text.move_thread_to_end_of_prio_q
                0x0000000008002080       0x74 zephyr/kernel/libkernel.a(sched.c.obj)
                0x0000000008002080                move_thread_to_end_of_prio_q
 .text.z_reschedule
                0x00000000080020f4       0x24 zephyr/kernel/libkernel.a(sched.c.obj)
                0x00000000080020f4                z_reschedule
 .text.z_sched_start
                0x0000000008002118       0x3c zephyr/kernel/libkernel.a(sched.c.obj)
                0x0000000008002118                z_sched_start
 .text.z_reschedule_irqlock
                0x0000000008002154       0x28 zephyr/kernel/libkernel.a(sched.c.obj)
                0x0000000008002154                z_reschedule_irqlock
 .text.k_sched_lock
                0x000000000800217c       0x28 zephyr/kernel/libkernel.a(sched.c.obj)
                0x000000000800217c                k_sched_lock
 .text.k_sched_unlock
                0x00000000080021a4       0x40 zephyr/kernel/libkernel.a(sched.c.obj)
                0x00000000080021a4                k_sched_unlock
 .text.z_sched_init
                0x00000000080021e4       0x10 zephyr/kernel/libkernel.a(sched.c.obj)
                0x00000000080021e4                z_sched_init
 .text.z_impl_k_yield
                0x00000000080021f4       0x7c zephyr/kernel/libkernel.a(sched.c.obj)
                0x00000000080021f4                z_impl_k_yield
 .text.z_tick_sleep
                0x0000000008002270       0x88 zephyr/kernel/libkernel.a(sched.c.obj)
 .text.z_impl_k_sleep
                0x00000000080022f8       0x3c zephyr/kernel/libkernel.a(sched.c.obj)
                0x00000000080022f8                z_impl_k_sleep
 .text.z_impl_k_sched_current_thread_query
                0x0000000008002334        0xc zephyr/kernel/libkernel.a(sched.c.obj)
                0x0000000008002334                z_impl_k_sched_current_thread_query
 .text.slice_timeout
                0x0000000008002340       0x20 zephyr/kernel/libkernel.a(timeslicing.c.obj)
 .text.thread_is_sliceable
                0x0000000008002360       0x3c zephyr/kernel/libkernel.a(timeslicing.c.obj)
                0x0000000008002360                thread_is_sliceable
 .text.z_reset_time_slice
                0x000000000800239c       0x50 zephyr/kernel/libkernel.a(timeslicing.c.obj)
                0x000000000800239c                z_reset_time_slice
 .text.z_time_slice
                0x00000000080023ec       0x60 zephyr/kernel/libkernel.a(timeslicing.c.obj)
                0x00000000080023ec                z_time_slice
 .text.z_data_copy
                0x000000000800244c       0x34 zephyr/kernel/libkernel.a(xip.c.obj)
                0x000000000800244c                z_data_copy
 .text.elapsed  0x0000000008002480       0x14 zephyr/kernel/libkernel.a(timeout.c.obj)
 .text.remove_timeout
                0x0000000008002494       0x38 zephyr/kernel/libkernel.a(timeout.c.obj)
 .text.next_timeout
                0x00000000080024cc       0x40 zephyr/kernel/libkernel.a(timeout.c.obj)
 .text.z_add_timeout
                0x000000000800250c       0xf4 zephyr/kernel/libkernel.a(timeout.c.obj)
                0x000000000800250c                z_add_timeout
 .text.sys_clock_announce
                0x0000000008002600       0xd0 zephyr/kernel/libkernel.a(timeout.c.obj)
                0x0000000008002600                sys_clock_announce
 .text.sys_clock_tick_get
                0x00000000080026d0       0x30 zephyr/kernel/libkernel.a(timeout.c.obj)
                0x00000000080026d0                sys_clock_tick_get
 .text.boot_banner
                0x0000000008002700        0xc zephyr/kernel/libkernel.a(banner.c.obj)
                0x0000000008002700                boot_banner
 .text.puts     0x000000000800270c       0x40 /home/giang/zephyr-sdk-0.16.5-1/arm-zephyr-eabi/bin/../lib/gcc/../../picolibc/arm-zephyr-eabi/lib/thumb/v7e-m/nofp/libc.a(libc_tinystdio_puts.c.o)
                0x000000000800270c                puts
 .text.__l_vfprintf
                0x000000000800274c      0x4b8 /home/giang/zephyr-sdk-0.16.5-1/arm-zephyr-eabi/bin/../lib/gcc/../../picolibc/arm-zephyr-eabi/lib/thumb/v7e-m/nofp/libc.a(libc_tinystdio_vflprintf.c.o)
                0x000000000800274c                __l_vfprintf
 .text._OffsetAbsSyms
                0x0000000008002c04        0x2 zephyr/CMakeFiles/offsets.dir/./arch/arm/core/offsets/offsets.c.obj
                0x0000000008002c04                _OffsetAbsSyms
 .text.gpio_pin_configure_dt
                0x0000000008002c06       0x2a app/libapp.a(main.c.obj)
 .text.chunk_size
                0x0000000008002c30        0xa zephyr/libzephyr.a(heap.c.obj)
 .text.free_list_add
                0x0000000008002c3a       0x4e zephyr/libzephyr.a(heap.c.obj)
 .text.sys_heap_init
                0x0000000008002c88       0x7a zephyr/libzephyr.a(heap.c.obj)
                0x0000000008002c88                sys_heap_init
 .text.arch_printk_char_out
                0x0000000008002d02        0x4 zephyr/libzephyr.a(printk.c.obj)
                0x0000000008002d02                arch_printk_char_out
 .text.printk   0x0000000008002d06       0x1a zephyr/libzephyr.a(printk.c.obj)
                0x0000000008002d06                printk
 .text._ConfigAbsSyms
                0x0000000008002d20        0x2 zephyr/libzephyr.a(configs.c.obj)
                0x0000000008002d20                _ConfigAbsSyms
 .text.z_arm_fatal_error
                0x0000000008002d22        0xc zephyr/arch/arch/arm/core/libarch__arm__core.a(fatal.c.obj)
                0x0000000008002d22                z_arm_fatal_error
 .text.z_do_kernel_oops
                0x0000000008002d2e        0x8 zephyr/arch/arch/arm/core/libarch__arm__core.a(fatal.c.obj)
                0x0000000008002d2e                z_do_kernel_oops
 .text.z_irq_spurious
                0x0000000008002d36        0x8 zephyr/arch/arch/arm/core/cortex_m/libarch__arm__core__cortex_m.a(irq_manage.c.obj)
                0x0000000008002d36                z_irq_spurious
 .text.arch_irq_unlock_outlined
                0x0000000008002d3e        0xe zephyr/arch/arch/arm/core/cortex_m/libarch__arm__core__cortex_m.a(thread.c.obj)
                0x0000000008002d3e                arch_irq_unlock_outlined
 .text.arch_cpu_idle
                0x0000000008002d4c       0x1a zephyr/arch/arch/arm/core/cortex_m/libarch__arm__core__cortex_m.a(cpu_idle.c.obj)
                0x0000000008002d4c                arch_cpu_idle
 .text.size_to_mpu_rasr_size
                0x0000000008002d66       0x20 zephyr/arch/arch/arm/core/mpu/libarch__arm__core__mpu.a(arm_mpu.c.obj)
 .text.picolibc_put
                0x0000000008002d86        0xa zephyr/lib/libc/picolibc/liblib__libc__picolibc.a(libc-hooks.c.obj)
 .text.stm32_exti_init
                0x0000000008002d90       0x92 zephyr/drivers/interrupt_controller/libdrivers__interrupt_controller.a(intc_exti_stm32.c.obj)
 .text.stm32_clock_control_on
                0x0000000008002e22       0x38 zephyr/drivers/clock_control/libdrivers__clock_control.a(clock_stm32_ll_common.c.obj)
 .text.stm32_clock_control_off
                0x0000000008002e5a       0x24 zephyr/drivers/clock_control/libdrivers__clock_control.a(clock_stm32_ll_common.c.obj)
 .text.stm32_clock_control_get_status
                0x0000000008002e7e       0x34 zephyr/drivers/clock_control/libdrivers__clock_control.a(clock_stm32_ll_common.c.obj)
 .text.stm32_clock_control_configure
                0x0000000008002eb2       0x58 zephyr/drivers/clock_control/libdrivers__clock_control.a(clock_stm32_ll_common.c.obj)
 .text.gpio_stm32_port_get_raw
                0x0000000008002f0a        0xc zephyr/drivers/gpio/libdrivers__gpio.a(gpio_stm32.c.obj)
 .text.gpio_stm32_port_set_masked_raw
                0x0000000008002f16       0x12 zephyr/drivers/gpio/libdrivers__gpio.a(gpio_stm32.c.obj)
 .text.gpio_stm32_port_set_bits_raw
                0x0000000008002f28        0xa zephyr/drivers/gpio/libdrivers__gpio.a(gpio_stm32.c.obj)
 .text.gpio_stm32_port_clear_bits_raw
                0x0000000008002f32        0xc zephyr/drivers/gpio/libdrivers__gpio.a(gpio_stm32.c.obj)
 .text.gpio_stm32_port_toggle_bits
                0x0000000008002f3e        0xe zephyr/drivers/gpio/libdrivers__gpio.a(gpio_stm32.c.obj)
 .text.gpio_stm32_manage_callback
                0x0000000008002f4c       0x52 zephyr/drivers/gpio/libdrivers__gpio.a(gpio_stm32.c.obj)
 .text.gpio_stm32_configure_raw.isra.0
                0x0000000008002f9e      0x106 zephyr/drivers/gpio/libdrivers__gpio.a(gpio_stm32.c.obj)
 .text.gpio_stm32_config
                0x00000000080030a4       0x78 zephyr/drivers/gpio/libdrivers__gpio.a(gpio_stm32.c.obj)
 .text.gpio_stm32_isr
                0x000000000800311c       0x2e zephyr/drivers/gpio/libdrivers__gpio.a(gpio_stm32.c.obj)
 .text.gpio_stm32_configure
                0x000000000800314a       0x30 zephyr/drivers/gpio/libdrivers__gpio.a(gpio_stm32.c.obj)
                0x000000000800314a                gpio_stm32_configure
 .text.pinctrl_lookup_state
                0x000000000800317a       0x26 zephyr/drivers/pinctrl/libdrivers__pinctrl.a(common.c.obj)
                0x000000000800317a                pinctrl_lookup_state
 .text.reset_stm32_status
                0x00000000080031a0       0x20 zephyr/drivers/reset/libdrivers__reset.a(reset_stm32.c.obj)
 .text.reset_stm32_line_assert
                0x00000000080031c0       0x1c zephyr/drivers/reset/libdrivers__reset.a(reset_stm32.c.obj)
 .text.reset_stm32_line_deassert
                0x00000000080031dc       0x1e zephyr/drivers/reset/libdrivers__reset.a(reset_stm32.c.obj)
 .text.reset_stm32_line_toggle
                0x00000000080031fa       0x16 zephyr/drivers/reset/libdrivers__reset.a(reset_stm32.c.obj)
 .text.LL_USART_ClearFlag_PE
                0x0000000008003210       0x12 zephyr/drivers/serial/libdrivers__serial.a(uart_stm32.c.obj)
 .text.uart_stm32_err_check
                0x0000000008003222       0x66 zephyr/drivers/serial/libdrivers__serial.a(uart_stm32.c.obj)
 .text.uart_stm32_irq_tx_enable
                0x0000000008003288       0x1e zephyr/drivers/serial/libdrivers__serial.a(uart_stm32.c.obj)
 .text.uart_stm32_irq_tx_disable
                0x00000000080032a6       0x1e zephyr/drivers/serial/libdrivers__serial.a(uart_stm32.c.obj)
 .text.uart_stm32_irq_tx_ready
                0x00000000080032c4       0x14 zephyr/drivers/serial/libdrivers__serial.a(uart_stm32.c.obj)
 .text.uart_stm32_irq_tx_complete
                0x00000000080032d8        0xc zephyr/drivers/serial/libdrivers__serial.a(uart_stm32.c.obj)
 .text.uart_stm32_irq_rx_enable
                0x00000000080032e4       0x1e zephyr/drivers/serial/libdrivers__serial.a(uart_stm32.c.obj)
 .text.uart_stm32_irq_rx_disable
                0x0000000008003302       0x1e zephyr/drivers/serial/libdrivers__serial.a(uart_stm32.c.obj)
 .text.uart_stm32_irq_rx_ready
                0x0000000008003320        0xc zephyr/drivers/serial/libdrivers__serial.a(uart_stm32.c.obj)
 .text.uart_stm32_irq_is_pending
                0x000000000800332c       0x24 zephyr/drivers/serial/libdrivers__serial.a(uart_stm32.c.obj)
 .text.uart_stm32_irq_update
                0x0000000008003350        0x4 zephyr/drivers/serial/libdrivers__serial.a(uart_stm32.c.obj)
 .text.uart_stm32_irq_callback_set
                0x0000000008003354        0x8 zephyr/drivers/serial/libdrivers__serial.a(uart_stm32.c.obj)
 .text.uart_stm32_isr
                0x000000000800335c        0xc zephyr/drivers/serial/libdrivers__serial.a(uart_stm32.c.obj)
 .text.uart_stm32_irq_config_func_0
                0x0000000008003368       0x16 zephyr/drivers/serial/libdrivers__serial.a(uart_stm32.c.obj)
 .text.uart_stm32_set_baudrate
                0x000000000800337e       0x54 zephyr/drivers/serial/libdrivers__serial.a(uart_stm32.c.obj)
 .text.uart_stm32_poll_out
                0x00000000080033d2       0x38 zephyr/drivers/serial/libdrivers__serial.a(uart_stm32.c.obj)
 .text.uart_stm32_poll_in
                0x000000000800340a       0x22 zephyr/drivers/serial/libdrivers__serial.a(uart_stm32.c.obj)
 .text.uart_stm32_fifo_read
                0x000000000800342c       0x44 zephyr/drivers/serial/libdrivers__serial.a(uart_stm32.c.obj)
 .text.uart_stm32_fifo_fill
                0x0000000008003470       0x5a zephyr/drivers/serial/libdrivers__serial.a(uart_stm32.c.obj)
 .text.uart_stm32_config_get
                0x00000000080034ca       0x8e zephyr/drivers/serial/libdrivers__serial.a(uart_stm32.c.obj)
 .text.z_device_state_init
                0x0000000008003558        0x2 zephyr/kernel/libkernel.a(device.c.obj)
                0x0000000008003558                z_device_state_init
 .text.z_device_is_ready
                0x000000000800355a       0x16 zephyr/kernel/libkernel.a(device.c.obj)
                0x000000000800355a                z_device_is_ready
 .text.arch_system_halt
                0x0000000008003570       0x10 zephyr/kernel/libkernel.a(fatal.c.obj)
                0x0000000008003570                arch_system_halt
 .text.k_sys_fatal_error_handler
                0x0000000008003580        0x6 zephyr/kernel/libkernel.a(fatal.c.obj)
                0x0000000008003580                k_sys_fatal_error_handler
 .text.do_device_init
                0x0000000008003586       0x30 zephyr/kernel/libkernel.a(init.c.obj)
 .text.z_early_memset
                0x00000000080035b6        0x4 zephyr/kernel/libkernel.a(init.c.obj)
                0x00000000080035b6                z_early_memset
 .text.z_early_memcpy
                0x00000000080035ba        0x4 zephyr/kernel/libkernel.a(init.c.obj)
                0x00000000080035ba                z_early_memcpy
 .text.idle     0x00000000080035be       0x16 zephyr/kernel/libkernel.a(idle.c.obj)
                0x00000000080035be                idle
 .text.z_impl_k_thread_start
                0x00000000080035d4        0x4 zephyr/kernel/libkernel.a(thread.c.obj)
                0x00000000080035d4                z_impl_k_thread_start
 .text.sys_dlist_remove
                0x00000000080035d8       0x10 zephyr/kernel/libkernel.a(sched.c.obj)
 .text.unpend_thread_no_timeout
                0x00000000080035e8       0x14 zephyr/kernel/libkernel.a(sched.c.obj)
 .text.z_ready_thread
                0x00000000080035fc       0x1e zephyr/kernel/libkernel.a(sched.c.obj)
                0x00000000080035fc                z_ready_thread
 .text.z_impl_k_thread_suspend
                0x000000000800361a       0x32 zephyr/kernel/libkernel.a(sched.c.obj)
                0x000000000800361a                z_impl_k_thread_suspend
 .text.z_sched_wake_thread
                0x000000000800364c       0x42 zephyr/kernel/libkernel.a(sched.c.obj)
                0x000000000800364c                z_sched_wake_thread
 .text.z_thread_timeout
                0x000000000800368e        0x8 zephyr/kernel/libkernel.a(sched.c.obj)
                0x000000000800368e                z_thread_timeout
 .text.z_thread_abort
                0x0000000008003696       0x44 zephyr/kernel/libkernel.a(sched.c.obj)
                0x0000000008003696                z_thread_abort
 .text.z_abort_timeout
                0x00000000080036da       0x2a zephyr/kernel/libkernel.a(timeout.c.obj)
                0x00000000080036da                z_abort_timeout
 .text.sys_clock_tick_get_32
                0x0000000008003704        0x8 zephyr/kernel/libkernel.a(timeout.c.obj)
                0x0000000008003704                sys_clock_tick_get_32
 .text.strnlen  0x000000000800370c       0x18 /home/giang/zephyr-sdk-0.16.5-1/arm-zephyr-eabi/bin/../lib/gcc/../../picolibc/arm-zephyr-eabi/lib/thumb/v7e-m/nofp/libc.a(libc_string_strnlen.c.o)
                0x000000000800370c                strnlen
 .text.__ultoa_invert
                0x0000000008003724       0xae /home/giang/zephyr-sdk-0.16.5-1/arm-zephyr-eabi/bin/../lib/gcc/../../picolibc/arm-zephyr-eabi/lib/thumb/v7e-m/nofp/libc.a(libc_tinystdio_vflprintf.c.o)
 .text.memcpy   0x00000000080037d2       0x1c /home/giang/zephyr-sdk-0.16.5-1/arm-zephyr-eabi/bin/../lib/gcc/../../picolibc/arm-zephyr-eabi/lib/thumb/v7e-m/nofp/libc.a(memcpy.c.o)
                0x00000000080037d2                memcpy
                0x00000000080037d2                __aeabi_memcpy
                0x00000000080037d2                __aeabi_memcpy4
                0x00000000080037d2                __aeabi_memcpy8
 .text.memset   0x00000000080037ee       0x10 /home/giang/zephyr-sdk-0.16.5-1/arm-zephyr-eabi/bin/../lib/gcc/../../picolibc/arm-zephyr-eabi/lib/thumb/v7e-m/nofp/libc.a(memset.c.o)
                0x00000000080037ee                memset
 *(SORT_BY_ALIGNMENT(.TEXT.*))
 *fill*         0x00000000080037fe        0x2 
 .TEXT.__aeabi_read_tp
                0x0000000008003800        0xc zephyr/arch/arch/arm/core/cortex_m/libarch__arm__core__cortex_m.a(__aeabi_read_tp.S.obj)
                0x0000000008003800                __aeabi_read_tp
 *(SORT_BY_ALIGNMENT(.gnu.linkonce.t.*))
 *(SORT_BY_ALIGNMENT(.glue_7t))
 .glue_7t       0x000000000800380c        0x0 linker stubs
 *(SORT_BY_ALIGNMENT(.glue_7))
 .glue_7        0x000000000800380c        0x0 linker stubs
 *(SORT_BY_ALIGNMENT(.vfp11_veneer))
 .vfp11_veneer  0x000000000800380c        0x0 linker stubs
 *(SORT_BY_ALIGNMENT(.v4_bx))
 .v4_bx         0x000000000800380c        0x0 linker stubs
                0x000000000800380c                . = ALIGN (0x4)
                0x000000000800380c                __text_region_end = .

.ARM.exidx      0x000000000800380c        0x8
                0x000000000800380c                __exidx_start = .
 *(SORT_BY_ALIGNMENT(.ARM.exidx*) SORT_BY_ALIGNMENT(gnu.linkonce.armexidx.*))
 .ARM.exidx     0x000000000800380c        0x8 /home/giang/zephyr-sdk-0.16.5-1/arm-zephyr-eabi/bin/../lib/gcc/arm-zephyr-eabi/12.2.0/thumb/v7e-m/nofp/libgcc.a(_udivmoddi4.o)
                0x0000000008003814                __exidx_end = .
                0x0000000008003814                __rodata_region_start = .

initlevel       0x0000000008003814       0x88
                0x0000000008003814                __init_start = .
                0x0000000008003814                __init_EARLY_start = .
 *(SORT_BY_NAME(SORT_BY_ALIGNMENT(.z_init_EARLY?_*)))
 *(SORT_BY_NAME(SORT_BY_ALIGNMENT(.z_init_EARLY??_*)))
                0x0000000008003814                __init_PRE_KERNEL_1_start = .
 *(SORT_BY_NAME(SORT_BY_ALIGNMENT(.z_init_PRE_KERNEL_1?_*)))
 .z_init_PRE_KERNEL_10_0_
                0x0000000008003814        0x8 zephyr/libzephyr.a(soc.c.obj)
 .z_init_PRE_KERNEL_11_00008_
                0x000000000800381c        0x8 zephyr/drivers/clock_control/libdrivers__clock_control.a(clock_stm32_ll_common.c.obj)
 .z_init_PRE_KERNEL_11_0_
                0x0000000008003824        0x8 zephyr/libzephyr.a(soc_config.c.obj)
 *(SORT_BY_NAME(SORT_BY_ALIGNMENT(.z_init_PRE_KERNEL_1??_*)))
 .z_init_PRE_KERNEL_135_00040_
                0x000000000800382c        0x8 zephyr/drivers/reset/libdrivers__reset.a(reset_stm32.c.obj)
 .z_init_PRE_KERNEL_140_00031_
                0x0000000008003834        0x8 zephyr/drivers/gpio/libdrivers__gpio.a(gpio_stm32.c.obj)
 .z_init_PRE_KERNEL_140_00034_
                0x000000000800383c        0x8 zephyr/drivers/gpio/libdrivers__gpio.a(gpio_stm32.c.obj)
 .z_init_PRE_KERNEL_140_00059_
                0x0000000008003844        0x8 zephyr/drivers/interrupt_controller/libdrivers__interrupt_controller.a(intc_exti_stm32.c.obj)
 .z_init_PRE_KERNEL_140_00085_
                0x000000000800384c        0x8 zephyr/drivers/gpio/libdrivers__gpio.a(gpio_stm32.c.obj)
 .z_init_PRE_KERNEL_140_00088_
                0x0000000008003854        0x8 zephyr/drivers/gpio/libdrivers__gpio.a(gpio_stm32.c.obj)
 .z_init_PRE_KERNEL_140_00089_
                0x000000000800385c        0x8 zephyr/drivers/gpio/libdrivers__gpio.a(gpio_stm32.c.obj)
 .z_init_PRE_KERNEL_140_00090_
                0x0000000008003864        0x8 zephyr/drivers/gpio/libdrivers__gpio.a(gpio_stm32.c.obj)
 .z_init_PRE_KERNEL_140_00091_
                0x000000000800386c        0x8 zephyr/drivers/gpio/libdrivers__gpio.a(gpio_stm32.c.obj)
 .z_init_PRE_KERNEL_140_00092_
                0x0000000008003874        0x8 zephyr/drivers/gpio/libdrivers__gpio.a(gpio_stm32.c.obj)
 .z_init_PRE_KERNEL_150_00063_
                0x000000000800387c        0x8 zephyr/drivers/serial/libdrivers__serial.a(uart_stm32.c.obj)
 .z_init_PRE_KERNEL_160_0_
                0x0000000008003884        0x8 zephyr/drivers/console/libdrivers__console.a(uart_console.c.obj)
                0x000000000800388c                __init_PRE_KERNEL_2_start = .
 *(SORT_BY_NAME(SORT_BY_ALIGNMENT(.z_init_PRE_KERNEL_2?_*)))
 .z_init_PRE_KERNEL_20_0_
                0x000000000800388c        0x8 zephyr/drivers/timer/libdrivers__timer.a(cortex_m_systick.c.obj)
 *(SORT_BY_NAME(SORT_BY_ALIGNMENT(.z_init_PRE_KERNEL_2??_*)))
                0x0000000008003894                __init_POST_KERNEL_start = .
 *(SORT_BY_NAME(SORT_BY_ALIGNMENT(.z_init_POST_KERNEL?_*)))
 *(SORT_BY_NAME(SORT_BY_ALIGNMENT(.z_init_POST_KERNEL??_*)))
 .z_init_POST_KERNEL40_0_
                0x0000000008003894        0x8 zephyr/lib/libc/common/liblib__libc__common.a(malloc.c.obj)
                0x000000000800389c                __init_APPLICATION_start = .
 *(SORT_BY_NAME(SORT_BY_ALIGNMENT(.z_init_APPLICATION?_*)))
 *(SORT_BY_NAME(SORT_BY_ALIGNMENT(.z_init_APPLICATION??_*)))
                0x000000000800389c                __init_SMP_start = .
 *(SORT_BY_NAME(SORT_BY_ALIGNMENT(.z_init_SMP?_*)))
 *(SORT_BY_NAME(SORT_BY_ALIGNMENT(.z_init_SMP??_*)))
                0x000000000800389c                __init_end = .
                0x000000000800389c                __deferred_init_list_start = .
 *(SORT_BY_ALIGNMENT(.z_deferred_init))
                0x000000000800389c                __deferred_init_list_end = .

device_area     0x000000000800389c       0xf0
                0x000000000800389c                _device_list_start = .
 *(SORT_BY_NAME(SORT_BY_ALIGNMENT(._device.static.*_?_*)))
 ._device.static.1_1_
                0x000000000800389c       0x14 zephyr/drivers/clock_control/libdrivers__clock_control.a(clock_stm32_ll_common.c.obj)
                0x000000000800389c                __device_dts_ord_8
 *(SORT_BY_NAME(SORT_BY_ALIGNMENT(._device.static.*_??_*)))
 ._device.static.1_35_
                0x00000000080038b0       0x14 zephyr/drivers/reset/libdrivers__reset.a(reset_stm32.c.obj)
                0x00000000080038b0                __device_dts_ord_40
 ._device.static.1_40_
                0x00000000080038c4       0x14 zephyr/drivers/interrupt_controller/libdrivers__interrupt_controller.a(intc_exti_stm32.c.obj)
                0x00000000080038c4                __device_dts_ord_59
 ._device.static.1_40_
                0x00000000080038d8       0xa0 zephyr/drivers/gpio/libdrivers__gpio.a(gpio_stm32.c.obj)
                0x00000000080038d8                __device_dts_ord_92
                0x00000000080038ec                __device_dts_ord_91
                0x0000000008003900                __device_dts_ord_90
                0x0000000008003914                __device_dts_ord_85
                0x0000000008003928                __device_dts_ord_34
                0x000000000800393c                __device_dts_ord_89
                0x0000000008003950                __device_dts_ord_88
                0x0000000008003964                __device_dts_ord_31
 ._device.static.1_50_
                0x0000000008003978       0x14 zephyr/drivers/serial/libdrivers__serial.a(uart_stm32.c.obj)
                0x0000000008003978                __device_dts_ord_63
                0x000000000800398c                _device_list_end = .

sw_isr_table    0x000000000800398c      0x2b0
                0x000000000800398c                . = ALIGN (0x4)
 *(SORT_BY_ALIGNMENT(.gnu.linkonce.sw_isr_table*))
 .gnu.linkonce.sw_isr_table
                0x000000000800398c      0x2b0 zephyr/arch/common/libisr_tables.a(isr_tables.c.obj)
                0x000000000800398c                _sw_isr_table

initlevel_error
                0x0000000008003814        0x0
 *(SORT_BY_NAME(SORT_BY_ALIGNMENT(.z_init_[_A-Z0-9]*)))
                0x0000000000000001                ASSERT ((SIZEOF (initlevel_error) == 0x0), Undefined initialization levels used.)

app_shmem_regions
                0x0000000008003c3c        0x0
                0x0000000008003c3c                __app_shmem_regions_start = .
 *(SORT_BY_NAME(SORT_BY_ALIGNMENT(.app_regions.*)))
                0x0000000008003c3c                __app_shmem_regions_end = .

k_p4wq_initparam_area
                0x0000000008003c3c        0x0
                0x0000000008003c3c                _k_p4wq_initparam_list_start = .
 *(SORT_BY_NAME(SORT_BY_ALIGNMENT(._k_p4wq_initparam.static.*)))
                0x0000000008003c3c                _k_p4wq_initparam_list_end = .

_static_thread_data_area
                0x0000000008003c3c        0x0
                0x0000000008003c3c                __static_thread_data_list_start = .
 *(SORT_BY_NAME(SORT_BY_ALIGNMENT(.__static_thread_data.static.*)))
                0x0000000008003c3c                __static_thread_data_list_end = .

device_deps     0x0000000008003c3c        0x0
                0x0000000008003c3c                __device_deps_start = .
 *(SORT_BY_NAME(SORT_BY_ALIGNMENT(.__device_deps_pass2*)))
                0x0000000008003c3c                __device_deps_end = .

ztest           0x0000000008003c3c        0x0
                0x0000000008003c3c                _ztest_expected_result_entry_list_start = .
 *(SORT_BY_NAME(SORT_BY_ALIGNMENT(._ztest_expected_result_entry.static.*)))
                0x0000000008003c3c                _ztest_expected_result_entry_list_end = .
                0x0000000008003c3c                _ztest_suite_node_list_start = .
 *(SORT_BY_NAME(SORT_BY_ALIGNMENT(._ztest_suite_node.static.*)))
                0x0000000008003c3c                _ztest_suite_node_list_end = .
                0x0000000008003c3c                _ztest_unit_test_list_start = .
 *(SORT_BY_NAME(SORT_BY_ALIGNMENT(._ztest_unit_test.static.*)))
                0x0000000008003c3c                _ztest_unit_test_list_end = .
                0x0000000008003c3c                _ztest_test_rule_list_start = .
 *(SORT_BY_NAME(SORT_BY_ALIGNMENT(._ztest_test_rule.static.*)))
                0x0000000008003c3c                _ztest_test_rule_list_end = .

bt_l2cap_fixed_chan_area
                0x0000000008003c3c        0x0
                0x0000000008003c3c                _bt_l2cap_fixed_chan_list_start = .
 *(SORT_BY_NAME(SORT_BY_ALIGNMENT(._bt_l2cap_fixed_chan.static.*)))
                0x0000000008003c3c                _bt_l2cap_fixed_chan_list_end = .

bt_gatt_service_static_area
                0x0000000008003c3c        0x0
                0x0000000008003c3c                _bt_gatt_service_static_list_start = .
 *(SORT_BY_NAME(SORT_BY_ALIGNMENT(._bt_gatt_service_static.static.*)))
                0x0000000008003c3c                _bt_gatt_service_static_list_end = .

log_strings_area
                0x0000000008003c3c        0x0
                0x0000000008003c3c                _log_strings_list_start = .
 *(SORT_BY_NAME(SORT_BY_ALIGNMENT(._log_strings.static.*)))
                0x0000000008003c3c                _log_strings_list_end = .

log_const_area  0x0000000008003c3c        0x0
                0x0000000008003c3c                _log_const_list_start = .
 *(SORT_BY_NAME(SORT_BY_ALIGNMENT(._log_const.static.*)))
                0x0000000008003c3c                _log_const_list_end = .

log_backend_area
                0x0000000008003c3c        0x0
                0x0000000008003c3c                _log_backend_list_start = .
 *(SORT_BY_NAME(SORT_BY_ALIGNMENT(._log_backend.static.*)))
                0x0000000008003c3c                _log_backend_list_end = .

log_link_area   0x0000000008003c3c        0x0
                0x0000000008003c3c                _log_link_list_start = .
 *(SORT_BY_NAME(SORT_BY_ALIGNMENT(._log_link.static.*)))
                0x0000000008003c3c                _log_link_list_end = .

tracing_backend_area
                0x0000000008003c3c        0x0
                0x0000000008003c3c                _tracing_backend_list_start = .
 *(SORT_BY_NAME(SORT_BY_ALIGNMENT(._tracing_backend.static.*)))
                0x0000000008003c3c                _tracing_backend_list_end = .

zephyr_dbg_info
 *(SORT_BY_ALIGNMENT(.dbg_thread_info))

symbol_to_keep  0x0000000008003c3c        0x0
                0x0000000008003c3c                __symbol_to_keep_start = .
 *(SORT_BY_NAME(SORT_BY_ALIGNMENT(.symbol_to_keep*)))
                0x0000000008003c3c                __symbol_to_keep_end = .

shell_area      0x0000000008003c3c        0x0
                0x0000000008003c3c                _shell_list_start = .
 *(SORT_BY_NAME(SORT_BY_ALIGNMENT(._shell.static.*)))
                0x0000000008003c3c                _shell_list_end = .

shell_root_cmds_area
                0x0000000008003c3c        0x0
                0x0000000008003c3c                _shell_root_cmds_list_start = .
 *(SORT_BY_NAME(SORT_BY_ALIGNMENT(._shell_root_cmds.static.*)))
                0x0000000008003c3c                _shell_root_cmds_list_end = .

shell_subcmds_area
                0x0000000008003c3c        0x0
                0x0000000008003c3c                _shell_subcmds_list_start = .
 *(SORT_BY_NAME(SORT_BY_ALIGNMENT(._shell_subcmds.static.*)))
                0x0000000008003c3c                _shell_subcmds_list_end = .

shell_dynamic_subcmds_area
                0x0000000008003c3c        0x0
                0x0000000008003c3c                _shell_dynamic_subcmds_list_start = .
 *(SORT_BY_NAME(SORT_BY_ALIGNMENT(._shell_dynamic_subcmds.static.*)))
                0x0000000008003c3c                _shell_dynamic_subcmds_list_end = .

cfb_font_area   0x0000000008003c3c        0x0
                0x0000000008003c3c                _cfb_font_list_start = .
 *(SORT_BY_NAME(SORT_BY_ALIGNMENT(._cfb_font.static.*)))
                0x0000000008003c3c                _cfb_font_list_end = .

tdata           0x0000000008003c3c        0x0
 *(SORT_BY_ALIGNMENT(.tdata) SORT_BY_ALIGNMENT(.tdata.*) SORT_BY_ALIGNMENT(.gnu.linkonce.td.*))

tbss            0x0000000008003c3c        0x4
 *(SORT_BY_ALIGNMENT(.tbss) SORT_BY_ALIGNMENT(.tbss.*) SORT_BY_ALIGNMENT(.gnu.linkonce.tb.*) SORT_BY_ALIGNMENT(.tcommon))
 .tbss.z_tls_current
                0x0000000008003c3c        0x4 zephyr/libzephyr.a(thread_entry.c.obj)
                0x0000000008003c3c                z_tls_current
                0x0000000008003c3c                PROVIDE (__tdata_start = LOADADDR (tdata))
                0x0000000000000001                PROVIDE (__tdata_align = ALIGNOF (tdata))
                0x0000000000000000                PROVIDE (__tdata_size = (((SIZEOF (tdata) + __tdata_align) - 0x1) & ~ ((__tdata_align - 0x1))))
                [!provide]                        PROVIDE (__tdata_end = (__tdata_start + __tdata_size))
                0x0000000000000004                PROVIDE (__tbss_align = ALIGNOF (tbss))
                [!provide]                        PROVIDE (__tbss_start = ADDR (tbss))
                0x0000000000000004                PROVIDE (__tbss_size = (((SIZEOF (tbss) + __tbss_align) - 0x1) & ~ ((__tbss_align - 0x1))))
                [!provide]                        PROVIDE (__tbss_end = (__tbss_start + __tbss_size))
                [!provide]                        PROVIDE (__tls_start = __tdata_start)
                [!provide]                        PROVIDE (__tls_end = __tbss_end)
                [!provide]                        PROVIDE (__tls_size = (__tbss_end - __tdata_start))

rodata          0x0000000008003c3c      0x474
 *(SORT_BY_ALIGNMENT(.rodata))
 .rodata        0x0000000008003c3c        0x8 zephyr/drivers/gpio/libdrivers__gpio.a(gpio_stm32.c.obj)
 *(SORT_BY_ALIGNMENT(.rodata.*))
 .rodata.button
                0x0000000008003c44        0x8 app/libapp.a(main.c.obj)
 .rodata.mem_attr_region
                0x0000000008003c4c        0x0 zephyr/libzephyr.a(mem_attr.c.obj)
 .rodata.static_regions
                0x0000000008003c4c        0xc zephyr/arch/arch/arm/core/mpu/libarch__arm__core__mpu.a(arm_core_mpu.c.obj)
 .rodata.mpu_config
                0x0000000008003c58        0x8 zephyr/arch/arch/arm/core/mpu/libarch__arm__core__mpu.a(arm_mpu_regions.c.obj)
                0x0000000008003c58                mpu_config
 .rodata.mpu_regions
                0x0000000008003c60       0x18 zephyr/arch/arch/arm/core/mpu/libarch__arm__core__mpu.a(arm_mpu_regions.c.obj)
 .rodata.stdout
                0x0000000008003c78        0x4 zephyr/lib/libc/picolibc/liblib__libc__picolibc.a(libc-hooks.c.obj)
                0x0000000008003c78                stdout
                0x0000000008003c78                stderr
 .rodata.gpio_stm32_cfg_h
                0x0000000008003c7c       0x14 zephyr/drivers/gpio/libdrivers__gpio.a(gpio_stm32.c.obj)
 .rodata.gpio_stm32_cfg_g
                0x0000000008003c90       0x14 zephyr/drivers/gpio/libdrivers__gpio.a(gpio_stm32.c.obj)
 .rodata.gpio_stm32_cfg_f
                0x0000000008003ca4       0x14 zephyr/drivers/gpio/libdrivers__gpio.a(gpio_stm32.c.obj)
 .rodata.gpio_stm32_cfg_e
                0x0000000008003cb8       0x14 zephyr/drivers/gpio/libdrivers__gpio.a(gpio_stm32.c.obj)
 .rodata.gpio_stm32_cfg_d
                0x0000000008003ccc       0x14 zephyr/drivers/gpio/libdrivers__gpio.a(gpio_stm32.c.obj)
 .rodata.gpio_stm32_cfg_c
                0x0000000008003ce0       0x14 zephyr/drivers/gpio/libdrivers__gpio.a(gpio_stm32.c.obj)
 .rodata.gpio_stm32_cfg_b
                0x0000000008003cf4       0x14 zephyr/drivers/gpio/libdrivers__gpio.a(gpio_stm32.c.obj)
 .rodata.gpio_stm32_cfg_a
                0x0000000008003d08       0x14 zephyr/drivers/gpio/libdrivers__gpio.a(gpio_stm32.c.obj)
 .rodata.gpio_stm32_driver
                0x0000000008003d1c       0x24 zephyr/drivers/gpio/libdrivers__gpio.a(gpio_stm32.c.obj)
 .rodata.gpio_ports
                0x0000000008003d40       0x2c zephyr/drivers/pinctrl/libdrivers__pinctrl.a(pinctrl_stm32.c.obj)
 .rodata.reset_stm32_config
                0x0000000008003d6c        0x4 zephyr/drivers/reset/libdrivers__reset.a(reset_stm32.c.obj)
 .rodata.reset_stm32_driver_api
                0x0000000008003d70       0x10 zephyr/drivers/reset/libdrivers__reset.a(reset_stm32.c.obj)
 .rodata.uart_stm32_cfg_0
                0x0000000008003d80       0x28 zephyr/drivers/serial/libdrivers__serial.a(uart_stm32.c.obj)
 .rodata.pclken_0
                0x0000000008003da8        0x8 zephyr/drivers/serial/libdrivers__serial.a(uart_stm32.c.obj)
 .rodata.__pinctrl_dev_config__device_dts_ord_63
                0x0000000008003db0        0x8 zephyr/drivers/serial/libdrivers__serial.a(uart_stm32.c.obj)
 .rodata.__pinctrl_states__device_dts_ord_63
                0x0000000008003db8        0x8 zephyr/drivers/serial/libdrivers__serial.a(uart_stm32.c.obj)
 .rodata.__pinctrl_state_pins_0__device_dts_ord_63
                0x0000000008003dc0       0x10 zephyr/drivers/serial/libdrivers__serial.a(uart_stm32.c.obj)
 .rodata.uart_stm32_driver_api
                0x0000000008003dd0       0x4c zephyr/drivers/serial/libdrivers__serial.a(uart_stm32.c.obj)
 .rodata.levels.0
                0x0000000008003e1c       0x18 zephyr/kernel/libkernel.a(init.c.obj)
 .rodata.CSWTCH.609
                0x0000000008003e34        0x6 zephyr/drivers/serial/libdrivers__serial.a(uart_stm32.c.obj)
 .rodata.button_pressed.str1.1
                0x0000000008003e3a       0x1d app/libapp.a(main.c.obj)
 .rodata.main.str1.1
                0x0000000008003e57      0x121 app/libapp.a(main.c.obj)
 .rodata.str1.1
                0x0000000008003f78        0xf zephyr/arch/arch/arm/core/mpu/libarch__arm__core__mpu.a(arm_mpu_regions.c.obj)
 .rodata.line_range_6.0
                0x0000000008003f87        0x2 zephyr/drivers/interrupt_controller/libdrivers__interrupt_controller.a(intc_exti_stm32.c.obj)
 .rodata.line_range_5.1
                0x0000000008003f89        0x2 zephyr/drivers/interrupt_controller/libdrivers__interrupt_controller.a(intc_exti_stm32.c.obj)
 .rodata.line_range_4.2
                0x0000000008003f8b        0x2 zephyr/drivers/interrupt_controller/libdrivers__interrupt_controller.a(intc_exti_stm32.c.obj)
 .rodata.line_range_3.3
                0x0000000008003f8d        0x2 zephyr/drivers/interrupt_controller/libdrivers__interrupt_controller.a(intc_exti_stm32.c.obj)
 .rodata.line_range_2.4
                0x0000000008003f8f        0x2 zephyr/drivers/interrupt_controller/libdrivers__interrupt_controller.a(intc_exti_stm32.c.obj)
 .rodata.line_range_1.5
                0x0000000008003f91        0x2 zephyr/drivers/interrupt_controller/libdrivers__interrupt_controller.a(intc_exti_stm32.c.obj)
 .rodata.line_range_0.6
                0x0000000008003f93        0x2 zephyr/drivers/interrupt_controller/libdrivers__interrupt_controller.a(intc_exti_stm32.c.obj)
 .rodata.str1.1
                0x0000000008003f95       0x1e zephyr/drivers/interrupt_controller/libdrivers__interrupt_controller.a(intc_exti_stm32.c.obj)
 .rodata.str1.1
                0x0000000008003fb3        0xd zephyr/drivers/clock_control/libdrivers__clock_control.a(clock_stm32_ll_common.c.obj)
 .rodata.str1.1
                0x0000000008003fc0       0x70 zephyr/drivers/gpio/libdrivers__gpio.a(gpio_stm32.c.obj)
 .rodata.str1.1
                0x0000000008004030       0x11 zephyr/drivers/reset/libdrivers__reset.a(reset_stm32.c.obj)
 .rodata.str1.1
                0x0000000008004041       0x10 zephyr/drivers/serial/libdrivers__serial.a(uart_stm32.c.obj)
 .rodata.AHBPrescTable
                0x0000000008004051       0x10 modules/stm32/stm32cube/lib..__modules__hal__stm32__stm32cube.a(system_stm32f4xx.c.obj)
                0x0000000008004051                AHBPrescTable
 .rodata.z_cstart.str1.1
                0x0000000008004061        0x5 zephyr/kernel/libkernel.a(init.c.obj)
 .rodata.boot_banner.str1.1
                0x0000000008004066       0x3b zephyr/kernel/libkernel.a(banner.c.obj)
 .rodata.__l_vfprintf.str1.1
                0x00000000080040a1        0xf /home/giang/zephyr-sdk-0.16.5-1/arm-zephyr-eabi/bin/../lib/gcc/../../picolibc/arm-zephyr-eabi/lib/thumb/v7e-m/nofp/libc.a(libc_tinystdio_vflprintf.c.o)
 *(SORT_BY_ALIGNMENT(.gnu.linkonce.r.*))
                0x00000000080040b0                . = ALIGN (0x4)
                0x00000000080040b0                __rodata_region_end = .
                0x00000000080040c0                . = ALIGN (_region_min_align)
                0x0000000008008000                . = ALIGN ((0x1 << LOG2CEIL ((__rodata_region_end - ADDR (rom_start)))))
                0x0000000008008000                __rom_region_end = ((__rom_region_start + .) - ADDR (rom_start))

/DISCARD/
 *(SORT_BY_ALIGNMENT(.got.plt))
 *(SORT_BY_ALIGNMENT(.igot.plt))
 *(SORT_BY_ALIGNMENT(.got))
 *(SORT_BY_ALIGNMENT(.igot))
                0x0000000020000000                . = 0x20000000
                0x0000000020000000                . = ALIGN (_region_min_align)
                0x0000000020000000                _image_ram_start = .

.ramfunc        0x0000000020000000        0x0 load address 0x00000000080040b0
                0x0000000020000000                . = ALIGN (_region_min_align)
                0x0000000020000000                . = ALIGN ((0x1 << LOG2CEIL (__ramfunc_size)))
                0x0000000020000000                __ramfunc_start = .
 *(SORT_BY_ALIGNMENT(.ramfunc))
 *(SORT_BY_ALIGNMENT(.ramfunc.*))
                0x0000000020000000                . = ALIGN (_region_min_align)
                0x0000000020000000                . = ALIGN ((0x1 << LOG2CEIL (__ramfunc_size)))
                0x0000000020000000                __ramfunc_end = .
                0x0000000000000000                __ramfunc_size = (__ramfunc_end - __ramfunc_start)
                0x00000000080040b0                __ramfunc_load_start = LOADADDR (.ramfunc)

datas           0x0000000020000000       0x70 load address 0x00000000080040b0
                0x0000000020000000                __data_region_start = .
                0x0000000020000000                __data_start = .
 *(SORT_BY_ALIGNMENT(.data))
 *(SORT_BY_ALIGNMENT(.data.*))
 .data.led      0x0000000020000000        0x8 app/libapp.a(main.c.obj)
 .data._char_out
                0x0000000020000008        0x4 zephyr/libzephyr.a(printk.c.obj)
                0x0000000020000008                _char_out
 .data.handler  0x000000002000000c        0x4 zephyr/arch/arch/arm/core/libarch__arm__core.a(nmi.c.obj)
 .data.__stdout
                0x0000000020000010       0x10 zephyr/lib/libc/picolibc/liblib__libc__picolibc.a(libc-hooks.c.obj)
 .data.stm32_clock_control_api
                0x0000000020000020       0x1c zephyr/drivers/clock_control/libdrivers__clock_control.a(clock_stm32_ll_common.c.obj)
 .data.uart_stm32_data_0
                0x000000002000003c       0x10 zephyr/drivers/serial/libdrivers__serial.a(uart_stm32.c.obj)
 .data.uart_cfg_0
                0x000000002000004c        0x8 zephyr/drivers/serial/libdrivers__serial.a(uart_stm32.c.obj)
 .data.SystemCoreClock
                0x0000000020000054        0x4 modules/stm32/stm32cube/lib..__modules__hal__stm32__stm32cube.a(system_stm32f4xx.c.obj)
                0x0000000020000054                SystemCoreClock
 .data.timeout_list
                0x0000000020000058        0x8 zephyr/kernel/libkernel.a(timeout.c.obj)
 .data.exti_irq_table
                0x0000000020000060       0x10 zephyr/drivers/interrupt_controller/libdrivers__interrupt_controller.a(intc_exti_stm32.c.obj)
 *(SORT_BY_ALIGNMENT(.kernel.*))
                0x0000000020000070                __data_end = .
                0x0000000000000070                __data_size = (__data_end - __data_start)
                0x00000000080040b0                __data_load_start = LOADADDR (datas)
                0x00000000080040b0                __data_region_load_start = LOADADDR (datas)

device_states   0x0000000020000070       0x18 load address 0x0000000008004120
                0x0000000020000070                __device_states_start = .
 *(SORT_BY_ALIGNMENT(.z_devstate))
 .z_devstate    0x0000000020000070        0x2 zephyr/drivers/interrupt_controller/libdrivers__interrupt_controller.a(intc_exti_stm32.c.obj)
 .z_devstate    0x0000000020000072        0x2 zephyr/drivers/clock_control/libdrivers__clock_control.a(clock_stm32_ll_common.c.obj)
 .z_devstate    0x0000000020000074       0x10 zephyr/drivers/gpio/libdrivers__gpio.a(gpio_stm32.c.obj)
 .z_devstate    0x0000000020000084        0x2 zephyr/drivers/reset/libdrivers__reset.a(reset_stm32.c.obj)
 .z_devstate    0x0000000020000086        0x2 zephyr/drivers/serial/libdrivers__serial.a(uart_stm32.c.obj)
 *(SORT_BY_ALIGNMENT(.z_devstate.*))
                0x0000000020000088                __device_states_end = .

log_mpsc_pbuf_area
                0x0000000020000088        0x0 load address 0x0000000008004138
                0x0000000020000088                _log_mpsc_pbuf_list_start = .
 *(SORT_BY_NAME(SORT_BY_ALIGNMENT(._log_mpsc_pbuf.static.*)))
                0x0000000020000088                _log_mpsc_pbuf_list_end = .

log_msg_ptr_area
                0x0000000020000088        0x0 load address 0x0000000008004138
                0x0000000020000088                _log_msg_ptr_list_start = .
 *(SORT_BY_NAME(SORT_BY_ALIGNMENT(._log_msg_ptr.static.*)))
                0x0000000020000088                _log_msg_ptr_list_end = .

log_dynamic_area
                0x0000000020000088        0x0 load address 0x0000000008004138
                0x0000000020000088                _log_dynamic_list_start = .
 *(SORT_BY_NAME(SORT_BY_ALIGNMENT(._log_dynamic.static.*)))
                0x0000000020000088                _log_dynamic_list_end = .

k_timer_area    0x0000000020000088        0x0 load address 0x0000000008004138
                0x0000000020000088                _k_timer_list_start = .
 *(SORT_BY_NAME(SORT_BY_ALIGNMENT(._k_timer.static.*)))
                0x0000000020000088                _k_timer_list_end = .

k_mem_slab_area
                0x0000000020000088        0x0 load address 0x0000000008004138
                0x0000000020000088                _k_mem_slab_list_start = .
 *(SORT_BY_NAME(SORT_BY_ALIGNMENT(._k_mem_slab.static.*)))
                0x0000000020000088                _k_mem_slab_list_end = .

k_heap_area     0x0000000020000088        0x0 load address 0x0000000008004138
                0x0000000020000088                _k_heap_list_start = .
 *(SORT_BY_NAME(SORT_BY_ALIGNMENT(._k_heap.static.*)))
                0x0000000020000088                _k_heap_list_end = .

k_mutex_area    0x0000000020000088        0x0 load address 0x0000000008004138
                0x0000000020000088                _k_mutex_list_start = .
 *(SORT_BY_NAME(SORT_BY_ALIGNMENT(._k_mutex.static.*)))
                0x0000000020000088                _k_mutex_list_end = .

k_stack_area    0x0000000020000088        0x0 load address 0x0000000008004138
                0x0000000020000088                _k_stack_list_start = .
 *(SORT_BY_NAME(SORT_BY_ALIGNMENT(._k_stack.static.*)))
                0x0000000020000088                _k_stack_list_end = .

k_msgq_area     0x0000000020000088        0x0 load address 0x0000000008004138
                0x0000000020000088                _k_msgq_list_start = .
 *(SORT_BY_NAME(SORT_BY_ALIGNMENT(._k_msgq.static.*)))
                0x0000000020000088                _k_msgq_list_end = .

k_mbox_area     0x0000000020000088        0x0 load address 0x0000000008004138
                0x0000000020000088                _k_mbox_list_start = .
 *(SORT_BY_NAME(SORT_BY_ALIGNMENT(._k_mbox.static.*)))
                0x0000000020000088                _k_mbox_list_end = .

k_pipe_area     0x0000000020000088        0x0 load address 0x0000000008004138
                0x0000000020000088                _k_pipe_list_start = .
 *(SORT_BY_NAME(SORT_BY_ALIGNMENT(._k_pipe.static.*)))
                0x0000000020000088                _k_pipe_list_end = .

k_sem_area      0x0000000020000088        0x0 load address 0x0000000008004138
                0x0000000020000088                _k_sem_list_start = .
 *(SORT_BY_NAME(SORT_BY_ALIGNMENT(._k_sem.static.*)))
                0x0000000020000088                _k_sem_list_end = .

k_event_area    0x0000000020000088        0x0 load address 0x0000000008004138
                0x0000000020000088                _k_event_list_start = .
 *(SORT_BY_NAME(SORT_BY_ALIGNMENT(._k_event.static.*)))
                0x0000000020000088                _k_event_list_end = .

k_queue_area    0x0000000020000088        0x0 load address 0x0000000008004138
                0x0000000020000088                _k_queue_list_start = .
 *(SORT_BY_NAME(SORT_BY_ALIGNMENT(._k_queue.static.*)))
                0x0000000020000088                _k_queue_list_end = .

k_fifo_area     0x0000000020000088        0x0 load address 0x0000000008004138
                0x0000000020000088                _k_fifo_list_start = .
 *(SORT_BY_NAME(SORT_BY_ALIGNMENT(._k_fifo.static.*)))
                0x0000000020000088                _k_fifo_list_end = .

k_lifo_area     0x0000000020000088        0x0 load address 0x0000000008004138
                0x0000000020000088                _k_lifo_list_start = .
 *(SORT_BY_NAME(SORT_BY_ALIGNMENT(._k_lifo.static.*)))
                0x0000000020000088                _k_lifo_list_end = .

k_condvar_area  0x0000000020000088        0x0 load address 0x0000000008004138
                0x0000000020000088                _k_condvar_list_start = .
 *(SORT_BY_NAME(SORT_BY_ALIGNMENT(._k_condvar.static.*)))
                0x0000000020000088                _k_condvar_list_end = .

sys_mem_blocks_ptr_area
                0x0000000020000088        0x0 load address 0x0000000008004138
                0x0000000020000088                _sys_mem_blocks_ptr_list_start = .
 *(SORT_BY_NAME(SORT_BY_ALIGNMENT(._sys_mem_blocks_ptr.static.*)))
                0x0000000020000088                _sys_mem_blocks_ptr_list_end = .

net_buf_pool_area
                0x0000000020000088        0x0 load address 0x0000000008004138
                0x0000000020000088                _net_buf_pool_list_start = .
 *(SORT_BY_NAME(SORT_BY_ALIGNMENT(._net_buf_pool.static.*)))
                0x0000000020000088                _net_buf_pool_list_end = .
                0x0000000020000088                __data_region_end = .

bss             0x0000000020000088      0x31b
                0x0000000020000088                . = ALIGN (0x4)
                0x0000000020000088                __bss_start = .
                0x0000000020000088                __kernel_ram_start = .
 *(SORT_BY_ALIGNMENT(.bss))
 *(SORT_BY_ALIGNMENT(.bss.*))
 .bss.announced_cycles
                0x0000000020000088        0x8 zephyr/drivers/timer/libdrivers__timer.a(cortex_m_systick.c.obj)
 .bss.cycle_count
                0x0000000020000090        0x8 zephyr/drivers/timer/libdrivers__timer.a(cortex_m_systick.c.obj)
 .bss.z_idle_threads
                0x0000000020000098       0x80 zephyr/kernel/libkernel.a(init.c.obj)
                0x0000000020000098                z_idle_threads
 .bss.z_main_thread
                0x0000000020000118       0x80 zephyr/kernel/libkernel.a(init.c.obj)
                0x0000000020000118                z_main_thread
 .bss._thread_dummy
                0x0000000020000198       0x80 zephyr/kernel/libkernel.a(sched.c.obj)
                0x0000000020000198                _thread_dummy
 .bss.slice_timeouts
                0x0000000020000218       0x18 zephyr/kernel/libkernel.a(timeslicing.c.obj)
 .bss.curr_tick
                0x0000000020000230        0x8 zephyr/kernel/libkernel.a(timeout.c.obj)
 .bss.button_cb_data
                0x0000000020000238        0xc app/libapp.a(main.c.obj)
 .bss.z_arm_tls_ptr
                0x0000000020000244        0x4 zephyr/arch/arch/arm/core/libarch__arm__core.a(tls.c.obj)
                0x0000000020000244                z_arm_tls_ptr
 .bss.dynamic_regions.0
                0x0000000020000248        0xc zephyr/arch/arch/arm/core/mpu/libarch__arm__core__mpu.a(arm_core_mpu.c.obj)
 .bss._stdout_hook
                0x0000000020000254        0x4 zephyr/lib/libc/picolibc/liblib__libc__picolibc.a(libc-hooks.c.obj)
 .bss.z_malloc_heap
                0x0000000020000258        0xc zephyr/lib/libc/common/liblib__libc__common.a(malloc.c.obj)
 .bss.exti_data
                0x0000000020000264       0x80 zephyr/drivers/interrupt_controller/libdrivers__interrupt_controller.a(intc_exti_stm32.c.obj)
 .bss.gpio_stm32_data_h
                0x00000000200002e4       0x10 zephyr/drivers/gpio/libdrivers__gpio.a(gpio_stm32.c.obj)
 .bss.gpio_stm32_data_g
                0x00000000200002f4       0x10 zephyr/drivers/gpio/libdrivers__gpio.a(gpio_stm32.c.obj)
 .bss.gpio_stm32_data_f
                0x0000000020000304       0x10 zephyr/drivers/gpio/libdrivers__gpio.a(gpio_stm32.c.obj)
 .bss.gpio_stm32_data_e
                0x0000000020000314       0x10 zephyr/drivers/gpio/libdrivers__gpio.a(gpio_stm32.c.obj)
 .bss.gpio_stm32_data_d
                0x0000000020000324       0x10 zephyr/drivers/gpio/libdrivers__gpio.a(gpio_stm32.c.obj)
 .bss.gpio_stm32_data_c
                0x0000000020000334       0x10 zephyr/drivers/gpio/libdrivers__gpio.a(gpio_stm32.c.obj)
 .bss.gpio_stm32_data_b
                0x0000000020000344       0x10 zephyr/drivers/gpio/libdrivers__gpio.a(gpio_stm32.c.obj)
 .bss.gpio_stm32_data_a
                0x0000000020000354       0x10 zephyr/drivers/gpio/libdrivers__gpio.a(gpio_stm32.c.obj)
 .bss.overflow_cyc
                0x0000000020000364        0x4 zephyr/drivers/timer/libdrivers__timer.a(cortex_m_systick.c.obj)
 .bss.last_load
                0x0000000020000368        0x4 zephyr/drivers/timer/libdrivers__timer.a(cortex_m_systick.c.obj)
 .bss._cpus_active
                0x000000002000036c        0x4 zephyr/kernel/libkernel.a(init.c.obj)
                0x000000002000036c                _cpus_active
 .bss._kernel   0x0000000020000370       0x20 zephyr/kernel/libkernel.a(init.c.obj)
                0x0000000020000370                _kernel
 .bss.pending_current
                0x0000000020000390        0x4 zephyr/kernel/libkernel.a(timeslicing.c.obj)
                0x0000000020000390                pending_current
 .bss.slice_max_prio
                0x0000000020000394        0x4 zephyr/kernel/libkernel.a(timeslicing.c.obj)
 .bss.slice_ticks
                0x0000000020000398        0x4 zephyr/kernel/libkernel.a(timeslicing.c.obj)
 .bss.announce_remaining
                0x000000002000039c        0x4 zephyr/kernel/libkernel.a(timeout.c.obj)
 .bss.static_regions_num
                0x00000000200003a0        0x1 zephyr/arch/arch/arm/core/mpu/libarch__arm__core__mpu.a(arm_mpu.c.obj)
 .bss.z_sys_post_kernel
                0x00000000200003a1        0x1 zephyr/kernel/libkernel.a(init.c.obj)
                0x00000000200003a1                z_sys_post_kernel
 .bss._sched_spinlock
                0x00000000200003a2        0x0 zephyr/kernel/libkernel.a(sched.c.obj)
                0x00000000200003a2                _sched_spinlock
 .bss.slice_expired
                0x00000000200003a2        0x1 zephyr/kernel/libkernel.a(timeslicing.c.obj)
 *(SORT_BY_ALIGNMENT(COMMON))
 *(SORT_BY_ALIGNMENT(.kernel_bss.*))
                0x00000000200003a4                __bss_end = ALIGN (0x4)

noinit          0x00000000200003c0      0xe00
 *(SORT_BY_ALIGNMENT(.noinit))
 *(SORT_BY_ALIGNMENT(.noinit.*))
 .noinit."WEST_TOPDIR/zephyr/kernel/init.c".2
                0x00000000200003c0      0x840 zephyr/kernel/libkernel.a(init.c.obj)
                0x00000000200003c0                z_interrupt_stacks
 .noinit."WEST_TOPDIR/zephyr/kernel/init.c".1
                0x0000000020000c00      0x180 zephyr/kernel/libkernel.a(init.c.obj)
 .noinit."WEST_TOPDIR/zephyr/kernel/init.c".0
                0x0000000020000d80      0x440 zephyr/kernel/libkernel.a(init.c.obj)
                0x0000000020000d80                z_main_stack
 *(SORT_BY_ALIGNMENT(.kernel_noinit.*))
                0x0000000020020000                __kernel_ram_end = 0x20020000
                0x000000000001ff78                __kernel_ram_size = (__kernel_ram_end - __kernel_ram_start)

.intList        0x00000000ffff8000       0x88
 *(SORT_BY_ALIGNMENT(.irq_info*))
 .irq_info      0x00000000ffff8000        0x8 zephyr/arch/common/libisr_tables.a(isr_tables.c.obj)
                0x00000000ffff8000                _iheader
 *(SORT_BY_ALIGNMENT(.intList*))
 .intList       0x00000000ffff8008       0x70 zephyr/drivers/interrupt_controller/libdrivers__interrupt_controller.a(intc_exti_stm32.c.obj)
 .intList       0x00000000ffff8078       0x10 zephyr/drivers/serial/libdrivers__serial.a(uart_stm32.c.obj)

.last_ram_section
                0x00000000200011c0        0x0
                0x00000000200011c0                _image_ram_end = .
                0x00000000000011c0                _image_ram_size = (_image_ram_end - _image_ram_start)
                0x00000000200011c0                _end = .
                0x00000000200011c0                z_mapped_end = .

.stab
 *(SORT_BY_ALIGNMENT(.stab))

.stabstr
 *(SORT_BY_ALIGNMENT(.stabstr))

.stab.excl
 *(SORT_BY_ALIGNMENT(.stab.excl))

.stab.exclstr
 *(SORT_BY_ALIGNMENT(.stab.exclstr))

.stab.index
 *(SORT_BY_ALIGNMENT(.stab.index))

.stab.indexstr
 *(SORT_BY_ALIGNMENT(.stab.indexstr))

.gnu.build.attributes
 *(SORT_BY_ALIGNMENT(.gnu.build.attributes) SORT_BY_ALIGNMENT(.gnu.build.attributes.*))

.comment        0x0000000000000000       0x22
 *(SORT_BY_ALIGNMENT(.comment))
 .comment       0x0000000000000000       0x22 zephyr/CMakeFiles/offsets.dir/./arch/arm/core/offsets/offsets.c.obj
                                         0x23 (size before relaxing)
 .comment       0x0000000000000022       0x23 app/libapp.a(main.c.obj)
 .comment       0x0000000000000022       0x23 zephyr/libzephyr.a(heap.c.obj)
 .comment       0x0000000000000022       0x23 zephyr/libzephyr.a(printk.c.obj)
 .comment       0x0000000000000022       0x23 zephyr/libzephyr.a(thread_entry.c.obj)
 .comment       0x0000000000000022       0x23 zephyr/libzephyr.a(configs.c.obj)
 .comment       0x0000000000000022       0x23 zephyr/libzephyr.a(soc_config.c.obj)
 .comment       0x0000000000000022       0x23 zephyr/libzephyr.a(soc.c.obj)
 .comment       0x0000000000000022       0x23 zephyr/libzephyr.a(mem_attr.c.obj)
 .comment       0x0000000000000022       0x23 zephyr/arch/arch/arm/core/libarch__arm__core.a(fatal.c.obj)
 .comment       0x0000000000000022       0x23 zephyr/arch/arch/arm/core/libarch__arm__core.a(nmi.c.obj)
 .comment       0x0000000000000022       0x23 zephyr/arch/arch/arm/core/libarch__arm__core.a(tls.c.obj)
 .comment       0x0000000000000022       0x23 zephyr/arch/arch/arm/core/cortex_m/libarch__arm__core__cortex_m.a(exc_exit.c.obj)
 .comment       0x0000000000000022       0x23 zephyr/arch/arch/arm/core/cortex_m/libarch__arm__core__cortex_m.a(fault.c.obj)
 .comment       0x0000000000000022       0x23 zephyr/arch/arch/arm/core/cortex_m/libarch__arm__core__cortex_m.a(thread_abort.c.obj)
 .comment       0x0000000000000022       0x23 zephyr/arch/arch/arm/core/cortex_m/libarch__arm__core__cortex_m.a(swap.c.obj)
 .comment       0x0000000000000022       0x23 zephyr/arch/arch/arm/core/cortex_m/libarch__arm__core__cortex_m.a(irq_manage.c.obj)
 .comment       0x0000000000000022       0x23 zephyr/arch/arch/arm/core/cortex_m/libarch__arm__core__cortex_m.a(prep_c.c.obj)
 .comment       0x0000000000000022       0x23 zephyr/arch/arch/arm/core/cortex_m/libarch__arm__core__cortex_m.a(thread.c.obj)
 .comment       0x0000000000000022       0x23 zephyr/arch/arch/arm/core/cortex_m/libarch__arm__core__cortex_m.a(cpu_idle.c.obj)
 .comment       0x0000000000000022       0x23 zephyr/arch/arch/arm/core/cortex_m/libarch__arm__core__cortex_m.a(irq_init.c.obj)
 .comment       0x0000000000000022       0x23 zephyr/arch/arch/arm/core/cortex_m/libarch__arm__core__cortex_m.a(isr_wrapper.c.obj)
 .comment       0x0000000000000022       0x23 zephyr/arch/arch/arm/core/mpu/libarch__arm__core__mpu.a(arm_core_mpu.c.obj)
 .comment       0x0000000000000022       0x23 zephyr/arch/arch/arm/core/mpu/libarch__arm__core__mpu.a(arm_mpu.c.obj)
 .comment       0x0000000000000022       0x23 zephyr/arch/arch/arm/core/mpu/libarch__arm__core__mpu.a(arm_mpu_regions.c.obj)
 .comment       0x0000000000000022       0x23 zephyr/lib/libc/picolibc/liblib__libc__picolibc.a(libc-hooks.c.obj)
 .comment       0x0000000000000022       0x23 zephyr/lib/libc/common/liblib__libc__common.a(malloc.c.obj)
 .comment       0x0000000000000022       0x23 zephyr/drivers/interrupt_controller/libdrivers__interrupt_controller.a(intc_exti_stm32.c.obj)
 .comment       0x0000000000000022       0x23 zephyr/drivers/clock_control/libdrivers__clock_control.a(clock_stm32_ll_common.c.obj)
 .comment       0x0000000000000022       0x23 zephyr/drivers/clock_control/libdrivers__clock_control.a(clock_stm32f2_f4_f7.c.obj)
 .comment       0x0000000000000022       0x23 zephyr/drivers/console/libdrivers__console.a(uart_console.c.obj)
 .comment       0x0000000000000022       0x23 zephyr/drivers/gpio/libdrivers__gpio.a(gpio_stm32.c.obj)
 .comment       0x0000000000000022       0x23 zephyr/drivers/pinctrl/libdrivers__pinctrl.a(common.c.obj)
 .comment       0x0000000000000022       0x23 zephyr/drivers/pinctrl/libdrivers__pinctrl.a(pinctrl_stm32.c.obj)
 .comment       0x0000000000000022       0x23 zephyr/drivers/reset/libdrivers__reset.a(reset_stm32.c.obj)
 .comment       0x0000000000000022       0x23 zephyr/drivers/serial/libdrivers__serial.a(uart_stm32.c.obj)
 .comment       0x0000000000000022       0x23 zephyr/drivers/timer/libdrivers__timer.a(cortex_m_systick.c.obj)
 .comment       0x0000000000000022       0x23 modules/stm32/stm32cube/lib..__modules__hal__stm32__stm32cube.a(system_stm32f4xx.c.obj)
 .comment       0x0000000000000022       0x23 modules/stm32/stm32cube/lib..__modules__hal__stm32__stm32cube.a(stm32f4xx_hal_rcc.c.obj)
 .comment       0x0000000000000022       0x23 modules/stm32/stm32cube/lib..__modules__hal__stm32__stm32cube.a(stm32f4xx_ll_utils.c.obj)
 .comment       0x0000000000000022       0x23 zephyr/kernel/libkernel.a(device.c.obj)
 .comment       0x0000000000000022       0x23 zephyr/kernel/libkernel.a(fatal.c.obj)
 .comment       0x0000000000000022       0x23 zephyr/kernel/libkernel.a(init.c.obj)
 .comment       0x0000000000000022       0x23 zephyr/kernel/libkernel.a(idle.c.obj)
 .comment       0x0000000000000022       0x23 zephyr/kernel/libkernel.a(thread.c.obj)
 .comment       0x0000000000000022       0x23 zephyr/kernel/libkernel.a(sched.c.obj)
 .comment       0x0000000000000022       0x23 zephyr/kernel/libkernel.a(timeslicing.c.obj)
 .comment       0x0000000000000022       0x23 zephyr/kernel/libkernel.a(xip.c.obj)
 .comment       0x0000000000000022       0x23 zephyr/kernel/libkernel.a(timeout.c.obj)
 .comment       0x0000000000000022       0x23 zephyr/kernel/libkernel.a(banner.c.obj)
 .comment       0x0000000000000022       0x23 zephyr/arch/common/libisr_tables.a(isr_tables.c.obj)

.debug
 *(SORT_BY_ALIGNMENT(.debug))

.line
 *(SORT_BY_ALIGNMENT(.line))

.debug_srcinfo
 *(SORT_BY_ALIGNMENT(.debug_srcinfo))

.debug_sfnames
 *(SORT_BY_ALIGNMENT(.debug_sfnames))

.debug_aranges  0x0000000000000000      0xf00
 *(SORT_BY_ALIGNMENT(.debug_aranges))
 .debug_aranges
                0x0000000000000000       0x20 zephyr/arch/arch/arm/core/libarch__arm__core.a(nmi_on_reset.S.obj)
 .debug_aranges
                0x0000000000000020       0x20 zephyr/arch/arch/arm/core/cortex_m/libarch__arm__core__cortex_m.a(fault_s.S.obj)
 .debug_aranges
                0x0000000000000040       0x20 zephyr/arch/arch/arm/core/cortex_m/libarch__arm__core__cortex_m.a(reset.S.obj)
 .debug_aranges
                0x0000000000000060       0x28 zephyr/arch/arch/arm/core/cortex_m/libarch__arm__core__cortex_m.a(swap_helper.S.obj)
 .debug_aranges
                0x0000000000000088       0x20 zephyr/arch/arch/arm/core/cortex_m/libarch__arm__core__cortex_m.a(__aeabi_read_tp.S.obj)
 .debug_aranges
                0x00000000000000a8       0x20 zephyr/CMakeFiles/offsets.dir/./arch/arm/core/offsets/offsets.c.obj
 .debug_aranges
                0x00000000000000c8       0x30 app/libapp.a(main.c.obj)
 .debug_aranges
                0x00000000000000f8       0x88 zephyr/libzephyr.a(heap.c.obj)
 .debug_aranges
                0x0000000000000180       0x50 zephyr/libzephyr.a(printk.c.obj)
 .debug_aranges
                0x00000000000001d0       0x20 zephyr/libzephyr.a(thread_entry.c.obj)
 .debug_aranges
                0x00000000000001f0       0x20 zephyr/libzephyr.a(configs.c.obj)
 .debug_aranges
                0x0000000000000210       0x20 zephyr/libzephyr.a(soc_config.c.obj)
 .debug_aranges
                0x0000000000000230       0x20 zephyr/libzephyr.a(soc.c.obj)
 .debug_aranges
                0x0000000000000250       0x28 zephyr/libzephyr.a(mem_attr.c.obj)
 .debug_aranges
                0x0000000000000278       0x30 zephyr/arch/arch/arm/core/libarch__arm__core.a(fatal.c.obj)
 .debug_aranges
                0x00000000000002a8       0x28 zephyr/arch/arch/arm/core/libarch__arm__core.a(nmi.c.obj)
 .debug_aranges
                0x00000000000002d0       0x20 zephyr/arch/arch/arm/core/libarch__arm__core.a(tls.c.obj)
 .debug_aranges
                0x00000000000002f0       0x20 zephyr/arch/arch/arm/core/cortex_m/libarch__arm__core__cortex_m.a(exc_exit.c.obj)
 .debug_aranges
                0x0000000000000310       0x40 zephyr/arch/arch/arm/core/cortex_m/libarch__arm__core__cortex_m.a(fault.c.obj)
 .debug_aranges
                0x0000000000000350       0x20 zephyr/arch/arch/arm/core/cortex_m/libarch__arm__core__cortex_m.a(thread_abort.c.obj)
 .debug_aranges
                0x0000000000000370       0x28 zephyr/arch/arch/arm/core/cortex_m/libarch__arm__core__cortex_m.a(swap.c.obj)
 .debug_aranges
                0x0000000000000398       0x40 zephyr/arch/arch/arm/core/cortex_m/libarch__arm__core__cortex_m.a(irq_manage.c.obj)
 .debug_aranges
                0x00000000000003d8       0x20 zephyr/arch/arch/arm/core/cortex_m/libarch__arm__core__cortex_m.a(prep_c.c.obj)
 .debug_aranges
                0x00000000000003f8       0x40 zephyr/arch/arch/arm/core/cortex_m/libarch__arm__core__cortex_m.a(thread.c.obj)
 .debug_aranges
                0x0000000000000438       0x30 zephyr/arch/arch/arm/core/cortex_m/libarch__arm__core__cortex_m.a(cpu_idle.c.obj)
 .debug_aranges
                0x0000000000000468       0x20 zephyr/arch/arch/arm/core/cortex_m/libarch__arm__core__cortex_m.a(irq_init.c.obj)
 .debug_aranges
                0x0000000000000488       0x20 zephyr/arch/arch/arm/core/cortex_m/libarch__arm__core__cortex_m.a(isr_wrapper.c.obj)
 .debug_aranges
                0x00000000000004a8       0x28 zephyr/arch/arch/arm/core/mpu/libarch__arm__core__mpu.a(arm_core_mpu.c.obj)
 .debug_aranges
                0x00000000000004d0       0x58 zephyr/arch/arch/arm/core/mpu/libarch__arm__core__mpu.a(arm_mpu.c.obj)
 .debug_aranges
                0x0000000000000528       0x18 zephyr/arch/arch/arm/core/mpu/libarch__arm__core__mpu.a(arm_mpu_regions.c.obj)
 .debug_aranges
                0x0000000000000540       0xb0 zephyr/lib/libc/picolibc/liblib__libc__picolibc.a(libc-hooks.c.obj)
 .debug_aranges
                0x00000000000005f0       0x60 zephyr/lib/libc/common/liblib__libc__common.a(malloc.c.obj)
 .debug_aranges
                0x0000000000000650       0x58 zephyr/drivers/interrupt_controller/libdrivers__interrupt_controller.a(intc_exti_stm32.c.obj)
 .debug_aranges
                0x00000000000006a8       0x58 zephyr/drivers/clock_control/libdrivers__clock_control.a(clock_stm32_ll_common.c.obj)
 .debug_aranges
                0x0000000000000700       0x30 zephyr/drivers/clock_control/libdrivers__clock_control.a(clock_stm32f2_f4_f7.c.obj)
 .debug_aranges
                0x0000000000000730       0x30 zephyr/drivers/console/libdrivers__console.a(uart_console.c.obj)
 .debug_aranges
                0x0000000000000760       0x78 zephyr/drivers/gpio/libdrivers__gpio.a(gpio_stm32.c.obj)
 .debug_aranges
                0x00000000000007d8       0x20 zephyr/drivers/pinctrl/libdrivers__pinctrl.a(common.c.obj)
 .debug_aranges
                0x00000000000007f8       0x20 zephyr/drivers/pinctrl/libdrivers__pinctrl.a(pinctrl_stm32.c.obj)
 .debug_aranges
                0x0000000000000818       0x38 zephyr/drivers/reset/libdrivers__reset.a(reset_stm32.c.obj)
 .debug_aranges
                0x0000000000000850       0xe0 zephyr/drivers/serial/libdrivers__serial.a(uart_stm32.c.obj)
 .debug_aranges
                0x0000000000000930       0x60 zephyr/drivers/timer/libdrivers__timer.a(cortex_m_systick.c.obj)
 .debug_aranges
                0x0000000000000990       0x28 modules/stm32/stm32cube/lib..__modules__hal__stm32__stm32cube.a(system_stm32f4xx.c.obj)
 .debug_aranges
                0x00000000000009b8       0x88 modules/stm32/stm32cube/lib..__modules__hal__stm32__stm32cube.a(stm32f4xx_hal_rcc.c.obj)
 .debug_aranges
                0x0000000000000a40       0x58 modules/stm32/stm32cube/lib..__modules__hal__stm32__stm32cube.a(stm32f4xx_ll_utils.c.obj)
 .debug_aranges
                0x0000000000000a98       0x38 zephyr/kernel/libkernel.a(device.c.obj)
 .debug_aranges
                0x0000000000000ad0       0x60 zephyr/kernel/libkernel.a(fatal.c.obj)
 .debug_aranges
                0x0000000000000b30       0x68 zephyr/kernel/libkernel.a(init.c.obj)
 .debug_aranges
                0x0000000000000b98       0x30 zephyr/kernel/libkernel.a(idle.c.obj)
 .debug_aranges
                0x0000000000000bc8       0x88 zephyr/kernel/libkernel.a(thread.c.obj)
 .debug_aranges
                0x0000000000000c50      0x188 zephyr/kernel/libkernel.a(sched.c.obj)
 .debug_aranges
                0x0000000000000dd8       0x40 zephyr/kernel/libkernel.a(timeslicing.c.obj)
 .debug_aranges
                0x0000000000000e18       0x20 zephyr/kernel/libkernel.a(xip.c.obj)
 .debug_aranges
                0x0000000000000e38       0x90 zephyr/kernel/libkernel.a(timeout.c.obj)
 .debug_aranges
                0x0000000000000ec8       0x20 zephyr/kernel/libkernel.a(banner.c.obj)
 .debug_aranges
                0x0000000000000ee8       0x18 zephyr/arch/common/libisr_tables.a(isr_tables.c.obj)

.debug_pubnames
 *(SORT_BY_ALIGNMENT(.debug_pubnames))

.debug_info     0x0000000000000000    0x403a8
 *(SORT_BY_ALIGNMENT(.debug_info) SORT_BY_ALIGNMENT(.gnu.linkonce.wi.*))
 .debug_info    0x0000000000000000       0xdc zephyr/CMakeFiles/offsets.dir/./arch/arm/core/offsets/offsets.c.obj
 .debug_info    0x00000000000000dc     0x1061 app/libapp.a(main.c.obj)
 .debug_info    0x000000000000113d     0x2fe1 zephyr/libzephyr.a(heap.c.obj)
 .debug_info    0x000000000000411e      0x5e9 zephyr/libzephyr.a(printk.c.obj)
 .debug_info    0x0000000000004707      0x750 zephyr/libzephyr.a(thread_entry.c.obj)
 .debug_info    0x0000000000004e57       0x38 zephyr/libzephyr.a(configs.c.obj)
 .debug_info    0x0000000000004e8f      0x2ad zephyr/libzephyr.a(soc_config.c.obj)
 .debug_info    0x000000000000513c      0x2cb zephyr/libzephyr.a(soc.c.obj)
 .debug_info    0x0000000000005407      0x2ba zephyr/libzephyr.a(mem_attr.c.obj)
 .debug_info    0x00000000000056c1     0x2c26 zephyr/arch/arch/arm/core/libarch__arm__core.a(fatal.c.obj)
 .debug_info    0x00000000000082e7      0x1c8 zephyr/arch/arch/arm/core/libarch__arm__core.a(nmi.c.obj)
 .debug_info    0x00000000000084af       0x23 zephyr/arch/arch/arm/core/libarch__arm__core.a(nmi_on_reset.S.obj)
 .debug_info    0x00000000000084d2      0x72a zephyr/arch/arch/arm/core/libarch__arm__core.a(tls.c.obj)
 .debug_info    0x0000000000008bfc      0x7ab zephyr/arch/arch/arm/core/cortex_m/libarch__arm__core__cortex_m.a(exc_exit.c.obj)
 .debug_info    0x00000000000093a7     0xbded zephyr/arch/arch/arm/core/cortex_m/libarch__arm__core__cortex_m.a(fault.c.obj)
 .debug_info    0x0000000000015194       0x23 zephyr/arch/arch/arm/core/cortex_m/libarch__arm__core__cortex_m.a(fault_s.S.obj)
 .debug_info    0x00000000000151b7       0x23 zephyr/arch/arch/arm/core/cortex_m/libarch__arm__core__cortex_m.a(reset.S.obj)
 .debug_info    0x00000000000151da      0x852 zephyr/arch/arch/arm/core/cortex_m/libarch__arm__core__cortex_m.a(thread_abort.c.obj)
 .debug_info    0x0000000000015a2c      0xa20 zephyr/arch/arch/arm/core/cortex_m/libarch__arm__core__cortex_m.a(swap.c.obj)
 .debug_info    0x000000000001644c       0x22 zephyr/arch/arch/arm/core/cortex_m/libarch__arm__core__cortex_m.a(swap_helper.S.obj)
 .debug_info    0x000000000001646e      0x92f zephyr/arch/arch/arm/core/cortex_m/libarch__arm__core__cortex_m.a(irq_manage.c.obj)
 .debug_info    0x0000000000016d9d      0x493 zephyr/arch/arch/arm/core/cortex_m/libarch__arm__core__cortex_m.a(prep_c.c.obj)
 .debug_info    0x0000000000017230      0xb2a zephyr/arch/arch/arm/core/cortex_m/libarch__arm__core__cortex_m.a(thread.c.obj)
 .debug_info    0x0000000000017d5a      0x48b zephyr/arch/arch/arm/core/cortex_m/libarch__arm__core__cortex_m.a(cpu_idle.c.obj)
 .debug_info    0x00000000000181e5      0x5d8 zephyr/arch/arch/arm/core/cortex_m/libarch__arm__core__cortex_m.a(irq_init.c.obj)
 .debug_info    0x00000000000187bd      0x1a3 zephyr/arch/arch/arm/core/cortex_m/libarch__arm__core__cortex_m.a(isr_wrapper.c.obj)
 .debug_info    0x0000000000018960       0x23 zephyr/arch/arch/arm/core/cortex_m/libarch__arm__core__cortex_m.a(__aeabi_read_tp.S.obj)
 .debug_info    0x0000000000018983      0x756 zephyr/arch/arch/arm/core/mpu/libarch__arm__core__mpu.a(arm_core_mpu.c.obj)
 .debug_info    0x00000000000190d9     0x3dea zephyr/arch/arch/arm/core/mpu/libarch__arm__core__mpu.a(arm_mpu.c.obj)
 .debug_info    0x000000000001cec3      0x18e zephyr/arch/arch/arm/core/mpu/libarch__arm__core__mpu.a(arm_mpu_regions.c.obj)
 .debug_info    0x000000000001d051      0xf7d zephyr/lib/libc/picolibc/liblib__libc__picolibc.a(libc-hooks.c.obj)
 .debug_info    0x000000000001dfce      0xe02 zephyr/lib/libc/common/liblib__libc__common.a(malloc.c.obj)
 .debug_info    0x000000000001edd0      0xf42 zephyr/drivers/interrupt_controller/libdrivers__interrupt_controller.a(intc_exti_stm32.c.obj)
 .debug_info    0x000000000001fd12     0x1214 zephyr/drivers/clock_control/libdrivers__clock_control.a(clock_stm32_ll_common.c.obj)
 .debug_info    0x0000000000020f26      0x3c5 zephyr/drivers/clock_control/libdrivers__clock_control.a(clock_stm32f2_f4_f7.c.obj)
 .debug_info    0x00000000000212eb      0x9a8 zephyr/drivers/console/libdrivers__console.a(uart_console.c.obj)
 .debug_info    0x0000000000021c93     0x2ba8 zephyr/drivers/gpio/libdrivers__gpio.a(gpio_stm32.c.obj)
 .debug_info    0x000000000002483b      0x1b2 zephyr/drivers/pinctrl/libdrivers__pinctrl.a(common.c.obj)
 .debug_info    0x00000000000249ed      0x4a5 zephyr/drivers/pinctrl/libdrivers__pinctrl.a(pinctrl_stm32.c.obj)
 .debug_info    0x0000000000024e92      0x64b zephyr/drivers/reset/libdrivers__reset.a(reset_stm32.c.obj)
 .debug_info    0x00000000000254dd     0x6633 zephyr/drivers/serial/libdrivers__serial.a(uart_stm32.c.obj)
 .debug_info    0x000000000002bb10     0x1148 zephyr/drivers/timer/libdrivers__timer.a(cortex_m_systick.c.obj)